<?xml version='1.0' encoding='UTF-8'?>
<caom2:Observation xmlns:caom2="http://www.opencadc.org/caom2/xml/v2.4" xmlns:xsi="http://www.w3.org/2001/XMLSchema-instance" xsi:type="caom2:SimpleObservation" caom2:id="00000000-0000-0000-8eb2-1a0f1f22240c" caom2:lastModified="2018-10-06T02:28:50.091" caom2:maxLastModified="2018-10-06T02:28:50.091" caom2:metaChecksum="md5:0fe9995e5c988840711d5d2bcc8ed736" caom2:accMetaChecksum="md5:9ef8742d0aa51db009f4077cdff4783f" caom2:metaProducer="gem2caom2/0.8">
  <caom2:collection>GEMINI</caom2:collection>
  <caom2:observationID>GS-CAL20150410-1-007</caom2:observationID>
  <caom2:metaRelease>2015-04-10T10:23:44.900</caom2:metaRelease>
  <caom2:algorithm>
    <caom2:name>exposure</caom2:name>
  </caom2:algorithm>
  <caom2:type>DARK</caom2:type>
  <caom2:intent>calibration</caom2:intent>
  <caom2:proposal>
    <caom2:id>GS-CAL20150410</caom2:id>
  </caom2:proposal>
  <caom2:target>
    <caom2:name>Dark</caom2:name>
    <caom2:type>field</caom2:type>
  </caom2:target>
  <caom2:telescope>
    <caom2:name>Gemini-South</caom2:name>
    <caom2:geoLocationX>1820184.0557473274</caom2:geoLocationX>
    <caom2:geoLocationY>-5208320.066618682</caom2:geoLocationY>
    <caom2:geoLocationZ>-3194829.197152751</caom2:geoLocationZ>
  </caom2:telescope>
  <caom2:instrument>
    <caom2:name>GPI</caom2:name>
  </caom2:instrument>
  <caom2:planes>
    <caom2:plane caom2:id="00000000-0000-0000-b4a6-3934eb8aca0f" caom2:lastModified="2018-10-06T02:28:50.091" caom2:maxLastModified="2018-10-06T02:28:50.091" caom2:metaChecksum="md5:bf26cb06e748a6a2de0965415d5ca2e5" caom2:accMetaChecksum="md5:9381eaa8895774a40597c28da4c68a00" caom2:metaProducer="gem2caom2/0.8">
      <caom2:productID>S20150410S0541</caom2:productID>
      <caom2:metaRelease>2015-04-10T10:23:44.900</caom2:metaRelease>
      <caom2:dataRelease>2015-04-10T00:00:00.000</caom2:dataRelease>
      <caom2:dataProductType>image</caom2:dataProductType>
      <caom2:calibrationLevel>1</caom2:calibrationLevel>
      <caom2:provenance>
        <caom2:name>Gemini Observatory Data</caom2:name>
        <caom2:project>Gemini Archive</caom2:project>
        <caom2:producer>Gemini Observatory</caom2:producer>
        <caom2:reference>http://archive.gemini.edu/searchform/GS-CAL20150410-1-007</caom2:reference>
      </caom2:provenance>
      <caom2:artifacts>
        <caom2:artifact caom2:id="00000000-0000-0000-98ce-7643e2434937" caom2:lastModified="2018-10-06T02:28:50.091" caom2:maxLastModified="2018-10-06T02:28:50.091" caom2:metaChecksum="md5:84bd4f23e5dd1a20bde04c24b74091fc" caom2:accMetaChecksum="md5:993f0051fb97ee5ded2c96059465be92" caom2:metaProducer="gem2caom2/0.8">
          <caom2:uri>gemini:GEM/S20150410S0541.fits</caom2:uri>
          <caom2:productType>calibration</caom2:productType>
          <caom2:releaseType>data</caom2:releaseType>
          <caom2:contentType>application/fits</caom2:contentType>
          <caom2:contentLength>21006720</caom2:contentLength>
          <caom2:contentChecksum>md5:d60168a6d5598fc683ef14b03fa529b7</caom2:contentChecksum>
          <caom2:parts>
            <caom2:part caom2:id="00000000-0000-0000-9fa1-2d051a51e1bd">
              <caom2:name>0</caom2:name>
              <caom2:chunks/>
            </caom2:part>
            <caom2:part caom2:id="00000000-0000-0000-8d79-1e73490cab8d">
              <caom2:name>1</caom2:name>
              <caom2:chunks>
                <caom2:chunk caom2:id="00000000-0000-0000-874e-96c982f6b008" caom2:metaProducer="gem2caom2/0.8">
                  <caom2:naxis>2</caom2:naxis>
                  <caom2:positionAxis1>1</caom2:positionAxis1>
                  <caom2:positionAxis2>2</caom2:positionAxis2>
                  <caom2:position>
                    <caom2:axis>
                      <caom2:axis1>
                        <caom2:ctype>RA---TAN</caom2:ctype>
                        <caom2:cunit>deg</caom2:cunit>
                      </caom2:axis1>
                      <caom2:axis2>
                        <caom2:ctype>DEC--TAN</caom2:ctype>
                        <caom2:cunit>deg</caom2:cunit>
                      </caom2:axis2>
                      <caom2:function>
                        <caom2:dimension>
                          <caom2:naxis1>2048</caom2:naxis1>
                          <caom2:naxis2>2048</caom2:naxis2>
                        </caom2:dimension>
                        <caom2:refCoord>
                          <caom2:coord1>
                            <caom2:pix>1024.0</caom2:pix>
                            <caom2:val>282.339870957073</caom2:val>
                          </caom2:coord1>
                          <caom2:coord2>
                            <caom2:pix>1024.0</caom2:pix>
                            <caom2:val>-1.630800003333</caom2:val>
                          </caom2:coord2>
                        </caom2:refCoord>
                        <caom2:cd11>3.79774305555555e-07</caom2:cd11>
                        <caom2:cd12>0.0</caom2:cd12>
                        <caom2:cd21>0.0</caom2:cd21>
                        <caom2:cd22>3.79774305555555e-07</caom2:cd22>
                      </caom2:function>
                    </caom2:axis>
                    <caom2:coordsys>FK5</caom2:coordsys>
                    <caom2:equinox>2000.0</caom2:equinox>
                  </caom2:position>
                  <caom2:time>
                    <caom2:axis>
                      <caom2:axis>
                        <caom2:ctype>TIME</caom2:ctype>
                        <caom2:cunit>d</caom2:cunit>
                      </caom2:axis>
                      <caom2:error>
                        <caom2:syser>1e-07</caom2:syser>
                        <caom2:rnder>1e-07</caom2:rnder>
                      </caom2:error>
                      <caom2:function>
                        <caom2:naxis>1</caom2:naxis>
                        <caom2:delta>1.68379629629629e-05</caom2:delta>
                        <caom2:refCoord>
                          <caom2:pix>0.5</caom2:pix>
                          <caom2:val>57122.43315856482</caom2:val>
                        </caom2:refCoord>
                      </caom2:function>
                    </caom2:axis>
                    <caom2:timesys>UTC</caom2:timesys>
                    <caom2:exposure>1.4548</caom2:exposure>
                    <caom2:resolution>1.4548</caom2:resolution>
                  </caom2:time>
                </caom2:chunk>
              </caom2:chunks>
            </caom2:part>
            <caom2:part caom2:id="00000000-0000-0000-a58e-fb1f2480aa05">
              <caom2:name>2</caom2:name>
              <caom2:chunks/>
            </caom2:part>
          </caom2:parts>
        </caom2:artifact>
        <caom2:artifact caom2:id="00000000-0000-0000-91a8-93ef3934c087" caom2:lastModified="2018-10-06T02:28:50.091" caom2:maxLastModified="2018-10-06T02:28:50.091" caom2:metaChecksum="md5:e2d677be4889cbe45763596dda90a6da" caom2:accMetaChecksum="md5:8dbd5ce33ddf032af1332cec5c1b236a" caom2:metaProducer="gem2caom2/0.8">
          <caom2:uri>gemini:GEM/S20150410S0541.jpg</caom2:uri>
          <caom2:productType>preview</caom2:productType>
          <caom2:releaseType>data</caom2:releaseType>
          <caom2:contentType>image/jpeg</caom2:contentType>
          <caom2:parts/>
        </caom2:artifact>
      </caom2:artifacts>
    </caom2:plane>
  </caom2:planes>
</caom2:Observation>
