<?xml version='1.0' encoding='UTF-8'?>
<caom2:Observation xmlns:caom2="http://www.opencadc.org/caom2/xml/v2.3" xmlns:xsi="http://www.w3.org/2001/XMLSchema-instance" xsi:type="caom2:SimpleObservation" caom2:id="00000000-0000-0000-ab1a-ba910019af0f" caom2:lastModified="2018-10-26T23:19:38.027" caom2:maxLastModified="2018-10-26T23:19:38.027" caom2:metaChecksum="md5:2b5ef358e11e22c7ddbaad808e9d75b4" caom2:accMetaChecksum="md5:8ee2dd533a961dfab8b9c97ed28d548a">
  <caom2:collection>GEMINI</caom2:collection>
  <caom2:observationID>GN-2009B-C-1-62-001</caom2:observationID>
  <caom2:metaRelease>2010-01-31T13:39:26.300</caom2:metaRelease>
  <caom2:algorithm>
    <caom2:name>exposure</caom2:name>
  </caom2:algorithm>
  <caom2:type>ACQUISITION</caom2:type>
  <caom2:intent>calibration</caom2:intent>
  <caom2:proposal>
    <caom2:id>GN-2009B-C-1</caom2:id>
    <caom2:pi>Daniel Caputo</caom2:pi>
    <caom2:title>PAH Formation around Carbon Stars and the Limit of the Hot Companion</caom2:title>
  </caom2:proposal>
  <caom2:target>
    <caom2:name>V Hya</caom2:name>
    <caom2:type>field</caom2:type>
  </caom2:target>
  <caom2:telescope>
    <caom2:name>Gemini-North</caom2:name>
    <caom2:geoLocationX>-5464284.386715498</caom2:geoLocationX>
    <caom2:geoLocationY>-2493782.3091076654</caom2:geoLocationY>
    <caom2:geoLocationZ>2150786.380689657</caom2:geoLocationZ>
  </caom2:telescope>
  <caom2:instrument>
    <caom2:name>michelle</caom2:name>
  </caom2:instrument>
  <caom2:planes>
    <caom2:plane caom2:id="00000000-0000-0000-aa6a-9bd09c9b9bcc" caom2:lastModified="2018-10-26T23:19:38.027" caom2:maxLastModified="2018-10-26T23:19:38.027" caom2:metaChecksum="md5:33e179a236e3dc65bcb4f669272f5527" caom2:accMetaChecksum="md5:270951f38c23879b3b316629c18ad04a">
      <caom2:productID>N20100131S0131</caom2:productID>
      <caom2:metaRelease>2010-01-31T13:39:26.300</caom2:metaRelease>
      <caom2:dataRelease>2011-07-31T00:00:00.000</caom2:dataRelease>
      <caom2:dataProductType>image</caom2:dataProductType>
      <caom2:calibrationLevel>1</caom2:calibrationLevel>
      <caom2:provenance>
        <caom2:name>Gemini Observatory Data</caom2:name>
        <caom2:project>Gemini Archive</caom2:project>
        <caom2:producer>Gemini Observatory</caom2:producer>
        <caom2:reference>http://archive.gemini.edu/searchform/GN-2009B-C-1-62-001</caom2:reference>
      </caom2:provenance>
      <caom2:position/>
      <caom2:energy/>
      <caom2:time/>
      <caom2:polarization/>
      <caom2:artifacts>
        <caom2:artifact caom2:id="00000000-0000-0000-9db9-1ca410c9be8e" caom2:lastModified="2018-10-26T23:19:38.027" caom2:maxLastModified="2018-10-26T23:19:38.027" caom2:metaChecksum="md5:547d12ac53f012e4cab5a32733f77001" caom2:accMetaChecksum="md5:243d7108a78bda4527e06b8fb31222be">
          <caom2:uri>gemini:GEM/N20100131S0131.fits</caom2:uri>
          <caom2:productType>calibration</caom2:productType>
          <caom2:releaseType>data</caom2:releaseType>
          <caom2:contentType>application/fits</caom2:contentType>
          <caom2:contentLength>941760</caom2:contentLength>
          <caom2:contentChecksum>md5:df0cca0adad11577356fe319b8acef6e</caom2:contentChecksum>
          <caom2:parts>
            <caom2:part caom2:id="00000000-0000-0000-9853-aa74fdac5327">
              <caom2:name>0</caom2:name>
              <caom2:chunks/>
            </caom2:part>
            <caom2:part caom2:id="00000000-0000-0000-9fed-6923139c106f">
              <caom2:name>1</caom2:name>
              <caom2:chunks>
                <caom2:chunk caom2:id="00000000-0000-0000-90e5-1b7611751252">
                  <caom2:naxis>4</caom2:naxis>
                  <caom2:positionAxis1>1</caom2:positionAxis1>
                  <caom2:positionAxis2>2</caom2:positionAxis2>
                  <caom2:timeAxis>3</caom2:timeAxis>
                  <caom2:position>
                    <caom2:axis>
                      <caom2:axis1>
                        <caom2:ctype>RA---TAN</caom2:ctype>
                        <caom2:cunit>deg</caom2:cunit>
                      </caom2:axis1>
                      <caom2:axis2>
                        <caom2:ctype>DEC--TAN</caom2:ctype>
                        <caom2:cunit>deg</caom2:cunit>
                      </caom2:axis2>
                      <caom2:function>
                        <caom2:dimension>
                          <caom2:naxis1>320</caom2:naxis1>
                          <caom2:naxis2>240</caom2:naxis2>
                        </caom2:dimension>
                        <caom2:refCoord>
                          <caom2:coord1>
                            <caom2:pix>160.311036</caom2:pix>
                            <caom2:val>162.904343</caom2:val>
                          </caom2:coord1>
                          <caom2:coord2>
                            <caom2:pix>122.270883</caom2:pix>
                            <caom2:val>-21.251289</caom2:val>
                          </caom2:coord2>
                        </caom2:refCoord>
                        <caom2:cd11>-0.0</caom2:cd11>
                        <caom2:cd12>-2.8e-05</caom2:cd12>
                        <caom2:cd21>-2.8e-05</caom2:cd21>
                        <caom2:cd22>0.0</caom2:cd22>
                      </caom2:function>
                    </caom2:axis>
                    <caom2:coordsys>FK5</caom2:coordsys>
                    <caom2:equinox>2000.0</caom2:equinox>
                  </caom2:position>
                  <caom2:energy>
                    <caom2:axis>
                      <caom2:axis>
                        <caom2:ctype>WAVE</caom2:ctype>
                        <caom2:cunit>um</caom2:cunit>
                      </caom2:axis>
                      <caom2:range>
                        <caom2:start>
                          <caom2:pix>0.5</caom2:pix>
                          <caom2:val>11.14</caom2:val>
                        </caom2:start>
                        <caom2:end>
                          <caom2:pix>1.5</caom2:pix>
                          <caom2:val>12.25</caom2:val>
                        </caom2:end>
                      </caom2:range>
                    </caom2:axis>
                    <caom2:specsys>TOPOCENT</caom2:specsys>
                    <caom2:ssysobs>TOPOCENT</caom2:ssysobs>
                    <caom2:ssyssrc>TOPOCENT</caom2:ssyssrc>
                    <caom2:bandpassName>I116B9</caom2:bandpassName>
                    <caom2:resolvingPower>10.536036036036036</caom2:resolvingPower>
                  </caom2:energy>
                  <caom2:time>
                    <caom2:axis>
                      <caom2:axis>
                        <caom2:ctype>TIME</caom2:ctype>
                        <caom2:cunit>d</caom2:cunit>
                      </caom2:axis>
                      <caom2:error>
                        <caom2:syser>1e-07</caom2:syser>
                        <caom2:rnder>1e-07</caom2:rnder>
                      </caom2:error>
                      <caom2:function>
                        <caom2:naxis>1</caom2:naxis>
                        <caom2:delta>0.00015</caom2:delta>
                        <caom2:refCoord>
                          <caom2:pix>0.5</caom2:pix>
                          <caom2:val>55227.56905439815</caom2:val>
                        </caom2:refCoord>
                      </caom2:function>
                    </caom2:axis>
                    <caom2:timesys>UTC</caom2:timesys>
                    <caom2:exposure>12.96</caom2:exposure>
                    <caom2:resolution>12.96</caom2:resolution>
                  </caom2:time>
                </caom2:chunk>
              </caom2:chunks>
            </caom2:part>
          </caom2:parts>
        </caom2:artifact>
        <caom2:artifact caom2:id="00000000-0000-0000-9444-aaa5f5efe412" caom2:lastModified="2018-10-26T23:19:38.027" caom2:maxLastModified="2018-10-26T23:19:38.027" caom2:metaChecksum="md5:07fba6e217f32ce968d9f62d4b39d7fd" caom2:accMetaChecksum="md5:f2f7c4bdb94b0e8aaa6ef7f7c62a59c2">
          <caom2:uri>gemini:GEM/N20100131S0131.jpg</caom2:uri>
          <caom2:productType>preview</caom2:productType>
          <caom2:releaseType>data</caom2:releaseType>
          <caom2:contentType>image/jpeg</caom2:contentType>
          <caom2:parts/>
        </caom2:artifact>
      </caom2:artifacts>
    </caom2:plane>
  </caom2:planes>
</caom2:Observation>
