<?xml version='1.0' encoding='UTF-8'?>
<caom2:Observation xmlns:caom2="http://www.opencadc.org/caom2/xml/v2.3" xmlns:xsi="http://www.w3.org/2001/XMLSchema-instance" xsi:type="caom2:SimpleObservation" caom2:id="00000000-0000-0000-5123-01246e4c9702">
  <caom2:collection>GEMINI</caom2:collection>
  <caom2:observationID>S20190912Z0264</caom2:observationID>
  <caom2:metaRelease>2019-09-12T22:46:10.012</caom2:metaRelease>
  <caom2:algorithm>
    <caom2:name>exposure</caom2:name>
  </caom2:algorithm>
  <caom2:type>ZERO</caom2:type>
  <caom2:intent>calibration</caom2:intent>
  <caom2:proposal>
    <caom2:id>GS-2019B-FT-103</caom2:id>
    <caom2:pi>Laura Trouille</caom2:pi>
    <caom2:title>Towards Validating Planet Hunters TESS Planet Candidates with Zorro</caom2:title>
  </caom2:proposal>
  <caom2:target>
    <caom2:name>Zenith</caom2:name>
    <caom2:type>object</caom2:type>
  </caom2:target>
  <caom2:telescope>
    <caom2:name>Gemini-South</caom2:name>
    <caom2:geoLocationX>1820184.0557473274</caom2:geoLocationX>
    <caom2:geoLocationY>-5208320.066618682</caom2:geoLocationY>
    <caom2:geoLocationZ>-3194829.197152751</caom2:geoLocationZ>
  </caom2:telescope>
  <caom2:instrument>
    <caom2:name>Zorro</caom2:name>
  </caom2:instrument>
  <caom2:planes>
    <caom2:plane caom2:id="00000000-0000-0000-0123-01247c90c006">
      <caom2:productID>S20190912Z0264b</caom2:productID>
      <caom2:metaRelease>2019-09-12T22:46:10.012</caom2:metaRelease>
      <caom2:dataRelease>2020-03-13T00:00:00.000</caom2:dataRelease>
      <caom2:dataProductType>image</caom2:dataProductType>
      <caom2:calibrationLevel>1</caom2:calibrationLevel>
      <caom2:provenance>
        <caom2:name>Gemini Observatory Data</caom2:name>
        <caom2:project>Gemini Archive</caom2:project>
        <caom2:producer>Gemini Observatory</caom2:producer>
        <caom2:reference>http://archive.gemini.edu/searchform/filepre=S20190912Z0264b.fits</caom2:reference>
      </caom2:provenance>
      <caom2:artifacts>
        <caom2:artifact caom2:id="a39858bb-c9c3-420b-82ac-8974e3c73ff1">
          <caom2:uri>gemini:GEM/S20190912Z0264b.fits</caom2:uri>
          <caom2:productType>calibration</caom2:productType>
          <caom2:releaseType>data</caom2:releaseType>
          <caom2:contentType>application/fits</caom2:contentType>
          <caom2:contentLength>131094720</caom2:contentLength>
          <caom2:contentChecksum>md5:56685678eee2b3acda8986adbe0f88e8</caom2:contentChecksum>
          <caom2:parts>
            <caom2:part caom2:id="881afc72-9fe4-4ca4-8a40-a74aecf3e14a">
              <caom2:name>0</caom2:name>
              <caom2:chunks>
                <caom2:chunk caom2:id="259591a8-6555-4c83-b0dc-0ea6e61e46d7">
                  <caom2:naxis>3</caom2:naxis>
                  <caom2:positionAxis1>2</caom2:positionAxis1>
                  <caom2:positionAxis2>1</caom2:positionAxis2>
                  <caom2:timeAxis>3</caom2:timeAxis>
                  <caom2:position>
                    <caom2:axis>
                      <caom2:axis1>
                        <caom2:ctype>RA---TAN</caom2:ctype>
                      </caom2:axis1>
                      <caom2:axis2>
                        <caom2:ctype>DEC--TAN</caom2:ctype>
                      </caom2:axis2>
                      <caom2:function>
                        <caom2:dimension>
                          <caom2:naxis1>256</caom2:naxis1>
                          <caom2:naxis2>256</caom2:naxis2>
                        </caom2:dimension>
                        <caom2:refCoord>
                          <caom2:coord1>
                            <caom2:pix>128.0</caom2:pix>
                            <caom2:val>262.1833333333333</caom2:val>
                          </caom2:coord1>
                          <caom2:coord2>
                            <caom2:pix>128.0</caom2:pix>
                            <caom2:val>-30.28555555555556</caom2:val>
                          </caom2:coord2>
                        </caom2:refCoord>
                        <caom2:cd11>-0.0</caom2:cd11>
                        <caom2:cd12>-2.0138889e-05</caom2:cd12>
                        <caom2:cd21>2.0138889e-05</caom2:cd21>
                        <caom2:cd22>-0.0</caom2:cd22>
                      </caom2:function>
                    </caom2:axis>
                  </caom2:position>
                  <caom2:energy>
                    <caom2:axis>
                      <caom2:axis>
                        <caom2:ctype>WAVE</caom2:ctype>
                        <caom2:cunit>um</caom2:cunit>
                      </caom2:axis>
                      <caom2:range>
                        <caom2:start>
                          <caom2:pix>0.5</caom2:pix>
                          <caom2:val>0.32981666666666903</caom2:val>
                        </caom2:start>
                        <caom2:end>
                          <caom2:pix>1.5</caom2:pix>
                          <caom2:val>0.374465909090911</caom2:val>
                        </caom2:end>
                      </caom2:range>
                    </caom2:axis>
                    <caom2:specsys>TOPOCENT</caom2:specsys>
                    <caom2:ssysobs>TOPOCENT</caom2:ssysobs>
                    <caom2:ssyssrc>TOPOCENT</caom2:ssyssrc>
                    <caom2:bandpassName>Blue-u</caom2:bandpassName>
                    <caom2:resolvingPower>7.886836791828685</caom2:resolvingPower>
                  </caom2:energy>
                  <caom2:time>
                    <caom2:axis>
                      <caom2:axis>
                        <caom2:ctype>TIME</caom2:ctype>
                        <caom2:cunit>d</caom2:cunit>
                      </caom2:axis>
                      <caom2:error>
                        <caom2:syser>1e-07</caom2:syser>
                        <caom2:rnder>1e-07</caom2:rnder>
                      </caom2:error>
                      <caom2:function>
                        <caom2:naxis>1000</caom2:naxis>
                        <caom2:delta>6.94444444444444e-07</caom2:delta>
                        <caom2:refCoord>
                          <caom2:pix>0.5</caom2:pix>
                          <caom2:val>58738.948727</caom2:val>
                        </caom2:refCoord>
                      </caom2:function>
                    </caom2:axis>
                    <caom2:timesys>UTC</caom2:timesys>
                    <caom2:exposure>60.0</caom2:exposure>
                    <caom2:resolution>0.06</caom2:resolution>
                  </caom2:time>
                </caom2:chunk>
              </caom2:chunks>
            </caom2:part>
          </caom2:parts>
        </caom2:artifact>
      </caom2:artifacts>
    </caom2:plane>
    <caom2:plane caom2:id="4cedfc85-be24-4ad6-bb52-1e75e5f1f26a">
      <caom2:productID>S20190912Z0264r</caom2:productID>
      <caom2:metaRelease>2019-09-12T22:46:10.012</caom2:metaRelease>
      <caom2:dataRelease>2020-03-13T00:00:00.000</caom2:dataRelease>
      <caom2:dataProductType>image</caom2:dataProductType>
      <caom2:calibrationLevel>1</caom2:calibrationLevel>
      <caom2:provenance>
        <caom2:name>Gemini Observatory Data</caom2:name>
        <caom2:project>Gemini Archive</caom2:project>
        <caom2:producer>Gemini Observatory</caom2:producer>
        <caom2:reference>http://archive.gemini.edu/searchform/filepre=S20190912Z0264r.fits</caom2:reference>
      </caom2:provenance>
      <caom2:artifacts>
        <caom2:artifact caom2:id="8ecaec80-e820-4e03-8e62-97104dd02b74">
          <caom2:uri>gemini:GEM/S20190912Z0264r.fits</caom2:uri>
          <caom2:productType>calibration</caom2:productType>
          <caom2:releaseType>data</caom2:releaseType>
          <caom2:contentType>application/fits</caom2:contentType>
          <caom2:contentLength>131094720</caom2:contentLength>
          <caom2:contentChecksum>md5:f7249563691e31dec16bd3c76f2acc31</caom2:contentChecksum>
          <caom2:parts>
            <caom2:part caom2:id="44d2302e-0f20-49df-905f-de71aba40245">
              <caom2:name>0</caom2:name>
              <caom2:chunks>
                <caom2:chunk caom2:id="2437bfc9-56c7-4a1d-9cf2-11814a0e6d4e">
                  <caom2:naxis>3</caom2:naxis>
                  <caom2:positionAxis1>2</caom2:positionAxis1>
                  <caom2:positionAxis2>1</caom2:positionAxis2>
                  <caom2:timeAxis>3</caom2:timeAxis>
                  <caom2:position>
                    <caom2:axis>
                      <caom2:axis1>
                        <caom2:ctype>RA---TAN</caom2:ctype>
                      </caom2:axis1>
                      <caom2:axis2>
                        <caom2:ctype>DEC--TAN</caom2:ctype>
                      </caom2:axis2>
                      <caom2:function>
                        <caom2:dimension>
                          <caom2:naxis1>256</caom2:naxis1>
                          <caom2:naxis2>256</caom2:naxis2>
                        </caom2:dimension>
                        <caom2:refCoord>
                          <caom2:coord1>
                            <caom2:pix>128.0</caom2:pix>
                            <caom2:val>262.1833333333333</caom2:val>
                          </caom2:coord1>
                          <caom2:coord2>
                            <caom2:pix>128.0</caom2:pix>
                            <caom2:val>-30.28555555555556</caom2:val>
                          </caom2:coord2>
                        </caom2:refCoord>
                        <caom2:cd11>0.0</caom2:cd11>
                        <caom2:cd12>2.0138889e-05</caom2:cd12>
                        <caom2:cd21>2.0138889e-05</caom2:cd21>
                        <caom2:cd22>-0.0</caom2:cd22>
                      </caom2:function>
                    </caom2:axis>
                  </caom2:position>
                  <caom2:energy>
                    <caom2:axis>
                      <caom2:axis>
                        <caom2:ctype>WAVE</caom2:ctype>
                        <caom2:cunit>um</caom2:cunit>
                      </caom2:axis>
                      <caom2:range>
                        <caom2:start>
                          <caom2:pix>0.5</caom2:pix>
                          <caom2:val>0.69128070175439</caom2:val>
                        </caom2:start>
                        <caom2:end>
                          <caom2:pix>1.5</caom2:pix>
                          <caom2:val>0.83890374331551</caom2:val>
                        </caom2:end>
                      </caom2:range>
                    </caom2:axis>
                    <caom2:specsys>TOPOCENT</caom2:specsys>
                    <caom2:ssysobs>TOPOCENT</caom2:ssysobs>
                    <caom2:ssyssrc>TOPOCENT</caom2:ssyssrc>
                    <caom2:bandpassName>Red-i</caom2:bandpassName>
                    <caom2:resolvingPower>5.182742574899331</caom2:resolvingPower>
                  </caom2:energy>
                  <caom2:time>
                    <caom2:axis>
                      <caom2:axis>
                        <caom2:ctype>TIME</caom2:ctype>
                        <caom2:cunit>d</caom2:cunit>
                      </caom2:axis>
                      <caom2:error>
                        <caom2:syser>1e-07</caom2:syser>
                        <caom2:rnder>1e-07</caom2:rnder>
                      </caom2:error>
                      <caom2:function>
                        <caom2:naxis>1000</caom2:naxis>
                        <caom2:delta>6.94444444444444e-07</caom2:delta>
                        <caom2:refCoord>
                          <caom2:pix>0.5</caom2:pix>
                          <caom2:val>58738.948727</caom2:val>
                        </caom2:refCoord>
                      </caom2:function>
                    </caom2:axis>
                    <caom2:timesys>UTC</caom2:timesys>
                    <caom2:exposure>60.0</caom2:exposure>
                    <caom2:resolution>0.06</caom2:resolution>
                  </caom2:time>
                </caom2:chunk>
              </caom2:chunks>
            </caom2:part>
          </caom2:parts>
        </caom2:artifact>
      </caom2:artifacts>
    </caom2:plane>
  </caom2:planes>
</caom2:Observation>
