<?xml version='1.0' encoding='UTF-8'?>
<caom2:Observation xmlns:caom2="http://www.opencadc.org/caom2/xml/v2.4" xmlns:xsi="http://www.w3.org/2001/XMLSchema-instance" xsi:type="caom2:SimpleObservation" caom2:id="00000000-0000-0000-0123-01246e4c9701" caom2:metaProducer="gem2caom2/0.8">
  <caom2:collection>GEMINI</caom2:collection>
  <caom2:observationID>S20190716Z0925</caom2:observationID>
  <caom2:metaRelease>2019-07-16T10:28:29.020</caom2:metaRelease>
  <caom2:algorithm>
    <caom2:name>exposure</caom2:name>
  </caom2:algorithm>
  <caom2:type>OBJECT</caom2:type>
  <caom2:intent>science</caom2:intent>
  <caom2:proposal>
    <caom2:id>GS-2019A-DD-109</caom2:id>
    <caom2:pi>Chris Lintott</caom2:pi>
    <caom2:title>Towards Validating the Longest Period TESS Planet Candidate</caom2:title>
  </caom2:proposal>
  <caom2:target>
    <caom2:name>HIP 28909</caom2:name>
    <caom2:type>object</caom2:type>
  </caom2:target>
  <caom2:telescope>
    <caom2:name>Gemini-South</caom2:name>
    <caom2:geoLocationX>1820184.0557473274</caom2:geoLocationX>
    <caom2:geoLocationY>-5208320.066618682</caom2:geoLocationY>
    <caom2:geoLocationZ>-3194829.197152751</caom2:geoLocationZ>
  </caom2:telescope>
  <caom2:instrument>
    <caom2:name>Zorro</caom2:name>
  </caom2:instrument>
  <caom2:planes>
    <caom2:plane caom2:id="00000000-0000-0000-0123-01247c90c001" caom2:metaProducer="gem2caom2/0.8">
      <caom2:productID>S20190716Z0925r</caom2:productID>
      <caom2:metaRelease>2019-07-16T10:28:29.020</caom2:metaRelease>
      <caom2:dataRelease>2020-07-15T00:00:00.000</caom2:dataRelease>
      <caom2:dataProductType>image</caom2:dataProductType>
      <caom2:calibrationLevel>1</caom2:calibrationLevel>
      <caom2:provenance>
        <caom2:name>Gemini Observatory Data</caom2:name>
        <caom2:project>Gemini Archive</caom2:project>
        <caom2:producer>Gemini Observatory</caom2:producer>
        <caom2:reference>http://archive.gemini.edu/searchform/filepre=S20190716Z0925r.fits</caom2:reference>
      </caom2:provenance>
      <caom2:artifacts>
        <caom2:artifact caom2:id="263f64b5-3f44-48d9-b0de-f64a9d9c9c30" caom2:metaProducer="gem2caom2/0.8">
          <caom2:uri>gemini:GEM/S20190716Z0925r.fits</caom2:uri>
          <caom2:productType>science</caom2:productType>
          <caom2:releaseType>data</caom2:releaseType>
          <caom2:contentType>application/fits</caom2:contentType>
          <caom2:contentLength>131094720</caom2:contentLength>
          <caom2:contentChecksum>md5:601c29a81410ef985e8f8a0e90f57052</caom2:contentChecksum>
          <caom2:parts>
            <caom2:part caom2:id="30f09c81-276a-4103-a1ab-f839cbad513b">
              <caom2:name>0</caom2:name>
              <caom2:chunks>
                <caom2:chunk caom2:id="99cbf2f4-adfa-4190-a1de-9ed084e53b97" caom2:metaProducer="gem2caom2/0.8">
                  <caom2:naxis>3</caom2:naxis>
                  <caom2:positionAxis1>2</caom2:positionAxis1>
                  <caom2:positionAxis2>1</caom2:positionAxis2>
                  <caom2:timeAxis>3</caom2:timeAxis>
                  <caom2:position>
                    <caom2:axis>
                      <caom2:axis1>
                        <caom2:ctype>RA---TAN</caom2:ctype>
                      </caom2:axis1>
                      <caom2:axis2>
                        <caom2:ctype>DEC--TAN</caom2:ctype>
                      </caom2:axis2>
                      <caom2:function>
                        <caom2:dimension>
                          <caom2:naxis1>256</caom2:naxis1>
                          <caom2:naxis2>256</caom2:naxis2>
                        </caom2:dimension>
                        <caom2:refCoord>
                          <caom2:coord1>
                            <caom2:pix>128.0</caom2:pix>
                            <caom2:val>91.53750000000001</caom2:val>
                          </caom2:coord1>
                          <caom2:coord2>
                            <caom2:pix>128.0</caom2:pix>
                            <caom2:val>-66.03944444444444</caom2:val>
                          </caom2:coord2>
                        </caom2:refCoord>
                        <caom2:cd11>0.0</caom2:cd11>
                        <caom2:cd12>2.0138889e-05</caom2:cd12>
                        <caom2:cd21>2.0138889e-05</caom2:cd21>
                        <caom2:cd22>-0.0</caom2:cd22>
                      </caom2:function>
                    </caom2:axis>
                    <caom2:equinox>2000.0</caom2:equinox>
                  </caom2:position>
                  <caom2:energy>
                    <caom2:axis>
                      <caom2:axis>
                        <caom2:ctype>WAVE</caom2:ctype>
                        <caom2:cunit>um</caom2:cunit>
                      </caom2:axis>
                      <caom2:range>
                        <caom2:start>
                          <caom2:pix>0.5</caom2:pix>
                          <caom2:val>0.8118096218215365</caom2:val>
                        </caom2:start>
                        <caom2:end>
                          <caom2:pix>1.5</caom2:pix>
                          <caom2:val>0.8522158995294036</caom2:val>
                        </caom2:end>
                      </caom2:range>
                    </caom2:axis>
                    <caom2:specsys>TOPOCENT</caom2:specsys>
                    <caom2:ssysobs>TOPOCENT</caom2:ssysobs>
                    <caom2:ssyssrc>TOPOCENT</caom2:ssyssrc>
                    <caom2:bandpassName>Red-832</caom2:bandpassName>
                    <caom2:resolvingPower>20.591175625996332</caom2:resolvingPower>
                  </caom2:energy>
                  <caom2:time>
                    <caom2:axis>
                      <caom2:axis>
                        <caom2:ctype>TIME</caom2:ctype>
                        <caom2:cunit>d</caom2:cunit>
                      </caom2:axis>
                      <caom2:error>
                        <caom2:syser>1e-07</caom2:syser>
                        <caom2:rnder>1e-07</caom2:rnder>
                      </caom2:error>
                      <caom2:function>
                        <caom2:naxis>1000</caom2:naxis>
                        <caom2:delta>6.94444444444444e-07</caom2:delta>
                        <caom2:refCoord>
                          <caom2:pix>0.5</caom2:pix>
                          <caom2:val>58680.436447</caom2:val>
                        </caom2:refCoord>
                      </caom2:function>
                    </caom2:axis>
                    <caom2:timesys>UTC</caom2:timesys>
                    <caom2:exposure>60.0</caom2:exposure>
                    <caom2:resolution>0.06</caom2:resolution>
                  </caom2:time>
                </caom2:chunk>
              </caom2:chunks>
            </caom2:part>
          </caom2:parts>
        </caom2:artifact>
      </caom2:artifacts>
    </caom2:plane>
    <caom2:plane caom2:id="3784aa50-b002-4638-8f57-86b756144af2" caom2:metaProducer="gem2caom2/0.8">
      <caom2:productID>S20190716Z0925b</caom2:productID>
      <caom2:metaRelease>2019-07-16T10:28:29.020</caom2:metaRelease>
      <caom2:dataRelease>2020-07-15T00:00:00.000</caom2:dataRelease>
      <caom2:dataProductType>image</caom2:dataProductType>
      <caom2:calibrationLevel>1</caom2:calibrationLevel>
      <caom2:provenance>
        <caom2:name>Gemini Observatory Data</caom2:name>
        <caom2:project>Gemini Archive</caom2:project>
        <caom2:producer>Gemini Observatory</caom2:producer>
        <caom2:reference>http://archive.gemini.edu/searchform/filepre=S20190716Z0925b.fits</caom2:reference>
      </caom2:provenance>
      <caom2:artifacts>
        <caom2:artifact caom2:id="20df4b83-37cf-4d8e-8c3a-010a5f0b088f" caom2:metaProducer="gem2caom2/0.8">
          <caom2:uri>gemini:GEM/S20190716Z0925b.fits</caom2:uri>
          <caom2:productType>science</caom2:productType>
          <caom2:releaseType>data</caom2:releaseType>
          <caom2:contentType>application/fits</caom2:contentType>
          <caom2:contentLength>131094720</caom2:contentLength>
          <caom2:contentChecksum>md5:4f0a662fe78a4e1c844371fcac90dfef</caom2:contentChecksum>
          <caom2:parts>
            <caom2:part caom2:id="31f8ccdb-d6e4-46ab-a434-ed913982035e">
              <caom2:name>0</caom2:name>
              <caom2:chunks>
                <caom2:chunk caom2:id="38f60c48-bf1b-4a37-86e6-5c11f0aa588f" caom2:metaProducer="gem2caom2/0.8">
                  <caom2:naxis>3</caom2:naxis>
                  <caom2:positionAxis1>2</caom2:positionAxis1>
                  <caom2:positionAxis2>1</caom2:positionAxis2>
                  <caom2:timeAxis>3</caom2:timeAxis>
                  <caom2:position>
                    <caom2:axis>
                      <caom2:axis1>
                        <caom2:ctype>RA---TAN</caom2:ctype>
                      </caom2:axis1>
                      <caom2:axis2>
                        <caom2:ctype>DEC--TAN</caom2:ctype>
                      </caom2:axis2>
                      <caom2:function>
                        <caom2:dimension>
                          <caom2:naxis1>256</caom2:naxis1>
                          <caom2:naxis2>256</caom2:naxis2>
                        </caom2:dimension>
                        <caom2:refCoord>
                          <caom2:coord1>
                            <caom2:pix>128.0</caom2:pix>
                            <caom2:val>91.53750000000001</caom2:val>
                          </caom2:coord1>
                          <caom2:coord2>
                            <caom2:pix>128.0</caom2:pix>
                            <caom2:val>-66.03944444444444</caom2:val>
                          </caom2:coord2>
                        </caom2:refCoord>
                        <caom2:cd11>-0.0</caom2:cd11>
                        <caom2:cd12>-2.0138889e-05</caom2:cd12>
                        <caom2:cd21>2.0138889e-05</caom2:cd21>
                        <caom2:cd22>-0.0</caom2:cd22>
                      </caom2:function>
                    </caom2:axis>
                    <caom2:equinox>2000.0</caom2:equinox>
                  </caom2:position>
                  <caom2:energy>
                    <caom2:axis>
                      <caom2:axis>
                        <caom2:ctype>WAVE</caom2:ctype>
                        <caom2:cunit>um</caom2:cunit>
                      </caom2:axis>
                      <caom2:range>
                        <caom2:start>
                          <caom2:pix>0.5</caom2:pix>
                          <caom2:val>0.5404215108395519</caom2:val>
                        </caom2:start>
                        <caom2:end>
                          <caom2:pix>1.5</caom2:pix>
                          <caom2:val>0.584180731584708</caom2:val>
                        </caom2:end>
                      </caom2:range>
                    </caom2:axis>
                    <caom2:specsys>TOPOCENT</caom2:specsys>
                    <caom2:ssysobs>TOPOCENT</caom2:ssysobs>
                    <caom2:ssyssrc>TOPOCENT</caom2:ssyssrc>
                    <caom2:bandpassName>Blue-562</caom2:bandpassName>
                    <caom2:resolvingPower>12.849888815133317</caom2:resolvingPower>
                  </caom2:energy>
                  <caom2:time>
                    <caom2:axis>
                      <caom2:axis>
                        <caom2:ctype>TIME</caom2:ctype>
                        <caom2:cunit>d</caom2:cunit>
                      </caom2:axis>
                      <caom2:error>
                        <caom2:syser>1e-07</caom2:syser>
                        <caom2:rnder>1e-07</caom2:rnder>
                      </caom2:error>
                      <caom2:function>
                        <caom2:naxis>1000</caom2:naxis>
                        <caom2:delta>6.94444444444444e-07</caom2:delta>
                        <caom2:refCoord>
                          <caom2:pix>0.5</caom2:pix>
                          <caom2:val>58680.436447</caom2:val>
                        </caom2:refCoord>
                      </caom2:function>
                    </caom2:axis>
                    <caom2:timesys>UTC</caom2:timesys>
                    <caom2:exposure>60.0</caom2:exposure>
                    <caom2:resolution>0.06</caom2:resolution>
                  </caom2:time>
                </caom2:chunk>
              </caom2:chunks>
            </caom2:part>
          </caom2:parts>
        </caom2:artifact>
      </caom2:artifacts>
    </caom2:plane>
  </caom2:planes>
</caom2:Observation>
