<?xml version='1.0' encoding='UTF-8'?>
<caom2:Observation xmlns:caom2="http://www.opencadc.org/caom2/xml/v2.3" xmlns:xsi="http://www.w3.org/2001/XMLSchema-instance" xsi:type="caom2:SimpleObservation" caom2:id="00000000-0000-0000-9c99-550aa9958221" caom2:lastModified="2018-11-17T07:16:32.334" caom2:maxLastModified="2018-11-17T07:16:32.334" caom2:metaChecksum="md5:9aab7577c1ec23a1df7afbe93613bf8a" caom2:accMetaChecksum="md5:8d28017459f9aa375210504f1ee70d75">
  <caom2:collection>GEMINI</caom2:collection>
  <caom2:observationID>GS-2006A-DD-1-1-0073</caom2:observationID>
  <caom2:metaRelease>2006-04-02T01:27:48.900</caom2:metaRelease>
  <caom2:algorithm>
    <caom2:name>exposure</caom2:name>
  </caom2:algorithm>
  <caom2:type>FLAT</caom2:type>
  <caom2:intent>calibration</caom2:intent>
  <caom2:proposal>
    <caom2:id>GS-2006A-DD-1</caom2:id>
    <caom2:pi>Verne Smith</caom2:pi>
    <caom2:title>Phoenix NGSC support time</caom2:title>
  </caom2:proposal>
  <caom2:target>
    <caom2:name>flat 4230 cm-1 1 sec</caom2:name>
    <caom2:type>object</caom2:type>
  </caom2:target>
  <caom2:telescope>
    <caom2:name>Gemini-South</caom2:name>
    <caom2:geoLocationX>1820184.0557473274</caom2:geoLocationX>
    <caom2:geoLocationY>-5208320.066618682</caom2:geoLocationY>
    <caom2:geoLocationZ>-3194829.197152751</caom2:geoLocationZ>
  </caom2:telescope>
  <caom2:instrument>
    <caom2:name>PHOENIX</caom2:name>
  </caom2:instrument>
  <caom2:planes>
    <caom2:plane caom2:id="00000000-0000-0000-aad0-25c5320b94bb" caom2:lastModified="2018-11-17T07:16:32.334" caom2:maxLastModified="2018-11-17T07:16:32.334" caom2:metaChecksum="md5:42d6f672e4fc04a5aa59396f3943ca58" caom2:accMetaChecksum="md5:66b948b600460caba0f9cc7d167aeaf6">
      <caom2:productID>2006apr02_0073</caom2:productID>
      <caom2:metaRelease>2006-04-02T01:27:48.900</caom2:metaRelease>
      <caom2:dataRelease>2007-10-02T00:00:00.000</caom2:dataRelease>
      <caom2:dataProductType>spectrum</caom2:dataProductType>
      <caom2:calibrationLevel>1</caom2:calibrationLevel>
      <caom2:provenance>
        <caom2:name>Gemini Observatory Data</caom2:name>
        <caom2:project>Gemini Archive</caom2:project>
        <caom2:producer>NOAO-IRAF FITS Image Kernel July 2003</caom2:producer>
        <caom2:reference>http://archive.gemini.edu/searchform/GS-2006A-DD-1-1-0073</caom2:reference>
      </caom2:provenance>
      <caom2:position/>
      <caom2:energy/>
      <caom2:time/>
      <caom2:polarization/>
      <caom2:artifacts>
        <caom2:artifact caom2:id="00000000-0000-0000-a177-f8b0e01ea270" caom2:lastModified="2018-11-17T07:16:32.334" caom2:maxLastModified="2018-11-17T07:16:32.334" caom2:metaChecksum="md5:759af7435343a3bbb9b27cf123fdbcb2" caom2:accMetaChecksum="md5:68f79d10b4ece6f58f70851647e26229">
          <caom2:uri>gemini:GEM/2006apr02_0073.fits</caom2:uri>
          <caom2:productType>calibration</caom2:productType>
          <caom2:releaseType>data</caom2:releaseType>
          <caom2:contentType>application/fits</caom2:contentType>
          <caom2:contentLength>1056960</caom2:contentLength>
          <caom2:contentChecksum>md5:7780747013d9bf9e7bd317425a6886cd</caom2:contentChecksum>
          <caom2:parts>
            <caom2:part caom2:id="00000000-0000-0000-b68f-9f8ccde859ef">
              <caom2:name>0</caom2:name>
              <caom2:chunks/>
            </caom2:part>
            <caom2:part caom2:id="00000000-0000-0000-872c-69b555d339cd">
              <caom2:name>1</caom2:name>
              <caom2:chunks>
                <caom2:chunk caom2:id="00000000-0000-0000-8ae2-7f2dcd74e7b0">
                  <caom2:position>
                    <caom2:axis>
                      <caom2:axis1>
                        <caom2:ctype>RA---TAN</caom2:ctype>
                        <caom2:cunit>deg</caom2:cunit>
                      </caom2:axis1>
                      <caom2:axis2>
                        <caom2:ctype>DEC--TAN</caom2:ctype>
                        <caom2:cunit>deg</caom2:cunit>
                      </caom2:axis2>
                      <caom2:function>
                        <caom2:dimension>
                          <caom2:naxis1>1</caom2:naxis1>
                          <caom2:naxis2>1</caom2:naxis2>
                        </caom2:dimension>
                        <caom2:refCoord>
                          <caom2:coord1>
                            <caom2:pix>1.0</caom2:pix>
                            <caom2:val>94.9922625</caom2:val>
                          </caom2:coord1>
                          <caom2:coord2>
                            <caom2:pix>1.0</caom2:pix>
                            <caom2:val>-10.637186111111</caom2:val>
                          </caom2:coord2>
                        </caom2:refCoord>
                        <caom2:cd11>0.001388888888888889</caom2:cd11>
                        <caom2:cd12>0.0</caom2:cd12>
                        <caom2:cd21>0.0</caom2:cd21>
                        <caom2:cd22>0.001388888888888889</caom2:cd22>
                      </caom2:function>
                    </caom2:axis>
                    <caom2:coordsys>FK5</caom2:coordsys>
                    <caom2:equinox>2000.0</caom2:equinox>
                  </caom2:position>
                  <caom2:energy>
                    <caom2:axis>
                      <caom2:axis>
                        <caom2:ctype>WAVE</caom2:ctype>
                        <caom2:cunit>um</caom2:cunit>
                      </caom2:axis>
                      <caom2:range>
                        <caom2:start>
                          <caom2:pix>0.5</caom2:pix>
                          <caom2:val>2.348</caom2:val>
                        </caom2:start>
                        <caom2:end>
                          <caom2:pix>1.5</caom2:pix>
                          <caom2:val>2.3920000000000003</caom2:val>
                        </caom2:end>
                      </caom2:range>
                    </caom2:axis>
                    <caom2:specsys>TOPOCENT</caom2:specsys>
                    <caom2:ssysobs>TOPOCENT</caom2:ssysobs>
                    <caom2:ssyssrc>TOPOCENT</caom2:ssyssrc>
                    <caom2:bandpassName>4220</caom2:bandpassName>
                  </caom2:energy>
                  <caom2:time>
                    <caom2:axis>
                      <caom2:axis>
                        <caom2:ctype>TIME</caom2:ctype>
                        <caom2:cunit>d</caom2:cunit>
                      </caom2:axis>
                      <caom2:error>
                        <caom2:syser>1e-07</caom2:syser>
                        <caom2:rnder>1e-07</caom2:rnder>
                      </caom2:error>
                      <caom2:function>
                        <caom2:naxis>1</caom2:naxis>
                        <caom2:delta>1.15972222222222e-05</caom2:delta>
                        <caom2:refCoord>
                          <caom2:pix>0.5</caom2:pix>
                          <caom2:val>53827.06098263889</caom2:val>
                        </caom2:refCoord>
                      </caom2:function>
                    </caom2:axis>
                    <caom2:timesys>UTC</caom2:timesys>
                    <caom2:exposure>1.002</caom2:exposure>
                    <caom2:resolution>1.002</caom2:resolution>
                  </caom2:time>
                </caom2:chunk>
              </caom2:chunks>
            </caom2:part>
          </caom2:parts>
        </caom2:artifact>
        <caom2:artifact caom2:id="00000000-0000-0000-9d77-f77d81e54b64" caom2:lastModified="2018-11-17T07:16:32.334" caom2:maxLastModified="2018-11-17T07:16:32.334" caom2:metaChecksum="md5:8898e5d415aeb23773cb9d8e409a526c" caom2:accMetaChecksum="md5:da9e8113a76e660554772d7c8def8b72">
          <caom2:uri>gemini:GEM/2006apr02_0073.jpg</caom2:uri>
          <caom2:productType>preview</caom2:productType>
          <caom2:releaseType>data</caom2:releaseType>
          <caom2:contentType>image/jpeg</caom2:contentType>
          <caom2:parts/>
        </caom2:artifact>
      </caom2:artifacts>
    </caom2:plane>
  </caom2:planes>
</caom2:Observation>
