<?xml version='1.0' encoding='UTF-8'?>
<caom2:Observation xmlns:caom2="http://www.opencadc.org/caom2/xml/v2.4" xmlns:xsi="http://www.w3.org/2001/XMLSchema-instance" xsi:type="caom2:SimpleObservation" caom2:id="00000000-0000-0000-9422-e17e041fbaa8" caom2:lastModified="2018-10-16T17:23:16.923" caom2:maxLastModified="2018-10-16T17:23:16.923" caom2:metaChecksum="md5:213bcd8c69c1f1f805b991fe14c4807d" caom2:accMetaChecksum="md5:dbed170e63abea4b5d7029f8f7092495" caom2:metaProducer="gem2caom2/0.8">
  <caom2:collection>GEMINI</caom2:collection>
  <caom2:observationID>GN-2011B-Q-7-193-010</caom2:observationID>
  <caom2:metaRelease>2012-01-03T08:46:33.700</caom2:metaRelease>
  <caom2:algorithm>
    <caom2:name>exposure</caom2:name>
  </caom2:algorithm>
  <caom2:type>OBJECT</caom2:type>
  <caom2:intent>science</caom2:intent>
  <caom2:proposal>
    <caom2:id>GN-2011B-Q-7</caom2:id>
    <caom2:pi>Michael Cushing</caom2:pi>
    <caom2:title>Northern Hemisphere Follow-up Observations of WISE Brown Dwarf Candidates</caom2:title>
  </caom2:proposal>
  <caom2:target>
    <caom2:name>WISE 0543+4653</caom2:name>
    <caom2:type>object</caom2:type>
  </caom2:target>
  <caom2:telescope>
    <caom2:name>Gemini-North</caom2:name>
    <caom2:geoLocationX>-5464284.386715498</caom2:geoLocationX>
    <caom2:geoLocationY>-2493782.3091076654</caom2:geoLocationY>
    <caom2:geoLocationZ>2150786.380689657</caom2:geoLocationZ>
  </caom2:telescope>
  <caom2:instrument>
    <caom2:name>GNIRS</caom2:name>
  </caom2:instrument>
  <caom2:planes>
    <caom2:plane caom2:id="00000000-0000-0000-9497-3fc25e7a838d" caom2:lastModified="2018-10-16T17:23:16.923" caom2:maxLastModified="2018-10-16T17:23:16.923" caom2:metaChecksum="md5:8c9bedd91d65e051f230867fe0f1ee90" caom2:accMetaChecksum="md5:61c4e31c3287af13642a3740046a89cb" caom2:metaProducer="gem2caom2/0.8">
      <caom2:productID>N20120103S0100</caom2:productID>
      <caom2:metaRelease>2012-01-03T08:46:33.700</caom2:metaRelease>
      <caom2:dataRelease>2013-07-03T00:00:00.000</caom2:dataRelease>
      <caom2:dataProductType>spectrum</caom2:dataProductType>
      <caom2:calibrationLevel>1</caom2:calibrationLevel>
      <caom2:provenance>
        <caom2:name>Gemini Observatory Data</caom2:name>
        <caom2:project>Gemini Archive</caom2:project>
        <caom2:producer>Gemini Observatory</caom2:producer>
        <caom2:reference>http://archive.gemini.edu/searchform/GN-2011B-Q-7-193-010</caom2:reference>
      </caom2:provenance>
      <caom2:position/>
      <caom2:energy/>
      <caom2:time/>
      <caom2:polarization/>
      <caom2:artifacts>
        <caom2:artifact caom2:id="00000000-0000-0000-800c-125498ac13e0" caom2:lastModified="2018-10-16T17:23:16.923" caom2:maxLastModified="2018-10-16T17:23:16.923" caom2:metaChecksum="md5:6d131ef23418cea04d8b3c10a790e4ba" caom2:accMetaChecksum="md5:eea33a42ac7586a442e192a5072a0da0" caom2:metaProducer="gem2caom2/0.8">
          <caom2:uri>gemini:GEM/N20120103S0100.fits</caom2:uri>
          <caom2:productType>science</caom2:productType>
          <caom2:releaseType>data</caom2:releaseType>
          <caom2:contentType>application/fits</caom2:contentType>
          <caom2:contentLength>4204800</caom2:contentLength>
          <caom2:contentChecksum>md5:32b9b7893c6c14abf9297493e022512a</caom2:contentChecksum>
          <caom2:parts>
            <caom2:part caom2:id="00000000-0000-0000-ab53-2ed048e6622e">
              <caom2:name>0</caom2:name>
              <caom2:chunks/>
            </caom2:part>
            <caom2:part caom2:id="00000000-0000-0000-8a33-86e9641d782a">
              <caom2:name>1</caom2:name>
              <caom2:chunks>
                <caom2:chunk caom2:id="00000000-0000-0000-94d8-baed50e974f2" caom2:metaProducer="gem2caom2/0.8">
                  <caom2:naxis>2</caom2:naxis>
                  <caom2:positionAxis1>1</caom2:positionAxis1>
                  <caom2:positionAxis2>2</caom2:positionAxis2>
                  <caom2:position>
                    <caom2:axis>
                      <caom2:axis1>
                        <caom2:ctype>RA---TAN</caom2:ctype>
                        <caom2:cunit>deg</caom2:cunit>
                      </caom2:axis1>
                      <caom2:axis2>
                        <caom2:ctype>DEC--TAN</caom2:ctype>
                        <caom2:cunit>deg</caom2:cunit>
                      </caom2:axis2>
                      <caom2:function>
                        <caom2:dimension>
                          <caom2:naxis1>1024</caom2:naxis1>
                          <caom2:naxis2>1022</caom2:naxis2>
                        </caom2:dimension>
                        <caom2:refCoord>
                          <caom2:coord1>
                            <caom2:pix>487.586543129379</caom2:pix>
                            <caom2:val>85.8379437813426</caom2:val>
                          </caom2:coord1>
                          <caom2:coord2>
                            <caom2:pix>578.747224748521</caom2:pix>
                            <caom2:val>46.8888517241283</caom2:val>
                          </caom2:coord2>
                        </caom2:refCoord>
                        <caom2:cd11>-4.67528233824379e-06</caom2:cd11>
                        <caom2:cd12>4.42392785076491e-05</caom2:cd12>
                        <caom2:cd21>-4.18735132576982e-05</caom2:cd21>
                        <caom2:cd22>-5.67137695573389e-06</caom2:cd22>
                      </caom2:function>
                    </caom2:axis>
                    <caom2:coordsys>FK5</caom2:coordsys>
                    <caom2:equinox>2000.0</caom2:equinox>
                  </caom2:position>
                  <caom2:energy>
                    <caom2:axis>
                      <caom2:axis>
                        <caom2:ctype>WAVE</caom2:ctype>
                        <caom2:cunit>um</caom2:cunit>
                      </caom2:axis>
                      <caom2:range>
                        <caom2:start>
                          <caom2:pix>0.5</caom2:pix>
                          <caom2:val>0.8999999999999999</caom2:val>
                        </caom2:start>
                        <caom2:end>
                          <caom2:pix>1.5</caom2:pix>
                          <caom2:val>2.5</caom2:val>
                        </caom2:end>
                      </caom2:range>
                    </caom2:axis>
                    <caom2:specsys>TOPOCENT</caom2:specsys>
                    <caom2:ssysobs>TOPOCENT</caom2:ssysobs>
                    <caom2:ssyssrc>TOPOCENT</caom2:ssyssrc>
                    <caom2:bandpassName>XD</caom2:bandpassName>
                    <caom2:resolvingPower>540.0</caom2:resolvingPower>
                  </caom2:energy>
                  <caom2:time>
                    <caom2:axis>
                      <caom2:axis>
                        <caom2:ctype>TIME</caom2:ctype>
                        <caom2:cunit>d</caom2:cunit>
                      </caom2:axis>
                      <caom2:error>
                        <caom2:syser>1e-07</caom2:syser>
                        <caom2:rnder>1e-07</caom2:rnder>
                      </caom2:error>
                      <caom2:function>
                        <caom2:naxis>1</caom2:naxis>
                        <caom2:delta>0.003472222222222222</caom2:delta>
                        <caom2:refCoord>
                          <caom2:pix>0.5</caom2:pix>
                          <caom2:val>55929.36566782407</caom2:val>
                        </caom2:refCoord>
                      </caom2:function>
                    </caom2:axis>
                    <caom2:timesys>UTC</caom2:timesys>
                    <caom2:exposure>300.0</caom2:exposure>
                    <caom2:resolution>300.0</caom2:resolution>
                  </caom2:time>
                </caom2:chunk>
              </caom2:chunks>
            </caom2:part>
          </caom2:parts>
        </caom2:artifact>
        <caom2:artifact caom2:id="00000000-0000-0000-959b-3d593bdad59c" caom2:lastModified="2018-10-16T17:23:16.923" caom2:maxLastModified="2018-10-16T17:23:16.923" caom2:metaChecksum="md5:e42f9c48ca9ddcfd5ed45524d184bf4f" caom2:accMetaChecksum="md5:377fb9921b7ead7f4e82ea5d72a134ae" caom2:metaProducer="gem2caom2/0.8">
          <caom2:uri>gemini:GEM/N20120103S0100.jpg</caom2:uri>
          <caom2:productType>preview</caom2:productType>
          <caom2:releaseType>data</caom2:releaseType>
          <caom2:contentType>image/jpeg</caom2:contentType>
          <caom2:parts/>
        </caom2:artifact>
      </caom2:artifacts>
    </caom2:plane>
  </caom2:planes>
</caom2:Observation>
