<?xml version='1.0' encoding='UTF-8'?>
<caom2:Observation xmlns:caom2="http://www.opencadc.org/caom2/xml/v2.4" xmlns:xsi="http://www.w3.org/2001/XMLSchema-instance" xsi:type="caom2:SimpleObservation" caom2:id="00000000-0000-0000-a772-42ee1ec529db" caom2:lastModified="2018-11-02T04:45:47.887" caom2:maxLastModified="2018-11-02T04:45:47.887" caom2:metaChecksum="md5:4a29dfceb36e4cbeabe245509574bf6f" caom2:accMetaChecksum="md5:46b45229c76e9133dd5845c6c192ea0f" caom2:metaProducer="gem2caom2/0.8">
  <caom2:collection>GEMINI</caom2:collection>
  <caom2:observationID>GN-2010B-Q-2-44-003</caom2:observationID>
  <caom2:metaRelease>2010-09-15T05:48:11.100</caom2:metaRelease>
  <caom2:algorithm>
    <caom2:name>exposure</caom2:name>
  </caom2:algorithm>
  <caom2:type>ACQUISITION</caom2:type>
  <caom2:intent>calibration</caom2:intent>
  <caom2:proposal>
    <caom2:id>GN-2010B-Q-2</caom2:id>
    <caom2:pi>Maria Laura Arias</caom2:pi>
    <caom2:title>Infrared monitoring of the expanding envelope of Be stars II</caom2:title>
  </caom2:proposal>
  <caom2:target>
    <caom2:name>HIP 90271</caom2:name>
    <caom2:type>field</caom2:type>
  </caom2:target>
  <caom2:telescope>
    <caom2:name>Gemini-North</caom2:name>
    <caom2:geoLocationX>-5464284.386715498</caom2:geoLocationX>
    <caom2:geoLocationY>-2493782.3091076654</caom2:geoLocationY>
    <caom2:geoLocationZ>2150786.380689657</caom2:geoLocationZ>
  </caom2:telescope>
  <caom2:instrument>
    <caom2:name>GNIRS</caom2:name>
  </caom2:instrument>
  <caom2:planes>
    <caom2:plane caom2:id="00000000-0000-0000-a95b-d2b35ddb3c47" caom2:lastModified="2018-11-02T04:45:47.887" caom2:maxLastModified="2018-11-02T04:45:47.887" caom2:metaChecksum="md5:6eb25018401bfd99d03ef3f9c0c056a4" caom2:accMetaChecksum="md5:9fc8fb7beffb24c17b9af48acd0313ef" caom2:metaProducer="gem2caom2/0.8">
      <caom2:productID>N20100915S0167</caom2:productID>
      <caom2:metaRelease>2010-09-15T05:48:11.100</caom2:metaRelease>
      <caom2:dataRelease>2010-09-15T00:00:00.000</caom2:dataRelease>
      <caom2:dataProductType>image</caom2:dataProductType>
      <caom2:calibrationLevel>1</caom2:calibrationLevel>
      <caom2:provenance>
        <caom2:name>Gemini Observatory Data</caom2:name>
        <caom2:project>Gemini Archive</caom2:project>
        <caom2:producer>Gemini Observatory</caom2:producer>
        <caom2:reference>http://archive.gemini.edu/searchform/GN-2010B-Q-2-44-003</caom2:reference>
      </caom2:provenance>
      <caom2:position/>
      <caom2:energy/>
      <caom2:time/>
      <caom2:polarization/>
      <caom2:artifacts>
        <caom2:artifact caom2:id="00000000-0000-0000-b864-366a082654f4" caom2:lastModified="2018-11-02T04:45:47.887" caom2:maxLastModified="2018-11-02T04:45:47.887" caom2:metaChecksum="md5:f09b7248b35b007747f016010e4a65d4" caom2:accMetaChecksum="md5:083713ec9c0740783dfaf118697305e6" caom2:metaProducer="gem2caom2/0.8">
          <caom2:uri>gemini:GEM/N20100915S0167.fits</caom2:uri>
          <caom2:productType>calibration</caom2:productType>
          <caom2:releaseType>data</caom2:releaseType>
          <caom2:contentType>application/fits</caom2:contentType>
          <caom2:contentLength>4204800</caom2:contentLength>
          <caom2:contentChecksum>md5:c82a6200a2e191ba616e75d3c7f1272b</caom2:contentChecksum>
          <caom2:parts>
            <caom2:part caom2:id="00000000-0000-0000-a1b9-16265232e4ec">
              <caom2:name>0</caom2:name>
              <caom2:chunks/>
            </caom2:part>
            <caom2:part caom2:id="00000000-0000-0000-9fbb-54c9473445ea">
              <caom2:name>1</caom2:name>
              <caom2:chunks>
                <caom2:chunk caom2:id="00000000-0000-0000-a6be-172df13b8c39" caom2:metaProducer="gem2caom2/0.8">
                  <caom2:naxis>2</caom2:naxis>
                  <caom2:positionAxis1>1</caom2:positionAxis1>
                  <caom2:positionAxis2>2</caom2:positionAxis2>
                  <caom2:position>
                    <caom2:axis>
                      <caom2:axis1>
                        <caom2:ctype>RA---TAN</caom2:ctype>
                        <caom2:cunit>deg</caom2:cunit>
                      </caom2:axis1>
                      <caom2:axis2>
                        <caom2:ctype>DEC--TAN</caom2:ctype>
                        <caom2:cunit>deg</caom2:cunit>
                      </caom2:axis2>
                      <caom2:function>
                        <caom2:dimension>
                          <caom2:naxis1>1024</caom2:naxis1>
                          <caom2:naxis2>1022</caom2:naxis2>
                        </caom2:dimension>
                        <caom2:refCoord>
                          <caom2:coord1>
                            <caom2:pix>482.771285890797</caom2:pix>
                            <caom2:val>276.287983565021</caom2:val>
                          </caom2:coord1>
                          <caom2:coord2>
                            <caom2:pix>466.09548637942</caom2:pix>
                            <caom2:val>5.08464753762746</caom2:val>
                          </caom2:coord2>
                        </caom2:refCoord>
                        <caom2:cd11>-4.21908141097169e-05</caom2:cd11>
                        <caom2:cd12>3.02792651718713e-07</caom2:cd12>
                        <caom2:cd21>-6.68251687891333e-08</caom2:cd21>
                        <caom2:cd22>-4.18274754333535e-05</caom2:cd22>
                      </caom2:function>
                    </caom2:axis>
                    <caom2:coordsys>FK5</caom2:coordsys>
                    <caom2:equinox>2000.0</caom2:equinox>
                  </caom2:position>
                  <caom2:energy>
                    <caom2:axis>
                      <caom2:axis>
                        <caom2:ctype>WAVE</caom2:ctype>
                        <caom2:cunit>um</caom2:cunit>
                      </caom2:axis>
                      <caom2:range>
                        <caom2:start>
                          <caom2:pix>0.5</caom2:pix>
                          <caom2:val>2.105</caom2:val>
                        </caom2:start>
                        <caom2:end>
                          <caom2:pix>1.5</caom2:pix>
                          <caom2:val>2.137</caom2:val>
                        </caom2:end>
                      </caom2:range>
                    </caom2:axis>
                    <caom2:specsys>TOPOCENT</caom2:specsys>
                    <caom2:ssysobs>TOPOCENT</caom2:ssysobs>
                    <caom2:ssyssrc>TOPOCENT</caom2:ssyssrc>
                    <caom2:bandpassName>H2</caom2:bandpassName>
                    <caom2:resolvingPower>66.28124999999994</caom2:resolvingPower>
                  </caom2:energy>
                  <caom2:time>
                    <caom2:axis>
                      <caom2:axis>
                        <caom2:ctype>TIME</caom2:ctype>
                        <caom2:cunit>d</caom2:cunit>
                      </caom2:axis>
                      <caom2:error>
                        <caom2:syser>1e-07</caom2:syser>
                        <caom2:rnder>1e-07</caom2:rnder>
                      </caom2:error>
                      <caom2:function>
                        <caom2:naxis>1</caom2:naxis>
                        <caom2:delta>1.1574074074074e-05</caom2:delta>
                        <caom2:refCoord>
                          <caom2:pix>0.5</caom2:pix>
                          <caom2:val>55454.24179513889</caom2:val>
                        </caom2:refCoord>
                      </caom2:function>
                    </caom2:axis>
                    <caom2:timesys>UTC</caom2:timesys>
                    <caom2:exposure>1.0</caom2:exposure>
                    <caom2:resolution>1.0</caom2:resolution>
                  </caom2:time>
                </caom2:chunk>
              </caom2:chunks>
            </caom2:part>
          </caom2:parts>
        </caom2:artifact>
        <caom2:artifact caom2:id="00000000-0000-0000-90ff-90be9b3643d0" caom2:lastModified="2018-11-02T04:45:47.887" caom2:maxLastModified="2018-11-02T04:45:47.887" caom2:metaChecksum="md5:1ea8d1c854355ba65d2b594221417804" caom2:accMetaChecksum="md5:f3b0d36c442f0ef4652c7a26e13d67fa" caom2:metaProducer="gem2caom2/0.8">
          <caom2:uri>gemini:GEM/N20100915S0167.jpg</caom2:uri>
          <caom2:productType>preview</caom2:productType>
          <caom2:releaseType>data</caom2:releaseType>
          <caom2:contentType>image/jpeg</caom2:contentType>
          <caom2:parts/>
        </caom2:artifact>
      </caom2:artifacts>
    </caom2:plane>
  </caom2:planes>
</caom2:Observation>
