<?xml version='1.0' encoding='UTF-8'?>
<caom2:Observation xmlns:caom2="http://www.opencadc.org/caom2/xml/v2.4" xmlns:xsi="http://www.w3.org/2001/XMLSchema-instance" xsi:type="caom2:SimpleObservation" caom2:id="b34b2e69-3d25-46a3-8635-5b3ec3bb398e" caom2:metaProducer="GEMINI2caom2/0.0.0">
  <caom2:collection>GEMINI</caom2:collection>
  <caom2:observationID>GS-2023B-FT-104-11-001</caom2:observationID>
  <caom2:metaRelease>2024-06-08T00:00:00.000</caom2:metaRelease>
  <caom2:algorithm>
    <caom2:name>exposure</caom2:name>
  </caom2:algorithm>
  <caom2:type>OBJECT</caom2:type>
  <caom2:intent>science</caom2:intent>
  <caom2:proposal>
    <caom2:id>GS-2023B-FT-104</caom2:id>
    <caom2:pi>Federico Sestito</caom2:pi>
    <caom2:title>The oldest and most metal-poor remnants of the Magellanic Stellar Stream</caom2:title>
  </caom2:proposal>
  <caom2:target>
    <caom2:name>Sky</caom2:name>
    <caom2:type>object</caom2:type>
  </caom2:target>
  <caom2:telescope>
    <caom2:name>Gemini-South</caom2:name>
    <caom2:geoLocationX>1820184.055747326</caom2:geoLocationX>
    <caom2:geoLocationY>-5208320.066618682</caom2:geoLocationY>
    <caom2:geoLocationZ>-3194829.197152751</caom2:geoLocationZ>
  </caom2:telescope>
  <caom2:instrument>
    <caom2:name>GHOST</caom2:name>
  </caom2:instrument>
  <caom2:planes>
    <caom2:plane caom2:id="0efb3196-5587-4cf1-86ae-672b964c21fe" caom2:metaProducer="GEMINI2caom2/0.0.0">
      <caom2:productID>S20231208S0060</caom2:productID>
      <caom2:metaRelease>2024-06-08T00:00:00.000</caom2:metaRelease>
      <caom2:dataRelease>2024-06-08T00:00:00.000</caom2:dataRelease>
      <caom2:dataProductType>image</caom2:dataProductType>
      <caom2:calibrationLevel>1</caom2:calibrationLevel>
      <caom2:provenance>
        <caom2:name>Gemini Observatory Data</caom2:name>
        <caom2:project>Gemini Archive</caom2:project>
        <caom2:producer>Gemini Observatory</caom2:producer>
        <caom2:reference>http://archive.gemini.edu/searchform/GS-2023B-FT-104-11-001</caom2:reference>
      </caom2:provenance>
      <caom2:artifacts>
        <caom2:artifact caom2:id="cdd426d0-b655-4ebe-93be-94ef33fd8270" caom2:metaProducer="GEMINI2caom2/0.0.0">
          <caom2:uri>gemini:GEMINI/S20231208S0060.fits</caom2:uri>
          <caom2:productType>science</caom2:productType>
          <caom2:releaseType>data</caom2:releaseType>
          <caom2:contentType>application/fits</caom2:contentType>
          <caom2:contentLength>155520</caom2:contentLength>
          <caom2:contentChecksum>md5:2f59866c77d17381f459c25d769a2491</caom2:contentChecksum>
          <caom2:parts>
            <caom2:part caom2:id="ce0da6e9-562b-4135-90bf-89ed9ba7d49a">
              <caom2:name>0</caom2:name>
              <caom2:chunks/>
            </caom2:part>
            <caom2:part caom2:id="c8958738-6946-4b03-bebc-bbf5e1b5eb53">
              <caom2:name>1</caom2:name>
              <caom2:productType>auxiliary</caom2:productType>
              <caom2:chunks>
                <caom2:chunk caom2:id="12407068-09e2-4456-8402-1ac0de0a99de" caom2:metaProducer="GEMINI2caom2/0.0.0">
                  <caom2:time>
                    <caom2:axis>
                      <caom2:axis>
                        <caom2:ctype>TIME</caom2:ctype>
                        <caom2:cunit>d</caom2:cunit>
                      </caom2:axis>
                      <caom2:error>
                        <caom2:syser>1e-07</caom2:syser>
                        <caom2:rnder>1e-07</caom2:rnder>
                      </caom2:error>
                      <caom2:function>
                        <caom2:naxis>1</caom2:naxis>
                        <caom2:delta>1.0</caom2:delta>
                        <caom2:refCoord>
                          <caom2:pix>0.5</caom2:pix>
                          <caom2:val>60286.08515046296</caom2:val>
                        </caom2:refCoord>
                      </caom2:function>
                    </caom2:axis>
                    <caom2:timesys>UTC</caom2:timesys>
                    <caom2:exposure>190.0</caom2:exposure>
                  </caom2:time>
                </caom2:chunk>
              </caom2:chunks>
            </caom2:part>
            <caom2:part caom2:id="6a1f7ed6-f365-4585-9b33-3229bce25e86">
              <caom2:name>2</caom2:name>
              <caom2:productType>auxiliary</caom2:productType>
              <caom2:chunks>
                <caom2:chunk caom2:id="fd9ddc44-32c6-4f40-bcf5-60b6fd1c8fe8" caom2:metaProducer="GEMINI2caom2/0.0.0">
                  <caom2:time>
                    <caom2:axis>
                      <caom2:axis>
                        <caom2:ctype>TIME</caom2:ctype>
                        <caom2:cunit>d</caom2:cunit>
                      </caom2:axis>
                      <caom2:error>
                        <caom2:syser>1e-07</caom2:syser>
                        <caom2:rnder>1e-07</caom2:rnder>
                      </caom2:error>
                      <caom2:function>
                        <caom2:naxis>1</caom2:naxis>
                        <caom2:delta>1.0</caom2:delta>
                        <caom2:refCoord>
                          <caom2:pix>0.5</caom2:pix>
                          <caom2:val>60286.08515046296</caom2:val>
                        </caom2:refCoord>
                      </caom2:function>
                    </caom2:axis>
                    <caom2:timesys>UTC</caom2:timesys>
                    <caom2:exposure>190.0</caom2:exposure>
                  </caom2:time>
                </caom2:chunk>
              </caom2:chunks>
            </caom2:part>
          </caom2:parts>
        </caom2:artifact>
      </caom2:artifacts>
    </caom2:plane>
  </caom2:planes>
</caom2:Observation>
