<?xml version='1.0' encoding='UTF-8'?>
<caom2:Observation xmlns:caom2="http://www.opencadc.org/caom2/xml/v2.4" xmlns:xsi="http://www.w3.org/2001/XMLSchema-instance" xsi:type="caom2:SimpleObservation" caom2:id="00000000-0000-0000-bfe6-c005626b240f" caom2:lastModified="2017-06-26T17:23:50.093" caom2:maxLastModified="2019-11-07T22:16:39.604" caom2:metaChecksum="md5:9c73117004df85d1d7f0f9eb50ebfb43" caom2:accMetaChecksum="md5:263993a258ece8418db38d29a0a388a3">
  <caom2:collection>GEMINI</caom2:collection>
  <caom2:observationID>GS-2005B-SV-302-1-009</caom2:observationID>
  <caom2:metaRelease>2005-08-24T10:15:46.000</caom2:metaRelease>
  <caom2:algorithm>
    <caom2:name>exposure</caom2:name>
  </caom2:algorithm>
  <caom2:type>FLAT</caom2:type>
  <caom2:intent>calibration</caom2:intent>
  <caom2:proposal>
    <caom2:id>GS-2005B-SV-302</caom2:id>
    <caom2:pi>Martin Asplund</caom2:pi>
    <caom2:title>bHROS science demonstration program: Li isotopic abundances in halo stars</caom2:title>
  </caom2:proposal>
  <caom2:target>
    <caom2:name>GCALflat</caom2:name>
    <caom2:type>object</caom2:type>
  </caom2:target>
  <caom2:telescope>
    <caom2:name>Gemini-South</caom2:name>
    <caom2:geoLocationX>1820184.0557473274</caom2:geoLocationX>
    <caom2:geoLocationY>-5208320.066618682</caom2:geoLocationY>
    <caom2:geoLocationZ>-3194829.197152751</caom2:geoLocationZ>
  </caom2:telescope>
  <caom2:instrument>
    <caom2:name>bHROS</caom2:name>
  </caom2:instrument>
  <caom2:planes>
    <caom2:plane caom2:id="00000000-0000-0000-a2f1-1335f3387c77" caom2:lastModified="2017-06-26T17:23:50.093" caom2:maxLastModified="2019-11-07T22:16:39.604" caom2:metaChecksum="md5:a739a68762c136b2430da8961e08dd82" caom2:accMetaChecksum="md5:4709276ef9c7421b38224af65560a8a0">
      <caom2:productID>S20050824S0106</caom2:productID>
      <caom2:metaRelease>2005-08-24T10:15:46.000</caom2:metaRelease>
      <caom2:dataRelease>2005-10-24T00:00:00.000</caom2:dataRelease>
      <caom2:dataProductType>spectrum</caom2:dataProductType>
      <caom2:calibrationLevel>1</caom2:calibrationLevel>
      <caom2:provenance>
        <caom2:name>Gemini Observatory Data</caom2:name>
        <caom2:project>Gemini Archive</caom2:project>
        <caom2:producer>NOAO-IRAF FITS Image Kernel July 2003</caom2:producer>
        <caom2:reference>http://archive.gemini.edu/searchform/GS-2005B-SV-302-1-009</caom2:reference>
      </caom2:provenance>
      <caom2:artifacts>
        <caom2:artifact caom2:id="00000000-0000-0000-a093-29c808cbb5e1" caom2:lastModified="2019-07-06T03:40:30.717" caom2:maxLastModified="2019-07-06T03:40:30.717" caom2:metaChecksum="md5:987af5f2ed5804ec8da69ea67af3d214" caom2:accMetaChecksum="md5:1ed190244f65b4513405008dfe57e19e">
          <caom2:uri>gemini:GEMINI/S20050824S0106.fits</caom2:uri>
          <caom2:productType>calibration</caom2:productType>
          <caom2:releaseType>data</caom2:releaseType>
          <caom2:contentType>application/fits</caom2:contentType>
          <caom2:contentLength>19186560</caom2:contentLength>
          <caom2:contentChecksum>md5:f93116a5b6ec3450b10ad72eac062ecb</caom2:contentChecksum>
          <caom2:parts>
            <caom2:part caom2:id="16577fe7-67bb-46b2-88c1-d70ae549441b" caom2:lastModified="2019-07-06T03:40:30.717" caom2:maxLastModified="2019-07-06T03:40:30.717" caom2:metaChecksum="md5:e8991b752de17e42c9c73c82fb2945d5" caom2:accMetaChecksum="md5:b76adc4bc509b4be64098e2a79919bdb">
              <caom2:name>0</caom2:name>
              <caom2:chunks/>
            </caom2:part>
            <caom2:part caom2:id="00000000-0000-0000-a562-948bf20a8e27" caom2:lastModified="2017-06-26T17:23:50.093" caom2:maxLastModified="2017-06-26T17:23:50.093" caom2:metaChecksum="md5:ce8e4b0d32d590b891fea4d616611d73" caom2:accMetaChecksum="md5:ced8663bfe001215e817add56787c032">
              <caom2:name>1</caom2:name>
              <caom2:chunks>
                <caom2:chunk caom2:id="00000000-0000-0000-b0bd-e2f449e14a36" caom2:lastModified="2017-06-26T17:23:50.093" caom2:maxLastModified="2017-06-26T17:23:50.093" caom2:metaChecksum="md5:dc9b669810148176bebdf312d6635943" caom2:accMetaChecksum="md5:dae69ecb407f99d458c941a10e85db17">
                  <caom2:energy>
                    <caom2:axis>
                      <caom2:axis>
                        <caom2:ctype>WAVE</caom2:ctype>
                        <caom2:cunit>um</caom2:cunit>
                      </caom2:axis>
                      <caom2:range>
                        <caom2:start>
                          <caom2:pix>0.5</caom2:pix>
                          <caom2:val>0.5</caom2:val>
                        </caom2:start>
                        <caom2:end>
                          <caom2:pix>1.5</caom2:pix>
                          <caom2:val>0.8999999999999999</caom2:val>
                        </caom2:end>
                      </caom2:range>
                    </caom2:axis>
                    <caom2:specsys>TOPOCENT</caom2:specsys>
                    <caom2:ssysobs>TOPOCENT</caom2:ssysobs>
                    <caom2:ssyssrc>TOPOCENT</caom2:ssyssrc>
                    <caom2:resolvingPower>150000.0</caom2:resolvingPower>
                  </caom2:energy>
                  <caom2:time>
                    <caom2:axis>
                      <caom2:axis>
                        <caom2:ctype>TIME</caom2:ctype>
                        <caom2:cunit>d</caom2:cunit>
                      </caom2:axis>
                      <caom2:error>
                        <caom2:syser>1e-07</caom2:syser>
                        <caom2:rnder>1e-07</caom2:rnder>
                      </caom2:error>
                      <caom2:function>
                        <caom2:naxis>1</caom2:naxis>
                        <caom2:delta>0.000578820601851851</caom2:delta>
                        <caom2:refCoord>
                          <caom2:pix>0.5</caom2:pix>
                          <caom2:val>53606.42761574074</caom2:val>
                        </caom2:refCoord>
                      </caom2:function>
                    </caom2:axis>
                    <caom2:timesys>UTC</caom2:timesys>
                    <caom2:exposure>50.0101</caom2:exposure>
                    <caom2:resolution>50.0101</caom2:resolution>
                  </caom2:time>
                </caom2:chunk>
              </caom2:chunks>
            </caom2:part>
          </caom2:parts>
        </caom2:artifact>
      </caom2:artifacts>
    </caom2:plane>
  </caom2:planes>
</caom2:Observation>
