<?xml version='1.0' encoding='UTF-8'?>
<caom2:Observation xmlns:caom2="http://www.opencadc.org/caom2/xml/v2.3" xmlns:xsi="http://www.w3.org/2001/XMLSchema-instance" xsi:type="caom2:SimpleObservation" caom2:id="00000000-0000-0000-914a-f00089706233" caom2:lastModified="2018-10-07T20:18:14.874" caom2:maxLastModified="2018-10-07T20:18:14.874" caom2:metaChecksum="md5:fb482a180059e46d65e0a9d3cb25f9c2" caom2:accMetaChecksum="md5:690fb2218a7f7def181ae56d8bef7524">
  <caom2:collection>GEMINI</caom2:collection>
  <caom2:observationID>GS-2015A-Q-63-406-001</caom2:observationID>
  <caom2:metaRelease>2015-06-25T10:17:07.800</caom2:metaRelease>
  <caom2:algorithm>
    <caom2:name>exposure</caom2:name>
  </caom2:algorithm>
  <caom2:type>ARC</caom2:type>
  <caom2:intent>calibration</caom2:intent>
  <caom2:proposal>
    <caom2:id>GS-2015A-Q-63</caom2:id>
    <caom2:pi>Anja Feldmeier</caom2:pi>
    <caom2:title>The Milky Way nuclear star cluster as a benchmark for the structure and build-up of galactic nuclei</caom2:title>
  </caom2:proposal>
  <caom2:target>
    <caom2:name>Ar</caom2:name>
    <caom2:type>object</caom2:type>
    <caom2:moving>true</caom2:moving>
  </caom2:target>
  <caom2:telescope>
    <caom2:name>Gemini-South</caom2:name>
    <caom2:geoLocationX>1820184.0557473274</caom2:geoLocationX>
    <caom2:geoLocationY>-5208320.066618682</caom2:geoLocationY>
    <caom2:geoLocationZ>-3194829.197152751</caom2:geoLocationZ>
  </caom2:telescope>
  <caom2:instrument>
    <caom2:name>F2</caom2:name>
  </caom2:instrument>
  <caom2:planes>
    <caom2:plane caom2:id="00000000-0000-0000-8982-bfab05988ae0" caom2:lastModified="2018-10-07T20:18:14.874" caom2:maxLastModified="2018-10-07T20:18:14.874" caom2:metaChecksum="md5:b65c26690f8e7eafeb614121bfffa3bc" caom2:accMetaChecksum="md5:81234d54b40a67870809539f019be761">
      <caom2:productID>S20150625S0230</caom2:productID>
      <caom2:metaRelease>2015-06-25T10:17:07.800</caom2:metaRelease>
      <caom2:dataRelease>2015-06-25T00:00:00.000</caom2:dataRelease>
      <caom2:dataProductType>spectrum</caom2:dataProductType>
      <caom2:calibrationLevel>1</caom2:calibrationLevel>
      <caom2:provenance>
        <caom2:name>Gemini Observatory Data</caom2:name>
        <caom2:project>Gemini Archive</caom2:project>
        <caom2:producer>Gemini Observatory</caom2:producer>
        <caom2:reference>http://archive.gemini.edu/searchform/GS-2015A-Q-63-406-001</caom2:reference>
      </caom2:provenance>
      <caom2:position/>
      <caom2:energy/>
      <caom2:time/>
      <caom2:polarization/>
      <caom2:artifacts>
        <caom2:artifact caom2:id="00000000-0000-0000-9873-67af3e0d2f36" caom2:lastModified="2018-10-07T20:18:14.874" caom2:maxLastModified="2018-10-07T20:18:14.874" caom2:metaChecksum="md5:a2cb6df37787002559cab90cf9fad9ab" caom2:accMetaChecksum="md5:479925284611d49af8d24817a900bfce">
          <caom2:uri>gemini:GEM/S20150625S0230.fits</caom2:uri>
          <caom2:productType>calibration</caom2:productType>
          <caom2:releaseType>data</caom2:releaseType>
          <caom2:contentType>application/fits</caom2:contentType>
          <caom2:contentLength>16799040</caom2:contentLength>
          <caom2:contentChecksum>md5:c18fc1b76c9e99d2e2986173a2bb3204</caom2:contentChecksum>
          <caom2:parts>
            <caom2:part caom2:id="00000000-0000-0000-9521-2385b07ec98f">
              <caom2:name>0</caom2:name>
              <caom2:chunks/>
            </caom2:part>
            <caom2:part caom2:id="00000000-0000-0000-8f69-54af7c0c31ac">
              <caom2:name>1</caom2:name>
              <caom2:chunks>
                <caom2:chunk caom2:id="00000000-0000-0000-81fa-ad2606d313de">
                  <caom2:naxis>3</caom2:naxis>
                  <caom2:energyAxis>4</caom2:energyAxis>
                  <caom2:timeAxis>3</caom2:timeAxis>
                  <caom2:energy>
                    <caom2:axis>
                      <caom2:axis>
                        <caom2:ctype>WAVE</caom2:ctype>
                        <caom2:cunit>um</caom2:cunit>
                      </caom2:axis>
                      <caom2:range>
                        <caom2:start>
                          <caom2:pix>0.5</caom2:pix>
                          <caom2:val>1.8995937500000453</caom2:val>
                        </caom2:start>
                        <caom2:end>
                          <caom2:pix>1.5</caom2:pix>
                          <caom2:val>2.483385714285755</caom2:val>
                        </caom2:end>
                      </caom2:range>
                    </caom2:axis>
                    <caom2:specsys>TOPOCENT</caom2:specsys>
                    <caom2:ssysobs>TOPOCENT</caom2:ssysobs>
                    <caom2:ssyssrc>TOPOCENT</caom2:ssyssrc>
                    <caom2:bandpassName>K-long</caom2:bandpassName>
                    <caom2:resolvingPower>2800.0</caom2:resolvingPower>
                  </caom2:energy>
                  <caom2:time>
                    <caom2:axis>
                      <caom2:axis>
                        <caom2:ctype>TIME</caom2:ctype>
                        <caom2:cunit>d</caom2:cunit>
                      </caom2:axis>
                      <caom2:error>
                        <caom2:syser>1e-07</caom2:syser>
                        <caom2:rnder>1e-07</caom2:rnder>
                      </caom2:error>
                      <caom2:function>
                        <caom2:naxis>1</caom2:naxis>
                        <caom2:delta>0.001388888888888889</caom2:delta>
                        <caom2:refCoord>
                          <caom2:pix>0.5</caom2:pix>
                          <caom2:val>57198.4285625</caom2:val>
                        </caom2:refCoord>
                      </caom2:function>
                    </caom2:axis>
                    <caom2:timesys>UTC</caom2:timesys>
                    <caom2:exposure>120.0</caom2:exposure>
                    <caom2:resolution>120.0</caom2:resolution>
                  </caom2:time>
                </caom2:chunk>
              </caom2:chunks>
            </caom2:part>
          </caom2:parts>
        </caom2:artifact>
        <caom2:artifact caom2:id="00000000-0000-0000-a352-ae531e9ca106" caom2:lastModified="2018-10-07T20:18:14.874" caom2:maxLastModified="2018-10-07T20:18:14.874" caom2:metaChecksum="md5:eac40bb9a9e9b178e672028ac7915099" caom2:accMetaChecksum="md5:a832990e83fae274a47b4df43e664fb8">
          <caom2:uri>gemini:GEM/S20150625S0230.jpg</caom2:uri>
          <caom2:productType>preview</caom2:productType>
          <caom2:releaseType>data</caom2:releaseType>
          <caom2:contentType>image/jpeg</caom2:contentType>
          <caom2:parts/>
        </caom2:artifact>
      </caom2:artifacts>
    </caom2:plane>
  </caom2:planes>
</caom2:Observation>
