<?xml version='1.0' encoding='UTF-8'?>
<caom2:Observation xmlns:caom2="http://www.opencadc.org/caom2/xml/v2.3" xmlns:xsi="http://www.w3.org/2001/XMLSchema-instance" xsi:type="caom2:SimpleObservation" caom2:id="00000000-0000-0000-873e-f72d09be728f" caom2:lastModified="2018-11-30T08:25:23.770" caom2:maxLastModified="2018-11-30T08:25:23.770" caom2:metaChecksum="md5:5621b6242ce804704aebda771be3748d" caom2:accMetaChecksum="md5:160073d0f95fb6d7e0497225fc76e21c">
  <caom2:collection>GEMINI</caom2:collection>
  <caom2:observationID>GS-2017B-Q-45-156-079</caom2:observationID>
  <caom2:metaRelease>2017-11-23T05:31:41.300</caom2:metaRelease>
  <caom2:algorithm>
    <caom2:name>exposure</caom2:name>
  </caom2:algorithm>
  <caom2:type>FLAT</caom2:type>
  <caom2:intent>calibration</caom2:intent>
  <caom2:proposal>
    <caom2:id>GS-2017B-Q-45</caom2:id>
    <caom2:pi>Yongjung Kim</caom2:pi>
    <caom2:title>Black Hole Mass Estimation of Faint Quasars at z~5: Could there be high redshift quasars with low Eddington ratio?</caom2:title>
  </caom2:proposal>
  <caom2:target>
    <caom2:name>GCALflat</caom2:name>
    <caom2:type>object</caom2:type>
  </caom2:target>
  <caom2:telescope>
    <caom2:name>Gemini-South</caom2:name>
    <caom2:geoLocationX>1820184.0557473274</caom2:geoLocationX>
    <caom2:geoLocationY>-5208320.066618682</caom2:geoLocationY>
    <caom2:geoLocationZ>-3194829.197152751</caom2:geoLocationZ>
  </caom2:telescope>
  <caom2:instrument>
    <caom2:name>F2</caom2:name>
  </caom2:instrument>
  <caom2:planes>
    <caom2:plane caom2:id="00000000-0000-0000-8262-3f6f003f09b3" caom2:lastModified="2018-11-30T08:25:23.770" caom2:maxLastModified="2018-11-30T08:25:23.770" caom2:metaChecksum="md5:5847c3534b0d7ea786a487e3153e830b" caom2:accMetaChecksum="md5:4ac525b5a223826e3cb92c6a2944edfe">
      <caom2:productID>S20171123S0166</caom2:productID>
      <caom2:metaRelease>2017-11-23T05:31:41.300</caom2:metaRelease>
      <caom2:dataRelease>2017-11-23T00:00:00.000</caom2:dataRelease>
      <caom2:dataProductType>spectrum</caom2:dataProductType>
      <caom2:calibrationLevel>1</caom2:calibrationLevel>
      <caom2:provenance>
        <caom2:name>Gemini Observatory Data</caom2:name>
        <caom2:project>Gemini Archive</caom2:project>
        <caom2:producer>Gemini Observatory</caom2:producer>
        <caom2:reference>http://archive.gemini.edu/searchform/GS-2017B-Q-45-156-079</caom2:reference>
      </caom2:provenance>
      <caom2:position/>
      <caom2:energy/>
      <caom2:time/>
      <caom2:polarization/>
      <caom2:artifacts>
        <caom2:artifact caom2:id="00000000-0000-0000-8305-0aa030ea6d6a" caom2:lastModified="2018-11-30T08:25:23.770" caom2:maxLastModified="2018-11-30T08:25:23.770" caom2:metaChecksum="md5:27ed34b1bf6ea2c018d3bb72d351dd71" caom2:accMetaChecksum="md5:c49b44445cb7725f03b279645a379ea7">
          <caom2:uri>gemini:GEM/S20171123S0166.fits</caom2:uri>
          <caom2:productType>calibration</caom2:productType>
          <caom2:releaseType>data</caom2:releaseType>
          <caom2:contentType>application/fits</caom2:contentType>
          <caom2:contentLength>16801920</caom2:contentLength>
          <caom2:contentChecksum>md5:f5da92cab63922d40c3b623bc0c4a632</caom2:contentChecksum>
          <caom2:parts>
            <caom2:part caom2:id="00000000-0000-0000-b58c-8f9e914c0b12">
              <caom2:name>0</caom2:name>
              <caom2:chunks/>
            </caom2:part>
            <caom2:part caom2:id="00000000-0000-0000-a8ef-8ab3890f686f">
              <caom2:name>1</caom2:name>
              <caom2:chunks>
                <caom2:chunk caom2:id="00000000-0000-0000-bd1a-12de635dcd45">
                  <caom2:naxis>3</caom2:naxis>
                  <caom2:positionAxis1>1</caom2:positionAxis1>
                  <caom2:positionAxis2>2</caom2:positionAxis2>
                  <caom2:timeAxis>3</caom2:timeAxis>
                  <caom2:position>
                    <caom2:axis>
                      <caom2:axis1>
                        <caom2:ctype>RA---TAN</caom2:ctype>
                        <caom2:cunit>deg</caom2:cunit>
                      </caom2:axis1>
                      <caom2:axis2>
                        <caom2:ctype>DEC--TAN</caom2:ctype>
                        <caom2:cunit>deg</caom2:cunit>
                      </caom2:axis2>
                      <caom2:function>
                        <caom2:dimension>
                          <caom2:naxis1>2048</caom2:naxis1>
                          <caom2:naxis2>2048</caom2:naxis2>
                        </caom2:dimension>
                        <caom2:refCoord>
                          <caom2:coord1>
                            <caom2:pix>1023.90997314453</caom2:pix>
                            <caom2:val>33.3123016357422</caom2:val>
                          </caom2:coord1>
                          <caom2:coord2>
                            <caom2:pix>1023.96997070312</caom2:pix>
                            <caom2:val>-4.55763006210327</caom2:val>
                          </caom2:coord2>
                        </caom2:refCoord>
                        <caom2:cd11>1.30673001308423e-07</caom2:cd11>
                        <caom2:cd12>4.97703003929928e-05</caom2:cd12>
                        <caom2:cd21>4.97440014441963e-05</caom2:cd21>
                        <caom2:cd22>-1.55278996771813e-07</caom2:cd22>
                      </caom2:function>
                    </caom2:axis>
                    <caom2:coordsys>ICRS</caom2:coordsys>
                  </caom2:position>
                  <caom2:energy>
                    <caom2:axis>
                      <caom2:axis>
                        <caom2:ctype>WAVE</caom2:ctype>
                        <caom2:cunit>um</caom2:cunit>
                      </caom2:axis>
                      <caom2:range>
                        <caom2:start>
                          <caom2:pix>0.5</caom2:pix>
                          <caom2:val>0.969636363633</caom2:val>
                        </caom2:start>
                        <caom2:end>
                          <caom2:pix>1.5</caom2:pix>
                          <caom2:val>1.8047614678869999</caom2:val>
                        </caom2:end>
                      </caom2:range>
                    </caom2:axis>
                    <caom2:specsys>TOPOCENT</caom2:specsys>
                    <caom2:ssysobs>TOPOCENT</caom2:ssysobs>
                    <caom2:ssyssrc>TOPOCENT</caom2:ssyssrc>
                    <caom2:bandpassName>JH</caom2:bandpassName>
                    <caom2:resolvingPower>600.0</caom2:resolvingPower>
                  </caom2:energy>
                  <caom2:time>
                    <caom2:axis>
                      <caom2:axis>
                        <caom2:ctype>TIME</caom2:ctype>
                        <caom2:cunit>d</caom2:cunit>
                      </caom2:axis>
                      <caom2:error>
                        <caom2:syser>1e-07</caom2:syser>
                        <caom2:rnder>1e-07</caom2:rnder>
                      </caom2:error>
                      <caom2:function>
                        <caom2:naxis>1</caom2:naxis>
                        <caom2:delta>5.787037037037037e-05</caom2:delta>
                        <caom2:refCoord>
                          <caom2:pix>0.5</caom2:pix>
                          <caom2:val>58080.23033912037</caom2:val>
                        </caom2:refCoord>
                      </caom2:function>
                    </caom2:axis>
                    <caom2:timesys>UTC</caom2:timesys>
                    <caom2:exposure>5.0</caom2:exposure>
                    <caom2:resolution>5.0</caom2:resolution>
                  </caom2:time>
                </caom2:chunk>
              </caom2:chunks>
            </caom2:part>
          </caom2:parts>
        </caom2:artifact>
        <caom2:artifact caom2:id="00000000-0000-0000-bf64-5172df16694d" caom2:lastModified="2018-11-30T08:25:23.770" caom2:maxLastModified="2018-11-30T08:25:23.770" caom2:metaChecksum="md5:a8c836617738b23fab5398e0c38cacd5" caom2:accMetaChecksum="md5:ef723428815f4fc64fb2beaaf3fe91b9">
          <caom2:uri>gemini:GEM/S20171123S0166.jpg</caom2:uri>
          <caom2:productType>preview</caom2:productType>
          <caom2:releaseType>data</caom2:releaseType>
          <caom2:contentType>image/jpeg</caom2:contentType>
          <caom2:parts/>
        </caom2:artifact>
      </caom2:artifacts>
    </caom2:plane>
  </caom2:planes>
</caom2:Observation>
