<?xml version='1.0' encoding='UTF-8'?>
<caom2:Observation xmlns:caom2="http://www.opencadc.org/caom2/xml/v2.4" xmlns:xsi="http://www.w3.org/2001/XMLSchema-instance" xsi:type="caom2:SimpleObservation" caom2:id="3df4104b-0671-4f19-bcf0-f178edbb6fff">
  <caom2:collection>GEMINI</caom2:collection>
  <caom2:observationID>GS-CAL20191214-1-029</caom2:observationID>
  <caom2:metaRelease>2019-12-14T09:14:39.800</caom2:metaRelease>
  <caom2:algorithm>
    <caom2:name>exposure</caom2:name>
  </caom2:algorithm>
  <caom2:type>DARK</caom2:type>
  <caom2:intent>calibration</caom2:intent>
  <caom2:proposal>
    <caom2:id>GS-CAL20191214</caom2:id>
  </caom2:proposal>
  <caom2:target>
    <caom2:name>Dark</caom2:name>
    <caom2:type>field</caom2:type>
    <caom2:moving>true</caom2:moving>
  </caom2:target>
  <caom2:telescope>
    <caom2:name>Gemini-South</caom2:name>
    <caom2:geoLocationX>1820184.0557473274</caom2:geoLocationX>
    <caom2:geoLocationY>-5208320.066618682</caom2:geoLocationY>
    <caom2:geoLocationZ>-3194829.197152751</caom2:geoLocationZ>
  </caom2:telescope>
  <caom2:instrument>
    <caom2:name>F2</caom2:name>
  </caom2:instrument>
  <caom2:planes>
    <caom2:plane caom2:id="a3c8eb46-fd36-405e-b25f-52c70dfbce6f">
      <caom2:productID>S20191214S0301</caom2:productID>
      <caom2:metaRelease>2019-12-14T09:14:39.800</caom2:metaRelease>
      <caom2:dataRelease>2019-12-14T00:00:00.000</caom2:dataRelease>
      <caom2:dataProductType>image</caom2:dataProductType>
      <caom2:calibrationLevel>1</caom2:calibrationLevel>
      <caom2:provenance>
        <caom2:name>Gemini Observatory Data</caom2:name>
        <caom2:project>Gemini Archive</caom2:project>
        <caom2:producer>Gemini Observatory</caom2:producer>
        <caom2:reference>http://archive.gemini.edu/searchform/GS-CAL20191214-1-029</caom2:reference>
      </caom2:provenance>
      <caom2:artifacts>
        <caom2:artifact caom2:id="d6dda722-1bea-4cda-93d3-f38270fa1eb8">
          <caom2:uri>gemini:GEM/S20191214S0301.fits</caom2:uri>
          <caom2:productType>calibration</caom2:productType>
          <caom2:releaseType>data</caom2:releaseType>
          <caom2:contentType>application/fits</caom2:contentType>
          <caom2:contentLength>16799040</caom2:contentLength>
          <caom2:contentChecksum>md5:26b8dd88bf173a72293c1a93b6dd411d</caom2:contentChecksum>
          <caom2:parts>
            <caom2:part caom2:id="dfe9de0d-509b-4a25-a98d-c9446eed00f1">
              <caom2:name>0</caom2:name>
              <caom2:chunks/>
            </caom2:part>
            <caom2:part caom2:id="9bbefba5-704c-4d47-81cd-44cac2428b44">
              <caom2:name>1</caom2:name>
              <caom2:chunks>
                <caom2:chunk caom2:id="7f98a314-3a49-41bf-81ff-060c7cb04976">
                  <caom2:time>
                    <caom2:axis>
                      <caom2:axis>
                        <caom2:ctype>TIME</caom2:ctype>
                        <caom2:cunit>d</caom2:cunit>
                      </caom2:axis>
                      <caom2:error>
                        <caom2:syser>1e-07</caom2:syser>
                        <caom2:rnder>1e-07</caom2:rnder>
                      </caom2:error>
                      <caom2:function>
                        <caom2:naxis>1</caom2:naxis>
                        <caom2:delta>6.944444444444444e-05</caom2:delta>
                        <caom2:refCoord>
                          <caom2:pix>0.5</caom2:pix>
                          <caom2:val>58831.38518287037</caom2:val>
                        </caom2:refCoord>
                      </caom2:function>
                    </caom2:axis>
                    <caom2:timesys>UTC</caom2:timesys>
                    <caom2:exposure>6.0</caom2:exposure>
                    <caom2:resolution>6.0</caom2:resolution>
                  </caom2:time>
                </caom2:chunk>
              </caom2:chunks>
            </caom2:part>
          </caom2:parts>
        </caom2:artifact>
      </caom2:artifacts>
    </caom2:plane>
  </caom2:planes>
</caom2:Observation>
