<?xml version='1.0' encoding='UTF-8'?>
<caom2:Observation xmlns:caom2="http://www.opencadc.org/caom2/xml/v2.3" xmlns:xsi="http://www.w3.org/2001/XMLSchema-instance" xsi:type="caom2:SimpleObservation" caom2:id="00000000-0000-0000-bf80-836dca95060c" caom2:lastModified="2018-10-05T02:15:32.799" caom2:maxLastModified="2018-10-05T02:15:32.799" caom2:metaChecksum="md5:fd2ed53291790e9dcf456e45f538b0e7" caom2:accMetaChecksum="md5:f7c4ea26b0f5f96cdd48f55c32ab605c">
  <caom2:collection>GEMINI</caom2:collection>
  <caom2:observationID>GS-2014B-Q-60-11-012</caom2:observationID>
  <caom2:metaRelease>2015-01-13T09:29:09.100</caom2:metaRelease>
  <caom2:algorithm>
    <caom2:name>exposure</caom2:name>
  </caom2:algorithm>
  <caom2:type>FLAT</caom2:type>
  <caom2:intent>calibration</caom2:intent>
  <caom2:proposal>
    <caom2:id>GS-2014B-Q-60</caom2:id>
    <caom2:pi>Bettina Posselt</caom2:pi>
    <caom2:title>Confirming a substellar companion candidate around a neutron star</caom2:title>
  </caom2:proposal>
  <caom2:target>
    <caom2:name>GCALflat</caom2:name>
    <caom2:type>field</caom2:type>
    <caom2:moving>true</caom2:moving>
  </caom2:target>
  <caom2:telescope>
    <caom2:name>Gemini-South</caom2:name>
    <caom2:geoLocationX>1820184.0557473274</caom2:geoLocationX>
    <caom2:geoLocationY>-5208320.066618682</caom2:geoLocationY>
    <caom2:geoLocationZ>-3194829.197152751</caom2:geoLocationZ>
  </caom2:telescope>
  <caom2:instrument>
    <caom2:name>F2</caom2:name>
  </caom2:instrument>
  <caom2:planes>
    <caom2:plane caom2:id="00000000-0000-0000-82fd-869c680755c1" caom2:lastModified="2018-10-05T02:15:32.799" caom2:maxLastModified="2018-10-05T02:15:32.799" caom2:metaChecksum="md5:37c394609f951b0f078640acef0cf931" caom2:accMetaChecksum="md5:0a75d6b3b705e902f37b1fc4aca0122a">
      <caom2:productID>S20150113S0186</caom2:productID>
      <caom2:metaRelease>2015-01-13T09:29:09.100</caom2:metaRelease>
      <caom2:dataRelease>2015-01-13T00:00:00.000</caom2:dataRelease>
      <caom2:dataProductType>image</caom2:dataProductType>
      <caom2:calibrationLevel>1</caom2:calibrationLevel>
      <caom2:provenance>
        <caom2:name>Gemini Observatory Data</caom2:name>
        <caom2:project>Gemini Archive</caom2:project>
        <caom2:producer>Gemini Observatory</caom2:producer>
        <caom2:reference>http://archive.gemini.edu/searchform/GS-2014B-Q-60-11-012</caom2:reference>
      </caom2:provenance>
      <caom2:position/>
      <caom2:energy/>
      <caom2:time/>
      <caom2:polarization/>
      <caom2:artifacts>
        <caom2:artifact caom2:id="00000000-0000-0000-9e0a-5fc0391f5455" caom2:lastModified="2018-10-05T02:15:32.799" caom2:maxLastModified="2018-10-05T02:15:32.799" caom2:metaChecksum="md5:234da200e70a89a2f71e482d5420b08d" caom2:accMetaChecksum="md5:03df0c2b2e0ce1e8966ecaecd139062f">
          <caom2:uri>gemini:GEM/S20150113S0186.fits</caom2:uri>
          <caom2:productType>calibration</caom2:productType>
          <caom2:releaseType>data</caom2:releaseType>
          <caom2:contentType>application/fits</caom2:contentType>
          <caom2:contentLength>16799040</caom2:contentLength>
          <caom2:contentChecksum>md5:3892bfebc4f0b369e7f1f1b2860061b0</caom2:contentChecksum>
          <caom2:parts>
            <caom2:part caom2:id="00000000-0000-0000-9a90-c8be8d2349fd">
              <caom2:name>0</caom2:name>
              <caom2:chunks/>
            </caom2:part>
            <caom2:part caom2:id="00000000-0000-0000-a243-7b120b6774bc">
              <caom2:name>1</caom2:name>
              <caom2:chunks>
                <caom2:chunk caom2:id="00000000-0000-0000-8b77-0c1977004691">
                  <caom2:naxis>3</caom2:naxis>
                  <caom2:timeAxis>3</caom2:timeAxis>
                  <caom2:energy>
                    <caom2:axis>
                      <caom2:axis>
                        <caom2:ctype>WAVE</caom2:ctype>
                        <caom2:cunit>um</caom2:cunit>
                      </caom2:axis>
                      <caom2:range>
                        <caom2:start>
                          <caom2:pix>0.5</caom2:pix>
                          <caom2:val>1.1742979323279998</caom2:val>
                        </caom2:start>
                        <caom2:end>
                          <caom2:pix>1.5</caom2:pix>
                          <caom2:val>1.3332205882319998</caom2:val>
                        </caom2:end>
                      </caom2:range>
                    </caom2:axis>
                    <caom2:specsys>TOPOCENT</caom2:specsys>
                    <caom2:ssysobs>TOPOCENT</caom2:ssysobs>
                    <caom2:ssyssrc>TOPOCENT</caom2:ssyssrc>
                    <caom2:bandpassName>J</caom2:bandpassName>
                    <caom2:resolvingPower>7.889115954853882</caom2:resolvingPower>
                  </caom2:energy>
                  <caom2:time>
                    <caom2:axis>
                      <caom2:axis>
                        <caom2:ctype>TIME</caom2:ctype>
                        <caom2:cunit>d</caom2:cunit>
                      </caom2:axis>
                      <caom2:error>
                        <caom2:syser>1e-07</caom2:syser>
                        <caom2:rnder>1e-07</caom2:rnder>
                      </caom2:error>
                      <caom2:function>
                        <caom2:naxis>1</caom2:naxis>
                        <caom2:delta>0.0006944444444444445</caom2:delta>
                        <caom2:refCoord>
                          <caom2:pix>0.5</caom2:pix>
                          <caom2:val>57035.39524421296</caom2:val>
                        </caom2:refCoord>
                      </caom2:function>
                    </caom2:axis>
                    <caom2:timesys>UTC</caom2:timesys>
                    <caom2:exposure>60.0</caom2:exposure>
                    <caom2:resolution>60.0</caom2:resolution>
                  </caom2:time>
                </caom2:chunk>
              </caom2:chunks>
            </caom2:part>
          </caom2:parts>
        </caom2:artifact>
        <caom2:artifact caom2:id="00000000-0000-0000-88b7-4b4a806224fc" caom2:lastModified="2018-10-05T02:15:32.799" caom2:maxLastModified="2018-10-05T02:15:32.799" caom2:metaChecksum="md5:f5c7da91687b906aab6ac906678d6d79" caom2:accMetaChecksum="md5:e2805eea10224cdbd1bc5e418d93e44c">
          <caom2:uri>gemini:GEM/S20150113S0186.jpg</caom2:uri>
          <caom2:productType>preview</caom2:productType>
          <caom2:releaseType>data</caom2:releaseType>
          <caom2:contentType>image/jpeg</caom2:contentType>
          <caom2:parts/>
        </caom2:artifact>
      </caom2:artifacts>
    </caom2:plane>
  </caom2:planes>
</caom2:Observation>
