<?xml version='1.0' encoding='UTF-8'?>
<caom2:Observation xmlns:caom2="http://www.opencadc.org/caom2/xml/v2.3" xmlns:xsi="http://www.w3.org/2001/XMLSchema-instance" xsi:type="caom2:SimpleObservation" caom2:id="00000000-0000-0000-bc5c-e5fabfe4cae5" caom2:lastModified="2018-12-02T03:54:29.801" caom2:maxLastModified="2018-12-02T03:54:29.801" caom2:metaChecksum="md5:b703c9d65ee6f5b5bea2ef2b10958999" caom2:accMetaChecksum="md5:1b14f18a3bf0b810d990a71c00aed223">
  <caom2:collection>GEMINI</caom2:collection>
  <caom2:observationID>GS-2017A-Q-28-280-012</caom2:observationID>
  <caom2:metaRelease>2017-12-26T08:07:37.7000</caom2:metaRelease>
  <caom2:algorithm>
    <caom2:name>exposure</caom2:name>
  </caom2:algorithm>
  <caom2:type>OBJECT</caom2:type>
  <caom2:intent>science</caom2:intent>
  <caom2:proposal>
    <caom2:id>GS-2017A-Q-28</caom2:id>
    <caom2:pi>Scott Chapman</caom2:pi>
    <caom2:title>Probing the halo gas around submillimeter galaxies: new testbed for the enrichment of the circumgalactic medium</caom2:title>
  </caom2:proposal>
  <caom2:target>
    <caom2:name>sdss10</caom2:name>
    <caom2:type>object</caom2:type>
  </caom2:target>
  <caom2:telescope>
    <caom2:name>Gemini-South</caom2:name>
    <caom2:geoLocationX>1820184.0557473274</caom2:geoLocationX>
    <caom2:geoLocationY>-5208320.066618682</caom2:geoLocationY>
    <caom2:geoLocationZ>-3194829.197152751</caom2:geoLocationZ>
  </caom2:telescope>
  <caom2:instrument>
    <caom2:name>F2</caom2:name>
  </caom2:instrument>
  <caom2:planes>
    <caom2:plane caom2:id="00000000-0000-0000-9736-5bc69b3c39a2" caom2:lastModified="2018-12-02T03:54:29.801" caom2:maxLastModified="2018-12-02T03:54:29.801" caom2:metaChecksum="md5:511b08acdad2c9a6b23dd7d043ed35a4" caom2:accMetaChecksum="md5:daee10f838549a59b19b121ae8214030">
      <caom2:productID>S20171226S0358</caom2:productID>
      <caom2:metaRelease>2017-12-26T08:07:37.7000</caom2:metaRelease>
      <caom2:dataRelease>2018-12-26T00:00:00.000</caom2:dataRelease>
      <caom2:dataProductType>spectrum</caom2:dataProductType>
      <caom2:calibrationLevel>1</caom2:calibrationLevel>
      <caom2:provenance>
        <caom2:name>Gemini Observatory Data</caom2:name>
        <caom2:project>Gemini Archive</caom2:project>
        <caom2:producer>Gemini Observatory</caom2:producer>
        <caom2:reference>http://archive.gemini.edu/searchform/GS-2017A-Q-28-280-012</caom2:reference>
      </caom2:provenance>
      <caom2:position/>
      <caom2:energy/>
      <caom2:time/>
      <caom2:polarization/>
      <caom2:artifacts>
        <caom2:artifact caom2:id="00000000-0000-0000-8dc5-db1616f84ca4" caom2:lastModified="2018-12-02T03:54:29.801" caom2:maxLastModified="2018-12-02T03:54:29.801" caom2:metaChecksum="md5:b86895b5df7f29facafc77ee0cebeb34" caom2:accMetaChecksum="md5:3e9984490686aeee0e7e173760dc7e8e">
          <caom2:uri>gemini:GEM/S20171226S0358.fits</caom2:uri>
          <caom2:productType>science</caom2:productType>
          <caom2:releaseType>data</caom2:releaseType>
          <caom2:contentType>application/fits</caom2:contentType>
          <caom2:contentLength>16801920</caom2:contentLength>
          <caom2:contentChecksum>md5:2bbf71a7dc01abe297f8079a32008ccc</caom2:contentChecksum>
          <caom2:parts>
            <caom2:part caom2:id="00000000-0000-0000-be93-4e4c085e3d77">
              <caom2:name>0</caom2:name>
              <caom2:chunks/>
            </caom2:part>
            <caom2:part caom2:id="00000000-0000-0000-9ada-75dabcb89372">
              <caom2:name>1</caom2:name>
              <caom2:chunks>
                <caom2:chunk caom2:id="00000000-0000-0000-9b6a-9a29b2a3b366">
                  <caom2:naxis>3</caom2:naxis>
                  <caom2:positionAxis1>1</caom2:positionAxis1>
                  <caom2:positionAxis2>2</caom2:positionAxis2>
                  <caom2:timeAxis>3</caom2:timeAxis>
                  <caom2:position>
                    <caom2:axis>
                      <caom2:axis1>
                        <caom2:ctype>RA---TAN</caom2:ctype>
                        <caom2:cunit>deg</caom2:cunit>
                      </caom2:axis1>
                      <caom2:axis2>
                        <caom2:ctype>DEC--TAN</caom2:ctype>
                        <caom2:cunit>deg</caom2:cunit>
                      </caom2:axis2>
                      <caom2:function>
                        <caom2:dimension>
                          <caom2:naxis1>2048</caom2:naxis1>
                          <caom2:naxis2>2048</caom2:naxis2>
                        </caom2:dimension>
                        <caom2:refCoord>
                          <caom2:coord1>
                            <caom2:pix>1023.90997314453</caom2:pix>
                            <caom2:val>150.104995727539</caom2:val>
                          </caom2:coord1>
                          <caom2:coord2>
                            <caom2:pix>1023.96997070312</caom2:pix>
                            <caom2:val>2.10669994354248</caom2:val>
                          </caom2:coord2>
                        </caom2:refCoord>
                        <caom2:cd11>4.52940985269379e-05</caom2:cd11>
                        <caom2:cd12>2.0589499399648e-05</caom2:cd12>
                        <caom2:cd21>2.05946998903528e-05</caom2:cd21>
                        <caom2:cd22>-4.53247012046631e-05</caom2:cd22>
                      </caom2:function>
                    </caom2:axis>
                    <caom2:coordsys>ICRS</caom2:coordsys>
                  </caom2:position>
                  <caom2:energy>
                    <caom2:axis>
                      <caom2:axis>
                        <caom2:ctype>WAVE</caom2:ctype>
                        <caom2:cunit>um</caom2:cunit>
                      </caom2:axis>
                      <caom2:range>
                        <caom2:start>
                          <caom2:pix>0.5</caom2:pix>
                          <caom2:val>1.2612422480599998</caom2:val>
                        </caom2:start>
                        <caom2:end>
                          <caom2:pix>1.5</caom2:pix>
                          <caom2:val>2.5111239669399996</caom2:val>
                        </caom2:end>
                      </caom2:range>
                    </caom2:axis>
                    <caom2:specsys>TOPOCENT</caom2:specsys>
                    <caom2:ssysobs>TOPOCENT</caom2:ssysobs>
                    <caom2:ssyssrc>TOPOCENT</caom2:ssyssrc>
                    <caom2:bandpassName>HK</caom2:bandpassName>
                    <caom2:resolvingPower>350.0</caom2:resolvingPower>
                  </caom2:energy>
                  <caom2:time>
                    <caom2:axis>
                      <caom2:axis>
                        <caom2:ctype>TIME</caom2:ctype>
                        <caom2:cunit>d</caom2:cunit>
                      </caom2:axis>
                      <caom2:error>
                        <caom2:syser>1e-07</caom2:syser>
                        <caom2:rnder>1e-07</caom2:rnder>
                      </caom2:error>
                      <caom2:function>
                        <caom2:naxis>1</caom2:naxis>
                        <caom2:delta>0.003472222222222222</caom2:delta>
                        <caom2:refCoord>
                          <caom2:pix>0.5</caom2:pix>
                          <caom2:val>58113.33863078704</caom2:val>
                        </caom2:refCoord>
                      </caom2:function>
                    </caom2:axis>
                    <caom2:timesys>UTC</caom2:timesys>
                    <caom2:exposure>300.0</caom2:exposure>
                    <caom2:resolution>300.0</caom2:resolution>
                  </caom2:time>
                </caom2:chunk>
              </caom2:chunks>
            </caom2:part>
          </caom2:parts>
        </caom2:artifact>
        <caom2:artifact caom2:id="00000000-0000-0000-9725-512730528ba6" caom2:lastModified="2018-12-02T03:54:29.801" caom2:maxLastModified="2018-12-02T03:54:29.801" caom2:metaChecksum="md5:eefa9aeac08a00fe66149ce3c6cce3a9" caom2:accMetaChecksum="md5:43c2444438b2dc7d497c3fba2b8f0f77">
          <caom2:uri>gemini:GEM/S20171226S0358.jpg</caom2:uri>
          <caom2:productType>preview</caom2:productType>
          <caom2:releaseType>data</caom2:releaseType>
          <caom2:contentType>image/jpeg</caom2:contentType>
          <caom2:parts/>
        </caom2:artifact>
      </caom2:artifacts>
    </caom2:plane>
  </caom2:planes>
</caom2:Observation>
