<?xml version='1.0' encoding='UTF-8'?>
<caom2:Observation xmlns:caom2="http://www.opencadc.org/caom2/xml/v2.4" xmlns:xsi="http://www.w3.org/2001/XMLSchema-instance" xsi:type="caom2:SimpleObservation" caom2:id="00000000-0000-0000-bac0-b99181aad317" caom2:lastModified="2018-11-08T06:37:10.782" caom2:maxLastModified="2018-11-08T06:37:10.782" caom2:metaChecksum="md5:e103a136c44ab0f3ef8b90ada77fb001" caom2:accMetaChecksum="md5:44e0d452cdd924ac86e6e7a8df7782ae" caom2:metaProducer="gem2caom2/0.8">
  <caom2:collection>GEMINI</caom2:collection>
  <caom2:observationID>GN-CAL20030104-18-003</caom2:observationID>
  <caom2:metaRelease>2003-01-04T16:33:48.500</caom2:metaRelease>
  <caom2:algorithm>
    <caom2:name>exposure</caom2:name>
  </caom2:algorithm>
  <caom2:type>FLAT</caom2:type>
  <caom2:intent>calibration</caom2:intent>
  <caom2:proposal>
    <caom2:id>GN-CAL20030104</caom2:id>
  </caom2:proposal>
  <caom2:target>
    <caom2:name>Twilight</caom2:name>
    <caom2:type>field</caom2:type>
  </caom2:target>
  <caom2:telescope>
    <caom2:name>Gemini-North</caom2:name>
    <caom2:geoLocationX>-5464284.386715498</caom2:geoLocationX>
    <caom2:geoLocationY>-2493782.3091076654</caom2:geoLocationY>
    <caom2:geoLocationZ>2150786.380689657</caom2:geoLocationZ>
  </caom2:telescope>
  <caom2:instrument>
    <caom2:name>GMOS-N</caom2:name>
    <caom2:keywords>
      <caom2:keyword>imaging</caom2:keyword>
    </caom2:keywords>
  </caom2:instrument>
  <caom2:planes>
    <caom2:plane caom2:id="00000000-0000-0000-a0bc-6eb5bdfc0d40" caom2:lastModified="2018-11-08T06:37:10.782" caom2:maxLastModified="2018-11-08T06:37:10.782" caom2:metaChecksum="md5:3277694258b3746121cb0a6bda1cea44" caom2:accMetaChecksum="md5:889d0510f8094500a82e34fcf60e814d" caom2:metaProducer="gem2caom2/0.8">
      <caom2:productID>N20030104S0161</caom2:productID>
      <caom2:metaRelease>2003-01-04T16:33:48.500</caom2:metaRelease>
      <caom2:dataRelease>2003-01-04T00:00:00.000</caom2:dataRelease>
      <caom2:dataProductType>image</caom2:dataProductType>
      <caom2:calibrationLevel>1</caom2:calibrationLevel>
      <caom2:provenance>
        <caom2:name>Gemini Observatory Data</caom2:name>
        <caom2:project>Gemini Archive</caom2:project>
        <caom2:producer>NOAO-IRAF FITS Image Kernel July 1999</caom2:producer>
        <caom2:reference>http://archive.gemini.edu/searchform/GN-CAL20030104-18-003</caom2:reference>
      </caom2:provenance>
      <caom2:position/>
      <caom2:energy/>
      <caom2:time/>
      <caom2:polarization/>
      <caom2:artifacts>
        <caom2:artifact caom2:id="00000000-0000-0000-a31c-c88d8c33ebe5" caom2:lastModified="2018-11-08T06:37:10.782" caom2:maxLastModified="2018-11-08T06:37:10.782" caom2:metaChecksum="md5:4e866d2b628db641d5664eebaab37f4d" caom2:accMetaChecksum="md5:b173a39241b55cd3e198d742e2b1ad25" caom2:metaProducer="gem2caom2/0.8">
          <caom2:uri>gemini:GEM/N20030104S0161.fits</caom2:uri>
          <caom2:productType>calibration</caom2:productType>
          <caom2:releaseType>data</caom2:releaseType>
          <caom2:contentType>application/fits</caom2:contentType>
          <caom2:contentLength>14630400</caom2:contentLength>
          <caom2:contentChecksum>md5:4f9405903e428310715c3585c3fd17e1</caom2:contentChecksum>
          <caom2:parts>
            <caom2:part caom2:id="00000000-0000-0000-898a-cf9e47f93a15">
              <caom2:name>0</caom2:name>
              <caom2:chunks/>
            </caom2:part>
            <caom2:part caom2:id="00000000-0000-0000-8d54-c41d530ab91a">
              <caom2:name>1</caom2:name>
              <caom2:chunks>
                <caom2:chunk caom2:id="00000000-0000-0000-890d-77d1fae9672a" caom2:metaProducer="gem2caom2/0.8">
                  <caom2:naxis>2</caom2:naxis>
                  <caom2:positionAxis1>1</caom2:positionAxis1>
                  <caom2:positionAxis2>2</caom2:positionAxis2>
                  <caom2:position>
                    <caom2:axis>
                      <caom2:axis1>
                        <caom2:ctype>RA---TAN</caom2:ctype>
                        <caom2:cunit>deg</caom2:cunit>
                      </caom2:axis1>
                      <caom2:axis2>
                        <caom2:ctype>DEC--TAN</caom2:ctype>
                        <caom2:cunit>deg</caom2:cunit>
                      </caom2:axis2>
                      <caom2:function>
                        <caom2:dimension>
                          <caom2:naxis1>1056</caom2:naxis1>
                          <caom2:naxis2>2304</caom2:naxis2>
                        </caom2:dimension>
                        <caom2:refCoord>
                          <caom2:coord1>
                            <caom2:pix>1546.79383382569</caom2:pix>
                            <caom2:val>138.00079805882</caom2:val>
                          </caom2:coord1>
                          <caom2:coord2>
                            <caom2:pix>1166.36665807982</caom2:pix>
                            <caom2:val>-7.84652391949824</caom2:val>
                          </caom2:coord2>
                        </caom2:refCoord>
                        <caom2:cd11>-4.04899596496657e-05</caom2:cd11>
                        <caom2:cd12>8.60015665813473e-08</caom2:cd12>
                        <caom2:cd21>-2.67383042880549e-08</caom2:cd21>
                        <caom2:cd22>-4.04896433621781e-05</caom2:cd22>
                      </caom2:function>
                    </caom2:axis>
                    <caom2:coordsys>FK5</caom2:coordsys>
                    <caom2:equinox>2000.0</caom2:equinox>
                  </caom2:position>
                  <caom2:energy>
                    <caom2:axis>
                      <caom2:axis>
                        <caom2:ctype>WAVE</caom2:ctype>
                        <caom2:cunit>um</caom2:cunit>
                      </caom2:axis>
                      <caom2:range>
                        <caom2:start>
                          <caom2:pix>0.5</caom2:pix>
                          <caom2:val>0.3971153846155</caom2:val>
                        </caom2:start>
                        <caom2:end>
                          <caom2:pix>1.5</caom2:pix>
                          <caom2:val>0.5517079207925</caom2:val>
                        </caom2:end>
                      </caom2:range>
                    </caom2:axis>
                    <caom2:specsys>TOPOCENT</caom2:specsys>
                    <caom2:ssysobs>TOPOCENT</caom2:ssysobs>
                    <caom2:ssyssrc>TOPOCENT</caom2:ssyssrc>
                    <caom2:bandpassName>g</caom2:bandpassName>
                    <caom2:resolvingPower>3.0687875652730385</caom2:resolvingPower>
                  </caom2:energy>
                  <caom2:time>
                    <caom2:axis>
                      <caom2:axis>
                        <caom2:ctype>TIME</caom2:ctype>
                        <caom2:cunit>d</caom2:cunit>
                      </caom2:axis>
                      <caom2:error>
                        <caom2:syser>1e-07</caom2:syser>
                        <caom2:rnder>1e-07</caom2:rnder>
                      </caom2:error>
                      <caom2:function>
                        <caom2:naxis>1</caom2:naxis>
                        <caom2:delta>1.15984250549916e-05</caom2:delta>
                        <caom2:refCoord>
                          <caom2:pix>0.5</caom2:pix>
                          <caom2:val>52643.69014467593</caom2:val>
                        </caom2:refCoord>
                      </caom2:function>
                    </caom2:axis>
                    <caom2:timesys>UTC</caom2:timesys>
                    <caom2:exposure>1.0021</caom2:exposure>
                    <caom2:resolution>1.0021</caom2:resolution>
                  </caom2:time>
                </caom2:chunk>
              </caom2:chunks>
            </caom2:part>
            <caom2:part caom2:id="00000000-0000-0000-89b6-a7fb5b8d2910">
              <caom2:name>2</caom2:name>
              <caom2:chunks>
                <caom2:chunk caom2:id="00000000-0000-0000-8529-235b4baa99be" caom2:metaProducer="gem2caom2/0.8">
                  <caom2:naxis>2</caom2:naxis>
                  <caom2:positionAxis1>1</caom2:positionAxis1>
                  <caom2:positionAxis2>2</caom2:positionAxis2>
                  <caom2:position>
                    <caom2:axis>
                      <caom2:axis1>
                        <caom2:ctype>RA---TAN</caom2:ctype>
                        <caom2:cunit>deg</caom2:cunit>
                      </caom2:axis1>
                      <caom2:axis2>
                        <caom2:ctype>DEC--TAN</caom2:ctype>
                        <caom2:cunit>deg</caom2:cunit>
                      </caom2:axis2>
                      <caom2:function>
                        <caom2:dimension>
                          <caom2:naxis1>1056</caom2:naxis1>
                          <caom2:naxis2>2304</caom2:naxis2>
                        </caom2:dimension>
                        <caom2:refCoord>
                          <caom2:coord1>
                            <caom2:pix>501.45674074458</caom2:pix>
                            <caom2:val>138.00079805882</caom2:val>
                          </caom2:coord1>
                          <caom2:coord2>
                            <caom2:pix>1158.59082857151</caom2:pix>
                            <caom2:val>-7.84652391949824</caom2:val>
                          </caom2:coord2>
                        </caom2:refCoord>
                        <caom2:cd11>-4.05618821569985e-05</caom2:cd11>
                        <caom2:cd12>9.29364255478951e-08</caom2:cd12>
                        <caom2:cd21>-7.38970151558885e-08</caom2:cd21>
                        <caom2:cd22>-4.05023582318553e-05</caom2:cd22>
                      </caom2:function>
                    </caom2:axis>
                    <caom2:coordsys>FK5</caom2:coordsys>
                    <caom2:equinox>2000.0</caom2:equinox>
                  </caom2:position>
                  <caom2:energy>
                    <caom2:axis>
                      <caom2:axis>
                        <caom2:ctype>WAVE</caom2:ctype>
                        <caom2:cunit>um</caom2:cunit>
                      </caom2:axis>
                      <caom2:range>
                        <caom2:start>
                          <caom2:pix>0.5</caom2:pix>
                          <caom2:val>0.3971153846155</caom2:val>
                        </caom2:start>
                        <caom2:end>
                          <caom2:pix>1.5</caom2:pix>
                          <caom2:val>0.5517079207925</caom2:val>
                        </caom2:end>
                      </caom2:range>
                    </caom2:axis>
                    <caom2:specsys>TOPOCENT</caom2:specsys>
                    <caom2:ssysobs>TOPOCENT</caom2:ssysobs>
                    <caom2:ssyssrc>TOPOCENT</caom2:ssyssrc>
                    <caom2:bandpassName>g</caom2:bandpassName>
                    <caom2:resolvingPower>3.0687875652730385</caom2:resolvingPower>
                  </caom2:energy>
                  <caom2:time>
                    <caom2:axis>
                      <caom2:axis>
                        <caom2:ctype>TIME</caom2:ctype>
                        <caom2:cunit>d</caom2:cunit>
                      </caom2:axis>
                      <caom2:error>
                        <caom2:syser>1e-07</caom2:syser>
                        <caom2:rnder>1e-07</caom2:rnder>
                      </caom2:error>
                      <caom2:function>
                        <caom2:naxis>1</caom2:naxis>
                        <caom2:delta>1.15984250549916e-05</caom2:delta>
                        <caom2:refCoord>
                          <caom2:pix>0.5</caom2:pix>
                          <caom2:val>52643.69014467593</caom2:val>
                        </caom2:refCoord>
                      </caom2:function>
                    </caom2:axis>
                    <caom2:timesys>UTC</caom2:timesys>
                    <caom2:exposure>1.0021</caom2:exposure>
                    <caom2:resolution>1.0021</caom2:resolution>
                  </caom2:time>
                </caom2:chunk>
              </caom2:chunks>
            </caom2:part>
            <caom2:part caom2:id="00000000-0000-0000-8a4b-4c24c7be12b6">
              <caom2:name>3</caom2:name>
              <caom2:chunks>
                <caom2:chunk caom2:id="00000000-0000-0000-9772-e0361910f789" caom2:metaProducer="gem2caom2/0.8">
                  <caom2:naxis>2</caom2:naxis>
                  <caom2:positionAxis1>1</caom2:positionAxis1>
                  <caom2:positionAxis2>2</caom2:positionAxis2>
                  <caom2:position>
                    <caom2:axis>
                      <caom2:axis1>
                        <caom2:ctype>RA---TAN</caom2:ctype>
                        <caom2:cunit>deg</caom2:cunit>
                      </caom2:axis1>
                      <caom2:axis2>
                        <caom2:ctype>DEC--TAN</caom2:ctype>
                        <caom2:cunit>deg</caom2:cunit>
                      </caom2:axis2>
                      <caom2:function>
                        <caom2:dimension>
                          <caom2:naxis1>1056</caom2:naxis1>
                          <caom2:naxis2>2304</caom2:naxis2>
                        </caom2:dimension>
                        <caom2:refCoord>
                          <caom2:coord1>
                            <caom2:pix>-559.622435745126</caom2:pix>
                            <caom2:val>138.00079805882</caom2:val>
                          </caom2:coord1>
                          <caom2:coord2>
                            <caom2:pix>1155.2018539398</caom2:pix>
                            <caom2:val>-7.84652391949824</caom2:val>
                          </caom2:coord2>
                        </caom2:refCoord>
                        <caom2:cd11>-4.03412538359376e-05</caom2:cd11>
                        <caom2:cd12>3.94881688553842e-08</caom2:cd12>
                        <caom2:cd21>3.02290022123387e-07</caom2:cd21>
                        <caom2:cd22>-4.04979037470715e-05</caom2:cd22>
                      </caom2:function>
                    </caom2:axis>
                    <caom2:coordsys>FK5</caom2:coordsys>
                    <caom2:equinox>2000.0</caom2:equinox>
                  </caom2:position>
                  <caom2:energy>
                    <caom2:axis>
                      <caom2:axis>
                        <caom2:ctype>WAVE</caom2:ctype>
                        <caom2:cunit>um</caom2:cunit>
                      </caom2:axis>
                      <caom2:range>
                        <caom2:start>
                          <caom2:pix>0.5</caom2:pix>
                          <caom2:val>0.3971153846155</caom2:val>
                        </caom2:start>
                        <caom2:end>
                          <caom2:pix>1.5</caom2:pix>
                          <caom2:val>0.5517079207925</caom2:val>
                        </caom2:end>
                      </caom2:range>
                    </caom2:axis>
                    <caom2:specsys>TOPOCENT</caom2:specsys>
                    <caom2:ssysobs>TOPOCENT</caom2:ssysobs>
                    <caom2:ssyssrc>TOPOCENT</caom2:ssyssrc>
                    <caom2:bandpassName>g</caom2:bandpassName>
                    <caom2:resolvingPower>3.0687875652730385</caom2:resolvingPower>
                  </caom2:energy>
                  <caom2:time>
                    <caom2:axis>
                      <caom2:axis>
                        <caom2:ctype>TIME</caom2:ctype>
                        <caom2:cunit>d</caom2:cunit>
                      </caom2:axis>
                      <caom2:error>
                        <caom2:syser>1e-07</caom2:syser>
                        <caom2:rnder>1e-07</caom2:rnder>
                      </caom2:error>
                      <caom2:function>
                        <caom2:naxis>1</caom2:naxis>
                        <caom2:delta>1.15984250549916e-05</caom2:delta>
                        <caom2:refCoord>
                          <caom2:pix>0.5</caom2:pix>
                          <caom2:val>52643.69014467593</caom2:val>
                        </caom2:refCoord>
                      </caom2:function>
                    </caom2:axis>
                    <caom2:timesys>UTC</caom2:timesys>
                    <caom2:exposure>1.0021</caom2:exposure>
                    <caom2:resolution>1.0021</caom2:resolution>
                  </caom2:time>
                </caom2:chunk>
              </caom2:chunks>
            </caom2:part>
          </caom2:parts>
        </caom2:artifact>
        <caom2:artifact caom2:id="00000000-0000-0000-85ca-8270fd389d96" caom2:lastModified="2018-11-08T06:37:10.782" caom2:maxLastModified="2018-11-08T06:37:10.782" caom2:metaChecksum="md5:1f33308a2abad311886167437cd7cb70" caom2:accMetaChecksum="md5:fad6c2d0ac5d88072e55616781958524" caom2:metaProducer="gem2caom2/0.8">
          <caom2:uri>gemini:GEM/N20030104S0161.jpg</caom2:uri>
          <caom2:productType>preview</caom2:productType>
          <caom2:releaseType>data</caom2:releaseType>
          <caom2:contentType>image/jpeg</caom2:contentType>
          <caom2:parts/>
        </caom2:artifact>
      </caom2:artifacts>
    </caom2:plane>
  </caom2:planes>
</caom2:Observation>
