<?xml version='1.0' encoding='UTF-8'?>
<caom2:Observation xmlns:caom2="http://www.opencadc.org/caom2/xml/v2.3" xmlns:xsi="http://www.w3.org/2001/XMLSchema-instance" xsi:type="caom2:SimpleObservation" caom2:id="00000000-0000-0000-8c18-9c145cf32af3" caom2:lastModified="2018-11-08T20:43:51.037" caom2:maxLastModified="2018-11-08T20:43:51.037" caom2:metaChecksum="md5:f4648ec63b797ae9422f5c323a9536dc" caom2:accMetaChecksum="md5:40f6d8a985a5ef5d59800de6b0bed7de">
  <caom2:collection>GEMINI</caom2:collection>
  <caom2:observationID>GS-2008A-Q-41-26-013</caom2:observationID>
  <caom2:metaRelease>2008-05-26T01:10:15.500</caom2:metaRelease>
  <caom2:algorithm>
    <caom2:name>exposure</caom2:name>
  </caom2:algorithm>
  <caom2:type>DARK</caom2:type>
  <caom2:intent>calibration</caom2:intent>
  <caom2:proposal>
    <caom2:id>GS-2008A-Q-41</caom2:id>
    <caom2:pi>Rose Finn</caom2:pi>
    <caom2:title>GMOS Spectroscopy of Cluster Galaxies 24 $\mu$m Sources</caom2:title>
  </caom2:proposal>
  <caom2:target>
    <caom2:name>Dark</caom2:name>
    <caom2:type>object</caom2:type>
    <caom2:moving>true</caom2:moving>
  </caom2:target>
  <caom2:telescope>
    <caom2:name>Gemini-South</caom2:name>
    <caom2:geoLocationX>1820184.0557473274</caom2:geoLocationX>
    <caom2:geoLocationY>-5208320.066618682</caom2:geoLocationY>
    <caom2:geoLocationZ>-3194829.197152751</caom2:geoLocationZ>
  </caom2:telescope>
  <caom2:instrument>
    <caom2:name>GMOS-S</caom2:name>
  </caom2:instrument>
  <caom2:planes>
    <caom2:plane caom2:id="00000000-0000-0000-af3d-5a30a4f02f1e" caom2:lastModified="2018-11-08T20:43:51.037" caom2:maxLastModified="2018-11-08T20:43:51.037" caom2:metaChecksum="md5:68eba6f01af9194c689a11391cf97f78" caom2:accMetaChecksum="md5:33370c8d6c42f78293fdc7c5ee0e2cb1">
      <caom2:productID>S20080526S0024</caom2:productID>
      <caom2:metaRelease>2008-05-26T01:10:15.500</caom2:metaRelease>
      <caom2:dataRelease>2008-05-26T00:00:00.000</caom2:dataRelease>
      <caom2:dataProductType>spectrum</caom2:dataProductType>
      <caom2:calibrationLevel>1</caom2:calibrationLevel>
      <caom2:provenance>
        <caom2:name>Gemini Observatory Data</caom2:name>
        <caom2:project>Gemini Archive</caom2:project>
        <caom2:producer>Gemini Observatory</caom2:producer>
        <caom2:reference>http://archive.gemini.edu/searchform/GS-2008A-Q-41-26-013</caom2:reference>
        <caom2:keywords>
          <caom2:keyword>MOS</caom2:keyword>
        </caom2:keywords>
      </caom2:provenance>
      <caom2:position/>
      <caom2:energy/>
      <caom2:time/>
      <caom2:polarization/>
      <caom2:artifacts>
        <caom2:artifact caom2:id="00000000-0000-0000-b517-c4cac767b658" caom2:lastModified="2018-11-08T20:43:51.037" caom2:maxLastModified="2018-11-08T20:43:51.037" caom2:metaChecksum="md5:501a152b2954fa623c7b44acb4918852" caom2:accMetaChecksum="md5:7a565d838802c46a98d7c7548697fe18">
          <caom2:uri>gemini:GEM/S20080526S0024.fits</caom2:uri>
          <caom2:productType>calibration</caom2:productType>
          <caom2:releaseType>data</caom2:releaseType>
          <caom2:contentType>application/fits</caom2:contentType>
          <caom2:contentLength>7557120</caom2:contentLength>
          <caom2:contentChecksum>md5:bf863fc2dd9006398afa8125b13bf0e9</caom2:contentChecksum>
          <caom2:parts>
            <caom2:part caom2:id="00000000-0000-0000-8689-a7ef4478871b">
              <caom2:name>0</caom2:name>
              <caom2:chunks/>
            </caom2:part>
            <caom2:part caom2:id="00000000-0000-0000-a28f-9f748edee033">
              <caom2:name>1</caom2:name>
              <caom2:chunks>
                <caom2:chunk caom2:id="00000000-0000-0000-8da8-ecc118211bf5">
                  <caom2:time>
                    <caom2:axis>
                      <caom2:axis>
                        <caom2:ctype>TIME</caom2:ctype>
                        <caom2:cunit>d</caom2:cunit>
                      </caom2:axis>
                      <caom2:error>
                        <caom2:syser>1e-07</caom2:syser>
                        <caom2:rnder>1e-07</caom2:rnder>
                      </caom2:error>
                      <caom2:function>
                        <caom2:naxis>1</caom2:naxis>
                        <caom2:delta>0.006944375432751794</caom2:delta>
                        <caom2:refCoord>
                          <caom2:pix>0.5</caom2:pix>
                          <caom2:val>54612.04879050926</caom2:val>
                        </caom2:refCoord>
                      </caom2:function>
                    </caom2:axis>
                    <caom2:timesys>UTC</caom2:timesys>
                    <caom2:exposure>599.994</caom2:exposure>
                    <caom2:resolution>599.994</caom2:resolution>
                  </caom2:time>
                </caom2:chunk>
              </caom2:chunks>
            </caom2:part>
            <caom2:part caom2:id="00000000-0000-0000-afa8-0f5dd8a5c1c0">
              <caom2:name>2</caom2:name>
              <caom2:chunks>
                <caom2:chunk caom2:id="00000000-0000-0000-8bd7-57c8d9858c9a">
                  <caom2:time>
                    <caom2:axis>
                      <caom2:axis>
                        <caom2:ctype>TIME</caom2:ctype>
                        <caom2:cunit>d</caom2:cunit>
                      </caom2:axis>
                      <caom2:error>
                        <caom2:syser>1e-07</caom2:syser>
                        <caom2:rnder>1e-07</caom2:rnder>
                      </caom2:error>
                      <caom2:function>
                        <caom2:naxis>1</caom2:naxis>
                        <caom2:delta>0.006944375432751794</caom2:delta>
                        <caom2:refCoord>
                          <caom2:pix>0.5</caom2:pix>
                          <caom2:val>54612.04879050926</caom2:val>
                        </caom2:refCoord>
                      </caom2:function>
                    </caom2:axis>
                    <caom2:timesys>UTC</caom2:timesys>
                    <caom2:exposure>599.994</caom2:exposure>
                    <caom2:resolution>599.994</caom2:resolution>
                  </caom2:time>
                </caom2:chunk>
              </caom2:chunks>
            </caom2:part>
            <caom2:part caom2:id="00000000-0000-0000-b1c4-c66f9134757d">
              <caom2:name>3</caom2:name>
              <caom2:chunks>
                <caom2:chunk caom2:id="00000000-0000-0000-a458-49708b52f1ff">
                  <caom2:time>
                    <caom2:axis>
                      <caom2:axis>
                        <caom2:ctype>TIME</caom2:ctype>
                        <caom2:cunit>d</caom2:cunit>
                      </caom2:axis>
                      <caom2:error>
                        <caom2:syser>1e-07</caom2:syser>
                        <caom2:rnder>1e-07</caom2:rnder>
                      </caom2:error>
                      <caom2:function>
                        <caom2:naxis>1</caom2:naxis>
                        <caom2:delta>0.006944375432751794</caom2:delta>
                        <caom2:refCoord>
                          <caom2:pix>0.5</caom2:pix>
                          <caom2:val>54612.04879050926</caom2:val>
                        </caom2:refCoord>
                      </caom2:function>
                    </caom2:axis>
                    <caom2:timesys>UTC</caom2:timesys>
                    <caom2:exposure>599.994</caom2:exposure>
                    <caom2:resolution>599.994</caom2:resolution>
                  </caom2:time>
                </caom2:chunk>
              </caom2:chunks>
            </caom2:part>
          </caom2:parts>
        </caom2:artifact>
        <caom2:artifact caom2:id="00000000-0000-0000-b297-5ec4ce396d12" caom2:lastModified="2018-11-08T20:43:51.037" caom2:maxLastModified="2018-11-08T20:43:51.037" caom2:metaChecksum="md5:1ef203e34e603824dd3feebc75275a09" caom2:accMetaChecksum="md5:273460baa25db7544e875586b25e8fd7">
          <caom2:uri>gemini:GEM/S20080526S0024.jpg</caom2:uri>
          <caom2:productType>preview</caom2:productType>
          <caom2:releaseType>data</caom2:releaseType>
          <caom2:contentType>image/jpeg</caom2:contentType>
          <caom2:parts/>
        </caom2:artifact>
      </caom2:artifacts>
    </caom2:plane>
  </caom2:planes>
</caom2:Observation>
