<?xml version='1.0' encoding='UTF-8'?>
<caom2:Observation xmlns:caom2="http://www.opencadc.org/caom2/xml/v2.4" xmlns:xsi="http://www.w3.org/2001/XMLSchema-instance" xsi:type="caom2:SimpleObservation" caom2:id="00000000-0000-0000-a634-45f24f460443" caom2:lastModified="2018-10-10T05:53:58.028" caom2:maxLastModified="2018-10-10T05:53:58.028" caom2:metaChecksum="md5:bd355c38c471c4887b51be8844fd8030" caom2:accMetaChecksum="md5:c70eaf46ecffd38fd06bebad5182c5db" caom2:metaProducer="gem2caom2/0.8">
  <caom2:collection>GEMINI</caom2:collection>
  <caom2:observationID>GS-CAL20021110-6-0174</caom2:observationID>
  <caom2:metaRelease>2002-11-10T00:00:00.000</caom2:metaRelease>
  <caom2:algorithm>
    <caom2:name>exposure</caom2:name>
  </caom2:algorithm>
  <caom2:type>DARK</caom2:type>
  <caom2:intent>calibration</caom2:intent>
  <caom2:proposal>
    <caom2:id>GS-CAL20021110</caom2:id>
  </caom2:proposal>
  <caom2:target>
    <caom2:name>Darks</caom2:name>
    <caom2:type>field</caom2:type>
  </caom2:target>
  <caom2:telescope>
    <caom2:name>Gemini-South</caom2:name>
    <caom2:geoLocationX>1820184.0557473274</caom2:geoLocationX>
    <caom2:geoLocationY>-5208320.066618682</caom2:geoLocationY>
    <caom2:geoLocationZ>-3194829.197152751</caom2:geoLocationZ>
  </caom2:telescope>
  <caom2:instrument>
    <caom2:name>FLAMINGOS</caom2:name>
  </caom2:instrument>
  <caom2:planes>
    <caom2:plane caom2:id="00000000-0000-0000-aa3c-658722bba224" caom2:lastModified="2018-10-10T05:53:58.028" caom2:maxLastModified="2018-10-10T05:53:58.028" caom2:metaChecksum="md5:a49dc654b3dd2ceab49cfaf074136dcc" caom2:accMetaChecksum="md5:a07ffca400f9eda6ffe59a49da2d92d4" caom2:metaProducer="gem2caom2/0.8">
      <caom2:productID>02nov10.0174</caom2:productID>
      <caom2:metaRelease>2002-11-10T00:00:00.000</caom2:metaRelease>
      <caom2:dataRelease>2002-11-10T00:00:00.000</caom2:dataRelease>
      <caom2:dataProductType>image</caom2:dataProductType>
      <caom2:calibrationLevel>1</caom2:calibrationLevel>
      <caom2:provenance>
        <caom2:name>Gemini Observatory Data</caom2:name>
        <caom2:project>Gemini Archive</caom2:project>
        <caom2:producer>Gemini-South</caom2:producer>
        <caom2:reference>http://archive.gemini.edu/searchform/GS-CAL20021110-6-0174</caom2:reference>
      </caom2:provenance>
      <caom2:position/>
      <caom2:energy/>
      <caom2:time/>
      <caom2:polarization/>
      <caom2:artifacts>
        <caom2:artifact caom2:id="00000000-0000-0000-93d7-263fcf3ec56a" caom2:lastModified="2018-10-10T05:53:58.028" caom2:maxLastModified="2018-10-10T05:53:58.028" caom2:metaChecksum="md5:37186b5a881114be267c74686b9b3196" caom2:accMetaChecksum="md5:577a3ef867e8a66dcc6a31cd92506bea" caom2:metaProducer="gem2caom2/0.8">
          <caom2:uri>gemini:GEM/02nov10.0174.fits</caom2:uri>
          <caom2:productType>calibration</caom2:productType>
          <caom2:releaseType>data</caom2:releaseType>
          <caom2:contentType>application/fits</caom2:contentType>
          <caom2:contentLength>16796160</caom2:contentLength>
          <caom2:contentChecksum>md5:556408db631e945aabdeb78998a4617a</caom2:contentChecksum>
          <caom2:parts>
            <caom2:part caom2:id="00000000-0000-0000-82e8-4845d37f601b">
              <caom2:name>0</caom2:name>
              <caom2:chunks/>
            </caom2:part>
            <caom2:part caom2:id="00000000-0000-0000-bbe8-5f6120a9f7af">
              <caom2:name>1</caom2:name>
              <caom2:chunks>
                <caom2:chunk caom2:id="00000000-0000-0000-a572-9aba44896354" caom2:metaProducer="gem2caom2/0.8">
                  <caom2:naxis>2</caom2:naxis>
                  <caom2:positionAxis1>1</caom2:positionAxis1>
                  <caom2:positionAxis2>2</caom2:positionAxis2>
                  <caom2:position>
                    <caom2:axis>
                      <caom2:axis1>
                        <caom2:ctype>RA---TAN</caom2:ctype>
                        <caom2:cunit>deg</caom2:cunit>
                      </caom2:axis1>
                      <caom2:axis2>
                        <caom2:ctype>DEC--TAN</caom2:ctype>
                        <caom2:cunit>deg</caom2:cunit>
                      </caom2:axis2>
                      <caom2:function>
                        <caom2:dimension>
                          <caom2:naxis1>2048</caom2:naxis1>
                          <caom2:naxis2>2048</caom2:naxis2>
                        </caom2:dimension>
                        <caom2:refCoord>
                          <caom2:coord1>
                            <caom2:pix>1024.5</caom2:pix>
                            <caom2:val>89.133125</caom2:val>
                          </caom2:coord1>
                          <caom2:coord2>
                            <caom2:pix>1024.5</caom2:pix>
                            <caom2:val>-33.43447222</caom2:val>
                          </caom2:coord2>
                        </caom2:refCoord>
                        <caom2:cd11>-2.16e-05</caom2:cd11>
                        <caom2:cd12>-0.0</caom2:cd12>
                        <caom2:cd21>0.0</caom2:cd21>
                        <caom2:cd22>2.16e-05</caom2:cd22>
                      </caom2:function>
                    </caom2:axis>
                    <caom2:coordsys>FK5</caom2:coordsys>
                    <caom2:equinox>2000.0</caom2:equinox>
                  </caom2:position>
                  <caom2:energy>
                    <caom2:axis>
                      <caom2:axis>
                        <caom2:ctype>WAVE</caom2:ctype>
                        <caom2:cunit>um</caom2:cunit>
                      </caom2:axis>
                      <caom2:range>
                        <caom2:start>
                          <caom2:pix>0.5</caom2:pix>
                          <caom2:val>1.1697916666666301</caom2:val>
                        </caom2:start>
                        <caom2:end>
                          <caom2:pix>1.5</caom2:pix>
                          <caom2:val>1.32613949843257</caom2:val>
                        </caom2:end>
                      </caom2:range>
                    </caom2:axis>
                    <caom2:specsys>TOPOCENT</caom2:specsys>
                    <caom2:ssysobs>TOPOCENT</caom2:ssysobs>
                    <caom2:ssyssrc>TOPOCENT</caom2:ssyssrc>
                    <caom2:bandpassName>J</caom2:bandpassName>
                    <caom2:resolvingPower>7.981982023376332</caom2:resolvingPower>
                  </caom2:energy>
                  <caom2:time>
                    <caom2:axis>
                      <caom2:axis>
                        <caom2:ctype>TIME</caom2:ctype>
                        <caom2:cunit>d</caom2:cunit>
                      </caom2:axis>
                      <caom2:error>
                        <caom2:syser>1e-07</caom2:syser>
                        <caom2:rnder>1e-07</caom2:rnder>
                      </caom2:error>
                      <caom2:function>
                        <caom2:naxis>1</caom2:naxis>
                        <caom2:delta>0.000173611111111111</caom2:delta>
                        <caom2:refCoord>
                          <caom2:pix>0.5</caom2:pix>
                          <caom2:val>52588.4163248641</caom2:val>
                        </caom2:refCoord>
                      </caom2:function>
                    </caom2:axis>
                    <caom2:timesys>UTC</caom2:timesys>
                    <caom2:exposure>15.0</caom2:exposure>
                    <caom2:resolution>15.0</caom2:resolution>
                  </caom2:time>
                </caom2:chunk>
              </caom2:chunks>
            </caom2:part>
          </caom2:parts>
        </caom2:artifact>
        <caom2:artifact caom2:id="00000000-0000-0000-b435-ef5259015f5d" caom2:lastModified="2018-10-10T05:53:58.028" caom2:maxLastModified="2018-10-10T05:53:58.028" caom2:metaChecksum="md5:d0db26330c20af1d8cad6229ac93aa82" caom2:accMetaChecksum="md5:74b1a168f101a392bac03f44be1c4ad7" caom2:metaProducer="gem2caom2/0.8">
          <caom2:uri>gemini:GEM/02nov10.0174.jpg</caom2:uri>
          <caom2:productType>preview</caom2:productType>
          <caom2:releaseType>data</caom2:releaseType>
          <caom2:contentType>image/jpeg</caom2:contentType>
          <caom2:parts/>
        </caom2:artifact>
      </caom2:artifacts>
    </caom2:plane>
  </caom2:planes>
</caom2:Observation>
