<?xml version='1.0' encoding='UTF-8'?>
<caom2:Observation xmlns:caom2="http://www.opencadc.org/caom2/xml/v2.4" xmlns:xsi="http://www.w3.org/2001/XMLSchema-instance" xsi:type="caom2:SimpleObservation" caom2:id="00000000-0000-0000-b5bd-2c10244c3cd8" caom2:lastModified="2018-10-10T05:30:10.921" caom2:maxLastModified="2018-10-10T05:30:10.921" caom2:metaChecksum="md5:d9ed2b81e2915446b562dad379ffc2eb" caom2:accMetaChecksum="md5:85d00b37ac06bcc0ca8d2d00d7d3313b" caom2:metaProducer="gem2caom2/0.8">
  <caom2:collection>GEMINI</caom2:collection>
  <caom2:observationID>GS-2002B-DS-1-41-0016</caom2:observationID>
  <caom2:metaRelease>2002-11-05T00:00:00.000</caom2:metaRelease>
  <caom2:algorithm>
    <caom2:name>exposure</caom2:name>
  </caom2:algorithm>
  <caom2:type>OBJECT</caom2:type>
  <caom2:intent>science</caom2:intent>
  <caom2:proposal>
    <caom2:id>GS-2002B-DS-1</caom2:id>
  </caom2:proposal>
  <caom2:target>
    <caom2:name>Hip113982</caom2:name>
    <caom2:type>field</caom2:type>
  </caom2:target>
  <caom2:telescope>
    <caom2:name>Gemini-South</caom2:name>
    <caom2:geoLocationX>1820184.0557473274</caom2:geoLocationX>
    <caom2:geoLocationY>-5208320.066618682</caom2:geoLocationY>
    <caom2:geoLocationZ>-3194829.197152751</caom2:geoLocationZ>
  </caom2:telescope>
  <caom2:instrument>
    <caom2:name>FLAMINGOS</caom2:name>
  </caom2:instrument>
  <caom2:planes>
    <caom2:plane caom2:id="00000000-0000-0000-b0be-cc422f8ca21b" caom2:lastModified="2018-10-10T05:30:10.921" caom2:maxLastModified="2018-10-10T05:30:10.921" caom2:metaChecksum="md5:b22087218212a0d1f5140f73439da1a6" caom2:accMetaChecksum="md5:682d8ed9e65cc2d13178b113f138054a" caom2:metaProducer="gem2caom2/0.8">
      <caom2:productID>02nov05.0016</caom2:productID>
      <caom2:metaRelease>2002-11-05T00:00:00.000</caom2:metaRelease>
      <caom2:dataRelease>2003-01-05T00:00:00.000</caom2:dataRelease>
      <caom2:dataProductType>spectrum</caom2:dataProductType>
      <caom2:calibrationLevel>1</caom2:calibrationLevel>
      <caom2:provenance>
        <caom2:name>Gemini Observatory Data</caom2:name>
        <caom2:project>Gemini Archive</caom2:project>
        <caom2:producer>Gemini-South</caom2:producer>
        <caom2:reference>http://archive.gemini.edu/searchform/GS-2002B-DS-1-41-0016</caom2:reference>
      </caom2:provenance>
      <caom2:position/>
      <caom2:energy/>
      <caom2:time/>
      <caom2:polarization/>
      <caom2:artifacts>
        <caom2:artifact caom2:id="00000000-0000-0000-a090-e809f83c73c8" caom2:lastModified="2018-10-10T05:30:10.921" caom2:maxLastModified="2018-10-10T05:30:10.921" caom2:metaChecksum="md5:b16d11d6aa891198e1eacddb5dd1e71c" caom2:accMetaChecksum="md5:b631784b5f4ef172bd079e1508d01fde" caom2:metaProducer="gem2caom2/0.8">
          <caom2:uri>gemini:GEM/02nov05.0016.fits</caom2:uri>
          <caom2:productType>science</caom2:productType>
          <caom2:releaseType>data</caom2:releaseType>
          <caom2:contentType>application/fits</caom2:contentType>
          <caom2:contentLength>16796160</caom2:contentLength>
          <caom2:contentChecksum>md5:950a18c5dc2f428d2f351cc1285fc6e8</caom2:contentChecksum>
          <caom2:parts>
            <caom2:part caom2:id="00000000-0000-0000-9566-fd8d845718b8">
              <caom2:name>0</caom2:name>
              <caom2:chunks/>
            </caom2:part>
            <caom2:part caom2:id="00000000-0000-0000-bad8-d8ed4f5fa213">
              <caom2:name>1</caom2:name>
              <caom2:chunks>
                <caom2:chunk caom2:id="00000000-0000-0000-99ff-cb2f8d0fca6f" caom2:metaProducer="gem2caom2/0.8">
                  <caom2:naxis>2</caom2:naxis>
                  <caom2:positionAxis1>1</caom2:positionAxis1>
                  <caom2:positionAxis2>2</caom2:positionAxis2>
                  <caom2:position>
                    <caom2:axis>
                      <caom2:axis1>
                        <caom2:ctype>RA---TAN</caom2:ctype>
                        <caom2:cunit>deg</caom2:cunit>
                      </caom2:axis1>
                      <caom2:axis2>
                        <caom2:ctype>DEC--TAN</caom2:ctype>
                        <caom2:cunit>deg</caom2:cunit>
                      </caom2:axis2>
                      <caom2:function>
                        <caom2:dimension>
                          <caom2:naxis1>2048</caom2:naxis1>
                          <caom2:naxis2>2048</caom2:naxis2>
                        </caom2:dimension>
                        <caom2:refCoord>
                          <caom2:coord1>
                            <caom2:pix>1024.5</caom2:pix>
                            <caom2:val>346.25254167</caom2:val>
                          </caom2:coord1>
                          <caom2:coord2>
                            <caom2:pix>1024.5</caom2:pix>
                            <caom2:val>-58.77552778</caom2:val>
                          </caom2:coord2>
                        </caom2:refCoord>
                        <caom2:cd11>1.2926737491649734e-05</caom2:cd11>
                        <caom2:cd12>-1.7304896931850737e-05</caom2:cd12>
                        <caom2:cd21>-1.7304896931850737e-05</caom2:cd21>
                        <caom2:cd22>-1.2926737491649734e-05</caom2:cd22>
                      </caom2:function>
                    </caom2:axis>
                    <caom2:coordsys>FK5</caom2:coordsys>
                    <caom2:equinox>2000.0</caom2:equinox>
                  </caom2:position>
                  <caom2:energy>
                    <caom2:axis>
                      <caom2:axis>
                        <caom2:ctype>WAVE</caom2:ctype>
                        <caom2:cunit>um</caom2:cunit>
                      </caom2:axis>
                      <caom2:range>
                        <caom2:start>
                          <caom2:pix>0.5</caom2:pix>
                          <caom2:val>0.975</caom2:val>
                        </caom2:start>
                        <caom2:end>
                          <caom2:pix>1.5</caom2:pix>
                          <caom2:val>1.9249999999999998</caom2:val>
                        </caom2:end>
                      </caom2:range>
                    </caom2:axis>
                    <caom2:specsys>TOPOCENT</caom2:specsys>
                    <caom2:ssysobs>TOPOCENT</caom2:ssysobs>
                    <caom2:ssyssrc>TOPOCENT</caom2:ssyssrc>
                    <caom2:bandpassName>JH</caom2:bandpassName>
                    <caom2:resolvingPower>1300.0</caom2:resolvingPower>
                  </caom2:energy>
                  <caom2:time>
                    <caom2:axis>
                      <caom2:axis>
                        <caom2:ctype>TIME</caom2:ctype>
                        <caom2:cunit>d</caom2:cunit>
                      </caom2:axis>
                      <caom2:error>
                        <caom2:syser>1e-07</caom2:syser>
                        <caom2:rnder>1e-07</caom2:rnder>
                      </caom2:error>
                      <caom2:function>
                        <caom2:naxis>1</caom2:naxis>
                        <caom2:delta>0.000347222222222222</caom2:delta>
                        <caom2:refCoord>
                          <caom2:pix>0.5</caom2:pix>
                          <caom2:val>52583.0354379405</caom2:val>
                        </caom2:refCoord>
                      </caom2:function>
                    </caom2:axis>
                    <caom2:timesys>UTC</caom2:timesys>
                    <caom2:exposure>30.0</caom2:exposure>
                    <caom2:resolution>30.0</caom2:resolution>
                  </caom2:time>
                </caom2:chunk>
              </caom2:chunks>
            </caom2:part>
          </caom2:parts>
        </caom2:artifact>
        <caom2:artifact caom2:id="00000000-0000-0000-98d8-b7197423f24c" caom2:lastModified="2018-10-10T05:30:10.921" caom2:maxLastModified="2018-10-10T05:30:10.921" caom2:metaChecksum="md5:ba8fe1e78c99780fb6da823384a7afac" caom2:accMetaChecksum="md5:8861fbb817308b9fb772047bfd0ce5e5" caom2:metaProducer="gem2caom2/0.8">
          <caom2:uri>gemini:GEM/02nov05.0016.jpg</caom2:uri>
          <caom2:productType>preview</caom2:productType>
          <caom2:releaseType>data</caom2:releaseType>
          <caom2:contentType>image/jpeg</caom2:contentType>
          <caom2:parts/>
        </caom2:artifact>
      </caom2:artifacts>
    </caom2:plane>
  </caom2:planes>
</caom2:Observation>
