<?xml version='1.0' encoding='UTF-8'?>
<caom2:Observation xmlns:caom2="http://www.opencadc.org/caom2/xml/v2.4" xmlns:xsi="http://www.w3.org/2001/XMLSchema-instance" xsi:type="caom2:DerivedObservation" caom2:id="00000000-0000-0000-a6dd-98055a34e666" caom2:metaProducer="gem2caom2/0.8">
  <caom2:collection>GEMINI</caom2:collection>
  <caom2:observationID>GS-CAL20141129-1-001-DARK</caom2:observationID>
  <caom2:metaRelease>2014-11-29T09:11:34.600</caom2:metaRelease>
  <caom2:algorithm>
    <caom2:name>composite</caom2:name>
  </caom2:algorithm>
  <caom2:type>DARK</caom2:type>
  <caom2:intent>calibration</caom2:intent>
  <caom2:proposal>
    <caom2:id>GS-CAL20141129</caom2:id>
  </caom2:proposal>
  <caom2:target>
    <caom2:name>Dark</caom2:name>
    <caom2:type>field</caom2:type>
    <caom2:moving>true</caom2:moving>
  </caom2:target>
  <caom2:telescope>
    <caom2:name>Gemini-South</caom2:name>
    <caom2:geoLocationX>1820184.0557473274</caom2:geoLocationX>
    <caom2:geoLocationY>-5208320.066618682</caom2:geoLocationY>
    <caom2:geoLocationZ>-3194829.197152751</caom2:geoLocationZ>
  </caom2:telescope>
  <caom2:instrument>
    <caom2:name>F2</caom2:name>
  </caom2:instrument>
  <caom2:planes>
    <caom2:plane caom2:id="00000000-0000-0000-a7b7-3d850682c8be" caom2:metaProducer="gem2caom2/0.8">
      <caom2:productID>S20141129S0331_dark</caom2:productID>
      <caom2:metaRelease>2014-11-29T09:11:34.600</caom2:metaRelease>
      <caom2:dataRelease>2014-11-29T00:00:00.000</caom2:dataRelease>
      <caom2:dataProductType>image</caom2:dataProductType>
      <caom2:calibrationLevel>2</caom2:calibrationLevel>
      <caom2:provenance>
        <caom2:name>Gemini Observatory Data</caom2:name>
        <caom2:project>Gemini Archive</caom2:project>
        <caom2:producer>NOAO-IRAF FITS Image Kernel July 2003</caom2:producer>
        <caom2:reference>http://archive.gemini.edu/searchform/filepre=S20141129S0331_dark.fits</caom2:reference>
        <caom2:inputs>
          <caom2:planeURI>caom:GEMINI/GS-CAL20141129-1-002/S20141129S0332</caom2:planeURI>
          <caom2:planeURI>caom:GEMINI/GS-CAL20141129-1-004/S20141129S0334</caom2:planeURI>
          <caom2:planeURI>caom:GEMINI/GS-CAL20141129-1-005/S20141129S0335</caom2:planeURI>
          <caom2:planeURI>caom:GEMINI/GS-CAL20141129-1-001/S20141129S0331</caom2:planeURI>
          <caom2:planeURI>caom:GEMINI/GS-CAL20141129-1-007/S20141129S0337</caom2:planeURI>
          <caom2:planeURI>caom:GEMINI/GS-CAL20141129-1-003/S20141129S0333</caom2:planeURI>
          <caom2:planeURI>caom:GEMINI/GS-CAL20141129-1-006/S20141129S0336</caom2:planeURI>
        </caom2:inputs>
      </caom2:provenance>
      <caom2:artifacts>
        <caom2:artifact caom2:id="00000000-0000-0000-959d-c249737404c1" caom2:metaProducer="gem2caom2/0.8">
          <caom2:uri>gemini:GEM/S20141129S0331_dark.fits</caom2:uri>
          <caom2:productType>calibration</caom2:productType>
          <caom2:releaseType>data</caom2:releaseType>
          <caom2:contentType>application/fits</caom2:contentType>
          <caom2:contentLength>41999040</caom2:contentLength>
          <caom2:contentChecksum>md5:1676e27f8c9461b99935e100250a7e0b</caom2:contentChecksum>
          <caom2:parts>
            <caom2:part caom2:id="00000000-0000-0000-9fe7-6d0afd007a42">
              <caom2:name>0</caom2:name>
              <caom2:chunks/>
            </caom2:part>
            <caom2:part caom2:id="00000000-0000-0000-8ee0-34daa19549a5">
              <caom2:name>1</caom2:name>
              <caom2:chunks>
                <caom2:chunk caom2:id="00000000-0000-0000-8da7-24de12109bbf" caom2:metaProducer="gem2caom2/0.8">
                  <caom2:time>
                    <caom2:axis>
                      <caom2:axis>
                        <caom2:ctype>TIME</caom2:ctype>
                        <caom2:cunit>d</caom2:cunit>
                      </caom2:axis>
                      <caom2:error>
                        <caom2:syser>1e-07</caom2:syser>
                        <caom2:rnder>1e-07</caom2:rnder>
                      </caom2:error>
                      <caom2:function>
                        <caom2:naxis>1</caom2:naxis>
                        <caom2:delta>0.00011574074074074075</caom2:delta>
                        <caom2:refCoord>
                          <caom2:pix>0.5</caom2:pix>
                          <caom2:val>56990.38303935185</caom2:val>
                        </caom2:refCoord>
                      </caom2:function>
                    </caom2:axis>
                    <caom2:timesys>UTC</caom2:timesys>
                    <caom2:exposure>10.0</caom2:exposure>
                    <caom2:resolution>10.0</caom2:resolution>
                  </caom2:time>
                </caom2:chunk>
              </caom2:chunks>
            </caom2:part>
            <caom2:part caom2:id="00000000-0000-0000-8cf7-178e5ddd3301">
              <caom2:name>2</caom2:name>
              <caom2:chunks>
                <caom2:chunk caom2:id="00000000-0000-0000-893e-06d0a90c76ef" caom2:metaProducer="gem2caom2/0.8">
                  <caom2:time>
                    <caom2:axis>
                      <caom2:axis>
                        <caom2:ctype>TIME</caom2:ctype>
                        <caom2:cunit>d</caom2:cunit>
                      </caom2:axis>
                      <caom2:error>
                        <caom2:syser>1e-07</caom2:syser>
                        <caom2:rnder>1e-07</caom2:rnder>
                      </caom2:error>
                      <caom2:function>
                        <caom2:naxis>1</caom2:naxis>
                        <caom2:delta>0.00011574074074074075</caom2:delta>
                        <caom2:refCoord>
                          <caom2:pix>0.5</caom2:pix>
                          <caom2:val>56990.38303935185</caom2:val>
                        </caom2:refCoord>
                      </caom2:function>
                    </caom2:axis>
                    <caom2:timesys>UTC</caom2:timesys>
                    <caom2:exposure>10.0</caom2:exposure>
                    <caom2:resolution>10.0</caom2:resolution>
                  </caom2:time>
                </caom2:chunk>
              </caom2:chunks>
            </caom2:part>
            <caom2:part caom2:id="00000000-0000-0000-8955-4e159d15e38b">
              <caom2:name>3</caom2:name>
              <caom2:chunks>
                <caom2:chunk caom2:id="00000000-0000-0000-859b-4c8199e090c3" caom2:metaProducer="gem2caom2/0.8">
                  <caom2:time>
                    <caom2:axis>
                      <caom2:axis>
                        <caom2:ctype>TIME</caom2:ctype>
                        <caom2:cunit>d</caom2:cunit>
                      </caom2:axis>
                      <caom2:error>
                        <caom2:syser>1e-07</caom2:syser>
                        <caom2:rnder>1e-07</caom2:rnder>
                      </caom2:error>
                      <caom2:function>
                        <caom2:naxis>1</caom2:naxis>
                        <caom2:delta>0.00011574074074074075</caom2:delta>
                        <caom2:refCoord>
                          <caom2:pix>0.5</caom2:pix>
                          <caom2:val>56990.38303935185</caom2:val>
                        </caom2:refCoord>
                      </caom2:function>
                    </caom2:axis>
                    <caom2:timesys>UTC</caom2:timesys>
                    <caom2:exposure>10.0</caom2:exposure>
                    <caom2:resolution>10.0</caom2:resolution>
                  </caom2:time>
                </caom2:chunk>
              </caom2:chunks>
            </caom2:part>
          </caom2:parts>
        </caom2:artifact>
      </caom2:artifacts>
    </caom2:plane>
  </caom2:planes>
  <caom2:members>
    <caom2:observationURI>caom:GEMINI/GS-CAL20141129-1-007</caom2:observationURI>
    <caom2:observationURI>caom:GEMINI/GS-CAL20141129-1-003</caom2:observationURI>
    <caom2:observationURI>caom:GEMINI/GS-CAL20141129-1-002</caom2:observationURI>
    <caom2:observationURI>caom:GEMINI/GS-CAL20141129-1-001</caom2:observationURI>
    <caom2:observationURI>caom:GEMINI/GS-CAL20141129-1-004</caom2:observationURI>
    <caom2:observationURI>caom:GEMINI/GS-CAL20141129-1-006</caom2:observationURI>
    <caom2:observationURI>caom:GEMINI/GS-CAL20141129-1-005</caom2:observationURI>
  </caom2:members>
</caom2:Observation>
