<?xml version='1.0' encoding='UTF-8'?>
<caom2:Observation xmlns:caom2="http://www.opencadc.org/caom2/xml/v2.4" xmlns:xsi="http://www.w3.org/2001/XMLSchema-instance" xsi:type="caom2:SimpleObservation" caom2:id="00000000-0000-0000-93fc-9e0021eb9c8c" caom2:lastModified="2018-10-18T07:35:22.994" caom2:maxLastModified="2018-10-18T07:35:22.994" caom2:metaChecksum="md5:ae5c6e87b0b92f8bb35235109f67a31a" caom2:accMetaChecksum="md5:2a340a1b7ae198ddffb08f2e54f66280" caom2:metaProducer="gem2caom2/0.8">
  <caom2:collection>GEMINI</caom2:collection>
  <caom2:observationID>GN-2012A-Q-2-22-007</caom2:observationID>
  <caom2:metaRelease>2012-04-11T09:39:07.000</caom2:metaRelease>
  <caom2:algorithm>
    <caom2:name>exposure</caom2:name>
  </caom2:algorithm>
  <caom2:type>ARC</caom2:type>
  <caom2:intent>calibration</caom2:intent>
  <caom2:proposal>
    <caom2:id>GN-2012A-Q-2</caom2:id>
    <caom2:pi>Junfeng Wang</caom2:pi>
    <caom2:title>Near-Infrared Integral Field Spectroscopy of an AGN Pair in a Nearby Spiral Galaxy</caom2:title>
  </caom2:proposal>
  <caom2:target>
    <caom2:name>Xe,Ar</caom2:name>
    <caom2:type>object</caom2:type>
  </caom2:target>
  <caom2:telescope>
    <caom2:name>Gemini-North</caom2:name>
    <caom2:geoLocationX>-5464284.386715498</caom2:geoLocationX>
    <caom2:geoLocationY>-2493782.3091076654</caom2:geoLocationY>
    <caom2:geoLocationZ>2150786.380689657</caom2:geoLocationZ>
  </caom2:telescope>
  <caom2:instrument>
    <caom2:name>NIFS</caom2:name>
  </caom2:instrument>
  <caom2:planes>
    <caom2:plane caom2:id="00000000-0000-0000-a1ea-e9390cb474f8" caom2:lastModified="2018-10-18T07:35:22.994" caom2:maxLastModified="2018-10-18T07:35:22.994" caom2:metaChecksum="md5:79834ee542a63a8dc2b0772932146ee2" caom2:accMetaChecksum="md5:a9b3a00829ea6fae7315edd7696ee6aa" caom2:metaProducer="gem2caom2/0.8">
      <caom2:productID>N20120411S0279</caom2:productID>
      <caom2:metaRelease>2012-04-11T09:39:07.000</caom2:metaRelease>
      <caom2:dataRelease>2012-04-11T00:00:00.000</caom2:dataRelease>
      <caom2:dataProductType>spectrum</caom2:dataProductType>
      <caom2:calibrationLevel>1</caom2:calibrationLevel>
      <caom2:provenance>
        <caom2:name>Gemini Observatory Data</caom2:name>
        <caom2:project>Gemini Archive</caom2:project>
        <caom2:producer>NOAO-IRAF FITS Image Kernel July 2003</caom2:producer>
        <caom2:reference>http://archive.gemini.edu/searchform/GN-2012A-Q-2-22-007</caom2:reference>
      </caom2:provenance>
      <caom2:position/>
      <caom2:energy/>
      <caom2:time/>
      <caom2:polarization/>
      <caom2:artifacts>
        <caom2:artifact caom2:id="00000000-0000-0000-835c-8c6cb1fc2702" caom2:lastModified="2018-10-18T07:35:22.994" caom2:maxLastModified="2018-10-18T07:35:22.994" caom2:metaChecksum="md5:ff9b039ef393ad22f40cac95fc914b9d" caom2:accMetaChecksum="md5:494932dd266e861e7cb46419e72e4168" caom2:metaProducer="gem2caom2/0.8">
          <caom2:uri>gemini:GEM/N20120411S0279.fits</caom2:uri>
          <caom2:productType>calibration</caom2:productType>
          <caom2:releaseType>data</caom2:releaseType>
          <caom2:contentType>application/fits</caom2:contentType>
          <caom2:contentLength>16804800</caom2:contentLength>
          <caom2:contentChecksum>md5:c8cdb734dd2d0f4b0c56ae6459b1a4b2</caom2:contentChecksum>
          <caom2:parts>
            <caom2:part caom2:id="00000000-0000-0000-b11d-0a8d65254823">
              <caom2:name>0</caom2:name>
              <caom2:chunks/>
            </caom2:part>
            <caom2:part caom2:id="00000000-0000-0000-9794-54ca00281b41">
              <caom2:name>1</caom2:name>
              <caom2:chunks>
                <caom2:chunk caom2:id="00000000-0000-0000-97a0-43180976f969" caom2:metaProducer="gem2caom2/0.8">
                  <caom2:naxis>2</caom2:naxis>
                  <caom2:positionAxis1>1</caom2:positionAxis1>
                  <caom2:positionAxis2>2</caom2:positionAxis2>
                  <caom2:position>
                    <caom2:axis>
                      <caom2:axis1>
                        <caom2:ctype>RA---TAN</caom2:ctype>
                        <caom2:cunit>deg</caom2:cunit>
                      </caom2:axis1>
                      <caom2:axis2>
                        <caom2:ctype>DEC--TAN</caom2:ctype>
                        <caom2:cunit>deg</caom2:cunit>
                      </caom2:axis2>
                      <caom2:function>
                        <caom2:dimension>
                          <caom2:naxis1>2048</caom2:naxis1>
                          <caom2:naxis2>2048</caom2:naxis2>
                        </caom2:dimension>
                        <caom2:refCoord>
                          <caom2:coord1>
                            <caom2:pix>1.0</caom2:pix>
                            <caom2:val>178.4614375</caom2:val>
                          </caom2:coord1>
                          <caom2:coord2>
                            <caom2:pix>1.0</caom2:pix>
                            <caom2:val>-25.83586944</caom2:val>
                          </caom2:coord2>
                        </caom2:refCoord>
                        <caom2:cd11>4.06901041666666e-07</caom2:cd11>
                        <caom2:cd12>0.0</caom2:cd12>
                        <caom2:cd21>0.0</caom2:cd21>
                        <caom2:cd22>4.06901041666666e-07</caom2:cd22>
                      </caom2:function>
                    </caom2:axis>
                    <caom2:coordsys>FK5</caom2:coordsys>
                    <caom2:equinox>2000.0</caom2:equinox>
                  </caom2:position>
                  <caom2:energy>
                    <caom2:axis>
                      <caom2:axis>
                        <caom2:ctype>WAVE</caom2:ctype>
                        <caom2:cunit>um</caom2:cunit>
                      </caom2:axis>
                      <caom2:range>
                        <caom2:start>
                          <caom2:pix>0.5</caom2:pix>
                          <caom2:val>1.995</caom2:val>
                        </caom2:start>
                        <caom2:end>
                          <caom2:pix>1.5</caom2:pix>
                          <caom2:val>2.4050000000000002</caom2:val>
                        </caom2:end>
                      </caom2:range>
                    </caom2:axis>
                    <caom2:specsys>TOPOCENT</caom2:specsys>
                    <caom2:ssysobs>TOPOCENT</caom2:ssysobs>
                    <caom2:ssyssrc>TOPOCENT</caom2:ssyssrc>
                    <caom2:bandpassName>HK</caom2:bandpassName>
                    <caom2:resolvingPower>5290.0</caom2:resolvingPower>
                  </caom2:energy>
                  <caom2:time>
                    <caom2:axis>
                      <caom2:axis>
                        <caom2:ctype>TIME</caom2:ctype>
                        <caom2:cunit>d</caom2:cunit>
                      </caom2:axis>
                      <caom2:error>
                        <caom2:syser>1e-07</caom2:syser>
                        <caom2:rnder>1e-07</caom2:rnder>
                      </caom2:error>
                      <caom2:function>
                        <caom2:naxis>1</caom2:naxis>
                        <caom2:delta>0.000347222222222222</caom2:delta>
                        <caom2:refCoord>
                          <caom2:pix>0.5</caom2:pix>
                          <caom2:val>56028.40216435185</caom2:val>
                        </caom2:refCoord>
                      </caom2:function>
                    </caom2:axis>
                    <caom2:timesys>UTC</caom2:timesys>
                    <caom2:exposure>30.0</caom2:exposure>
                    <caom2:resolution>30.0</caom2:resolution>
                  </caom2:time>
                </caom2:chunk>
              </caom2:chunks>
            </caom2:part>
          </caom2:parts>
        </caom2:artifact>
        <caom2:artifact caom2:id="00000000-0000-0000-8a36-1123a4655b0f" caom2:lastModified="2018-10-18T07:35:22.994" caom2:maxLastModified="2018-10-18T07:35:22.994" caom2:metaChecksum="md5:5c7e434d46ebbaf4f2d80d03e1cb8d39" caom2:accMetaChecksum="md5:dd1d064409b2ee4b6633496e5c70de1c" caom2:metaProducer="gem2caom2/0.8">
          <caom2:uri>gemini:GEM/N20120411S0279.jpg</caom2:uri>
          <caom2:productType>preview</caom2:productType>
          <caom2:releaseType>data</caom2:releaseType>
          <caom2:contentType>image/jpeg</caom2:contentType>
          <caom2:parts/>
        </caom2:artifact>
      </caom2:artifacts>
    </caom2:plane>
  </caom2:planes>
</caom2:Observation>
