<?xml version='1.0' encoding='UTF-8'?>
<caom2:Observation xmlns:caom2="http://www.opencadc.org/caom2/xml/v2.4" xmlns:xsi="http://www.w3.org/2001/XMLSchema-instance" xsi:type="caom2:SimpleObservation" caom2:id="00000000-0000-0000-955d-9520f4db28d0" caom2:lastModified="2018-10-11T08:17:08.111" caom2:maxLastModified="2018-10-11T08:17:08.111" caom2:metaChecksum="md5:8769cb3d529d6df70c23c62481a5174c" caom2:accMetaChecksum="md5:d117bca68e8318a6f86cbff4441fab7a" caom2:metaProducer="gem2caom2/0.8">
  <caom2:collection>GEMINI</caom2:collection>
  <caom2:observationID>GN-2015B-Q-34-55-040</caom2:observationID>
  <caom2:metaRelease>2015-11-29T16:44:51.900</caom2:metaRelease>
  <caom2:algorithm>
    <caom2:name>exposure</caom2:name>
  </caom2:algorithm>
  <caom2:type>FLAT</caom2:type>
  <caom2:intent>calibration</caom2:intent>
  <caom2:proposal>
    <caom2:id>GN-2015B-Q-34</caom2:id>
    <caom2:pi>Christian Wolf</caom2:pi>
    <caom2:title>Measuring star formation in red spirals with Paschen-Alpha</caom2:title>
  </caom2:proposal>
  <caom2:target>
    <caom2:name>GCALflat</caom2:name>
    <caom2:type>field</caom2:type>
    <caom2:moving>true</caom2:moving>
  </caom2:target>
  <caom2:telescope>
    <caom2:name>Gemini-North</caom2:name>
    <caom2:geoLocationX>-5464284.386715498</caom2:geoLocationX>
    <caom2:geoLocationY>-2493782.3091076654</caom2:geoLocationY>
    <caom2:geoLocationZ>2150786.380689657</caom2:geoLocationZ>
  </caom2:telescope>
  <caom2:instrument>
    <caom2:name>NIRI</caom2:name>
  </caom2:instrument>
  <caom2:planes>
    <caom2:plane caom2:id="00000000-0000-0000-8a7e-ad9e87ad6604" caom2:lastModified="2018-10-11T08:17:08.111" caom2:maxLastModified="2018-10-11T08:17:08.111" caom2:metaChecksum="md5:81550e6faa3a92cb0df0517e96716a48" caom2:accMetaChecksum="md5:9fd7685c9523cb8b43ed8a6ac09e7299" caom2:metaProducer="gem2caom2/0.8">
      <caom2:productID>N20151129S0307</caom2:productID>
      <caom2:metaRelease>2015-11-29T16:44:51.900</caom2:metaRelease>
      <caom2:dataRelease>2015-11-29T00:00:00.000</caom2:dataRelease>
      <caom2:dataProductType>image</caom2:dataProductType>
      <caom2:calibrationLevel>1</caom2:calibrationLevel>
      <caom2:provenance>
        <caom2:name>Gemini Observatory Data</caom2:name>
        <caom2:project>Gemini Archive</caom2:project>
        <caom2:producer>Gemini Observatory</caom2:producer>
        <caom2:reference>http://archive.gemini.edu/searchform/GN-2015B-Q-34-55-040</caom2:reference>
      </caom2:provenance>
      <caom2:position/>
      <caom2:energy/>
      <caom2:time/>
      <caom2:polarization/>
      <caom2:artifacts>
        <caom2:artifact caom2:id="00000000-0000-0000-bf4c-cc69cc65cf08" caom2:lastModified="2018-10-11T08:17:08.111" caom2:maxLastModified="2018-10-11T08:17:08.111" caom2:metaChecksum="md5:0c8664bee3c16b2bfdb2d2c7078a508a" caom2:accMetaChecksum="md5:59a5ec8207c320b9876287f92db24762" caom2:metaProducer="gem2caom2/0.8">
          <caom2:uri>gemini:GEM/N20151129S0307.fits</caom2:uri>
          <caom2:productType>calibration</caom2:productType>
          <caom2:releaseType>data</caom2:releaseType>
          <caom2:contentType>application/fits</caom2:contentType>
          <caom2:contentLength>4213440</caom2:contentLength>
          <caom2:contentChecksum>md5:a1ea4ebc8bcd8f0597bcaa2c9265aa1d</caom2:contentChecksum>
          <caom2:parts>
            <caom2:part caom2:id="00000000-0000-0000-aae1-08ad87878244">
              <caom2:name>0</caom2:name>
              <caom2:chunks/>
            </caom2:part>
            <caom2:part caom2:id="00000000-0000-0000-8e58-5c140c2b9f39">
              <caom2:name>1</caom2:name>
              <caom2:chunks>
                <caom2:chunk caom2:id="00000000-0000-0000-99d9-0aa328db1f82" caom2:metaProducer="gem2caom2/0.8">
                  <caom2:energy>
                    <caom2:axis>
                      <caom2:axis>
                        <caom2:ctype>WAVE</caom2:ctype>
                        <caom2:cunit>um</caom2:cunit>
                      </caom2:axis>
                      <caom2:range>
                        <caom2:start>
                          <caom2:pix>0.5</caom2:pix>
                          <caom2:val>2.10913665833925</caom2:val>
                        </caom2:start>
                        <caom2:end>
                          <caom2:pix>1.5</caom2:pix>
                          <caom2:val>2.14100503890075</caom2:val>
                        </caom2:end>
                      </caom2:range>
                    </caom2:axis>
                    <caom2:specsys>TOPOCENT</caom2:specsys>
                    <caom2:ssysobs>TOPOCENT</caom2:ssysobs>
                    <caom2:ssyssrc>TOPOCENT</caom2:ssyssrc>
                    <caom2:bandpassName>H2_1-0_S1</caom2:bandpassName>
                    <caom2:resolvingPower>66.68273728308885</caom2:resolvingPower>
                  </caom2:energy>
                  <caom2:time>
                    <caom2:axis>
                      <caom2:axis>
                        <caom2:ctype>TIME</caom2:ctype>
                        <caom2:cunit>d</caom2:cunit>
                      </caom2:axis>
                      <caom2:error>
                        <caom2:syser>1e-07</caom2:syser>
                        <caom2:rnder>1e-07</caom2:rnder>
                      </caom2:error>
                      <caom2:function>
                        <caom2:naxis>1</caom2:naxis>
                        <caom2:delta>1.96875e-05</caom2:delta>
                        <caom2:refCoord>
                          <caom2:pix>0.5</caom2:pix>
                          <caom2:val>57355.69782291666</caom2:val>
                        </caom2:refCoord>
                      </caom2:function>
                    </caom2:axis>
                    <caom2:timesys>UTC</caom2:timesys>
                    <caom2:exposure>1.701</caom2:exposure>
                    <caom2:resolution>1.701</caom2:resolution>
                  </caom2:time>
                </caom2:chunk>
              </caom2:chunks>
            </caom2:part>
          </caom2:parts>
        </caom2:artifact>
        <caom2:artifact caom2:id="00000000-0000-0000-be16-6dd1d9f535c4" caom2:lastModified="2018-10-11T08:17:08.111" caom2:maxLastModified="2018-10-11T08:17:08.111" caom2:metaChecksum="md5:7495ad3eb7d7ec4bc83eb29e82fec7ba" caom2:accMetaChecksum="md5:5361ddfbb699b16cb6694ad6b6cc8358" caom2:metaProducer="gem2caom2/0.8">
          <caom2:uri>gemini:GEM/N20151129S0307.jpg</caom2:uri>
          <caom2:productType>preview</caom2:productType>
          <caom2:releaseType>data</caom2:releaseType>
          <caom2:contentType>image/jpeg</caom2:contentType>
          <caom2:parts/>
        </caom2:artifact>
      </caom2:artifacts>
    </caom2:plane>
  </caom2:planes>
</caom2:Observation>
