<?xml version='1.0' encoding='UTF-8'?>
<caom2:Observation xmlns:caom2="http://www.opencadc.org/caom2/xml/v2.3" xmlns:xsi="http://www.w3.org/2001/XMLSchema-instance" xsi:type="caom2:SimpleObservation" caom2:id="00000000-0000-0000-a767-d9f54fb56e34">
  <caom2:collection>GEMINI</caom2:collection>
  <caom2:observationID>GN-2014B-C-1-157-100</caom2:observationID>
  <caom2:metaRelease>2014-12-03T23:27:33.200</caom2:metaRelease>
  <caom2:algorithm>
    <caom2:name>exposure</caom2:name>
  </caom2:algorithm>
  <caom2:type>FLAT</caom2:type>
  <caom2:intent>calibration</caom2:intent>
  <caom2:proposal>
    <caom2:id>GN-2014B-C-1</caom2:id>
    <caom2:pi>Yasuto Takahashi</caom2:pi>
    <caom2:title>Study of the structure of Jovian atmosphere by Galilean satellites eclipse</caom2:title>
  </caom2:proposal>
  <caom2:target>
    <caom2:name>GCALflat</caom2:name>
    <caom2:type>field</caom2:type>
    <caom2:moving>true</caom2:moving>
  </caom2:target>
  <caom2:telescope>
    <caom2:name>Gemini-North</caom2:name>
    <caom2:geoLocationX>-5464284.386715498</caom2:geoLocationX>
    <caom2:geoLocationY>-2493782.3091076654</caom2:geoLocationY>
    <caom2:geoLocationZ>2150786.380689657</caom2:geoLocationZ>
  </caom2:telescope>
  <caom2:instrument>
    <caom2:name>NIRI</caom2:name>
  </caom2:instrument>
  <caom2:planes>
    <caom2:plane caom2:id="00000000-0000-0000-a482-4f25a0033947">
      <caom2:productID>N20141203S0891</caom2:productID>
      <caom2:metaRelease>2014-12-03T23:27:33.200</caom2:metaRelease>
      <caom2:dataRelease>2014-12-03T00:00:00.000</caom2:dataRelease>
      <caom2:dataProductType>image</caom2:dataProductType>
      <caom2:calibrationLevel>1</caom2:calibrationLevel>
      <caom2:provenance>
        <caom2:name>Gemini Observatory Data</caom2:name>
        <caom2:project>Gemini Archive</caom2:project>
        <caom2:producer>Gemini Observatory</caom2:producer>
        <caom2:reference>http://archive.gemini.edu/searchform/GN-2014B-C-1-157-100</caom2:reference>
      </caom2:provenance>
      <caom2:artifacts>
        <caom2:artifact caom2:id="00000000-0000-0000-8307-2b1fd48322ef">
          <caom2:uri>gemini:GEM/N20141203S0891.fits</caom2:uri>
          <caom2:productType>calibration</caom2:productType>
          <caom2:releaseType>data</caom2:releaseType>
          <caom2:contentType>application/fits</caom2:contentType>
          <caom2:contentLength>4213440</caom2:contentLength>
          <caom2:contentChecksum>md5:fdb1b388058a0e508aa08d3ff0e9085b</caom2:contentChecksum>
          <caom2:parts>
            <caom2:part caom2:id="00000000-0000-0000-a5c4-43cb290287e9">
              <caom2:name>0</caom2:name>
              <caom2:chunks/>
            </caom2:part>
            <caom2:part caom2:id="00000000-0000-0000-b50b-d51d6dac4ec1">
              <caom2:name>1</caom2:name>
              <caom2:chunks>
                <caom2:chunk caom2:id="00000000-0000-0000-abc1-dc1ea15b255d">
                  <caom2:energy>
                    <caom2:axis>
                      <caom2:axis>
                        <caom2:ctype>WAVE</caom2:ctype>
                        <caom2:cunit>um</caom2:cunit>
                      </caom2:axis>
                      <caom2:range>
                        <caom2:start>
                          <caom2:pix>0.5</caom2:pix>
                          <caom2:val>1.1186</caom2:val>
                        </caom2:start>
                        <caom2:end>
                          <caom2:pix>1.5</caom2:pix>
                          <caom2:val>1.1278</caom2:val>
                        </caom2:end>
                      </caom2:range>
                    </caom2:axis>
                    <caom2:specsys>TOPOCENT</caom2:specsys>
                    <caom2:ssysobs>TOPOCENT</caom2:ssysobs>
                    <caom2:ssyssrc>TOPOCENT</caom2:ssyssrc>
                    <caom2:bandpassName>Jcon(112)</caom2:bandpassName>
                    <caom2:resolvingPower>122.08695652173913</caom2:resolvingPower>
                  </caom2:energy>
                  <caom2:time>
                    <caom2:axis>
                      <caom2:axis>
                        <caom2:ctype>TIME</caom2:ctype>
                        <caom2:cunit>d</caom2:cunit>
                      </caom2:axis>
                      <caom2:error>
                        <caom2:syser>1e-07</caom2:syser>
                        <caom2:rnder>1e-07</caom2:rnder>
                      </caom2:error>
                      <caom2:function>
                        <caom2:naxis>1</caom2:naxis>
                        <caom2:delta>2.43171296296296e-05</caom2:delta>
                        <caom2:refCoord>
                          <caom2:pix>0.5</caom2:pix>
                          <caom2:val>56994.97746759259</caom2:val>
                        </caom2:refCoord>
                      </caom2:function>
                    </caom2:axis>
                    <caom2:timesys>UTC</caom2:timesys>
                    <caom2:exposure>2.101</caom2:exposure>
                    <caom2:resolution>2.101</caom2:resolution>
                  </caom2:time>
                </caom2:chunk>
              </caom2:chunks>
            </caom2:part>
          </caom2:parts>
        </caom2:artifact>
      </caom2:artifacts>
    </caom2:plane>
  </caom2:planes>
</caom2:Observation>
