<?xml version='1.0' encoding='UTF-8'?>
<caom2:Observation xmlns:caom2="http://www.opencadc.org/caom2/xml/v2.4" xmlns:xsi="http://www.w3.org/2001/XMLSchema-instance" xsi:type="caom2:SimpleObservation" caom2:id="00000000-0000-0000-9d43-014cb13de692" caom2:lastModified="2018-05-09T05:50:52.306" caom2:maxLastModified="2018-05-09T05:50:52.306" caom2:metaChecksum="md5:f49c5f967ee984690d7aeadce18eb90a" caom2:accMetaChecksum="md5:e6ed9fa431ef29d8044860b8da0b7a01" caom2:metaProducer="gem2caom2/0.8">
  <caom2:collection>GEMINI</caom2:collection>
  <caom2:observationID>GN-2015A-C-1-27-071</caom2:observationID>
  <caom2:metaRelease>2015-04-05T03:27:35.600</caom2:metaRelease>
  <caom2:algorithm>
    <caom2:name>exposure</caom2:name>
  </caom2:algorithm>
  <caom2:type>FLAT</caom2:type>
  <caom2:intent>calibration</caom2:intent>
  <caom2:proposal>
    <caom2:id>GN-2015A-C-1</caom2:id>
    <caom2:pi>Kohji Tsumura</caom2:pi>
    <caom2:title>Vertical structure of Jovian haze based on deep Galilean satellite eclipses</caom2:title>
  </caom2:proposal>
  <caom2:target>
    <caom2:name>GCALflat</caom2:name>
    <caom2:type>field</caom2:type>
    <caom2:moving>true</caom2:moving>
  </caom2:target>
  <caom2:telescope>
    <caom2:name>Gemini-North</caom2:name>
    <caom2:geoLocationX>-5464284.386715498</caom2:geoLocationX>
    <caom2:geoLocationY>-2493782.3091076654</caom2:geoLocationY>
    <caom2:geoLocationZ>2150786.380689657</caom2:geoLocationZ>
  </caom2:telescope>
  <caom2:instrument>
    <caom2:name>NIRI</caom2:name>
  </caom2:instrument>
  <caom2:planes>
    <caom2:plane caom2:id="00000000-0000-0000-9d43-014cb13de742" caom2:lastModified="2015-04-13T05:26:07.060" caom2:maxLastModified="2018-05-09T05:50:52.306" caom2:metaChecksum="md5:7e6f0dceeb516dfd762a70eda171a8c5" caom2:accMetaChecksum="md5:a8799f0b323eab84376029adafa784fe" caom2:metaProducer="gem2caom2/0.8">
      <caom2:productID>N20150405S0028</caom2:productID>
      <caom2:metaRelease>2015-04-05T03:27:35.600</caom2:metaRelease>
      <caom2:dataRelease>2015-04-05T00:00:00.000</caom2:dataRelease>
      <caom2:dataProductType>image</caom2:dataProductType>
      <caom2:calibrationLevel>1</caom2:calibrationLevel>
      <caom2:provenance>
        <caom2:name>Gemini Observatory Data</caom2:name>
        <caom2:project>Gemini Archive</caom2:project>
        <caom2:producer>Gemini Observatory</caom2:producer>
        <caom2:reference>http://archive.gemini.edu/searchform/GN-2015A-C-1-27-071</caom2:reference>
      </caom2:provenance>
      <caom2:position/>
      <caom2:energy/>
      <caom2:time/>
      <caom2:polarization/>
      <caom2:artifacts>
        <caom2:artifact caom2:id="00000000-0000-0000-9d43-014cb13de749" caom2:lastModified="2018-05-09T05:50:52.306" caom2:maxLastModified="2018-05-09T05:50:52.306" caom2:metaChecksum="md5:85783fa80a3ee5abf445e14d78da72ad" caom2:accMetaChecksum="md5:1cfb8e503bf74251c2605eb8097a249f" caom2:metaProducer="gem2caom2/0.8">
          <caom2:uri>gemini:GEM/N20150405S0028.fits</caom2:uri>
          <caom2:productType>calibration</caom2:productType>
          <caom2:releaseType>data</caom2:releaseType>
          <caom2:contentType>application/fits</caom2:contentType>
          <caom2:contentLength>4213440</caom2:contentLength>
          <caom2:contentChecksum>md5:8d2f8e9826b237509fa85442e3de662c</caom2:contentChecksum>
          <caom2:parts>
            <caom2:part caom2:id="00000000-0000-0000-9d43-014cb13de74c" caom2:lastModified="2015-04-13T05:26:07.060" caom2:maxLastModified="2015-04-13T05:26:07.060" caom2:metaChecksum="md5:0514e55d018c72e1799c92f4848f6018" caom2:accMetaChecksum="md5:cdbfb0a875f536786d543a0f6a399c29">
              <caom2:name>0</caom2:name>
              <caom2:chunks/>
            </caom2:part>
            <caom2:part caom2:id="00000000-0000-0000-9d43-014cb13de74e" caom2:lastModified="2015-04-13T05:26:07.060" caom2:maxLastModified="2015-04-13T05:26:07.060" caom2:metaChecksum="md5:6b93599435437c806e91f94380fa7955" caom2:accMetaChecksum="md5:d8ef8e7e045d374243d5bcffdeac5f3a">
              <caom2:name>1</caom2:name>
              <caom2:chunks>
                <caom2:chunk caom2:id="00000000-0000-0000-ba67-263d0ff0661a" caom2:metaProducer="gem2caom2/0.8">
                  <caom2:energy>
                    <caom2:axis>
                      <caom2:axis>
                        <caom2:ctype>WAVE</caom2:ctype>
                        <caom2:cunit>um</caom2:cunit>
                      </caom2:axis>
                      <caom2:range>
                        <caom2:start>
                          <caom2:pix>0.5</caom2:pix>
                          <caom2:val>1.630661575263</caom2:val>
                        </caom2:start>
                        <caom2:end>
                          <caom2:pix>1.5</caom2:pix>
                          <caom2:val>1.7478492729769999</caom2:val>
                        </caom2:end>
                      </caom2:range>
                    </caom2:axis>
                    <caom2:specsys>TOPOCENT</caom2:specsys>
                    <caom2:ssysobs>TOPOCENT</caom2:ssysobs>
                    <caom2:ssyssrc>TOPOCENT</caom2:ssyssrc>
                    <caom2:bandpassName>CH4(long)</caom2:bandpassName>
                    <caom2:resolvingPower>14.414955298829039</caom2:resolvingPower>
                  </caom2:energy>
                  <caom2:time>
                    <caom2:axis>
                      <caom2:axis>
                        <caom2:ctype>TIME</caom2:ctype>
                        <caom2:cunit>d</caom2:cunit>
                      </caom2:axis>
                      <caom2:error>
                        <caom2:syser>1e-07</caom2:syser>
                        <caom2:rnder>1e-07</caom2:rnder>
                      </caom2:error>
                      <caom2:function>
                        <caom2:naxis>1</caom2:naxis>
                        <caom2:delta>0.000486122685185185</caom2:delta>
                        <caom2:refCoord>
                          <caom2:pix>0.5</caom2:pix>
                          <caom2:val>57117.14416203704</caom2:val>
                        </caom2:refCoord>
                      </caom2:function>
                    </caom2:axis>
                    <caom2:timesys>UTC</caom2:timesys>
                    <caom2:exposure>42.001</caom2:exposure>
                    <caom2:resolution>42.001</caom2:resolution>
                  </caom2:time>
                </caom2:chunk>
              </caom2:chunks>
            </caom2:part>
          </caom2:parts>
        </caom2:artifact>
        <caom2:artifact caom2:id="00000000-0000-0000-b01d-ac60136f486e" caom2:lastModified="2018-10-05T23:43:50.266" caom2:maxLastModified="2018-10-05T23:43:50.266" caom2:metaChecksum="md5:47bf5eade8433f45274ccf7ad6c9f70a" caom2:accMetaChecksum="md5:9f83715f6a5f8bd19ebbd714f13f1aa8" caom2:metaProducer="gem2caom2/0.8">
          <caom2:uri>gemini:GEM/N20150405S0028.jpg</caom2:uri>
          <caom2:productType>preview</caom2:productType>
          <caom2:releaseType>data</caom2:releaseType>
          <caom2:contentType>image/jpeg</caom2:contentType>
          <caom2:parts/>
        </caom2:artifact>
      </caom2:artifacts>
    </caom2:plane>
  </caom2:planes>
</caom2:Observation>
