<?xml version='1.0' encoding='UTF-8'?>
<caom2:Observation xmlns:caom2="http://www.opencadc.org/caom2/xml/v2.4" xmlns:xsi="http://www.w3.org/2001/XMLSchema-instance" xsi:type="caom2:SimpleObservation" caom2:id="00000000-0000-0000-3f7b-014ca933cd6e" caom2:lastModified="2018-05-08T12:31:56.416" caom2:maxLastModified="2018-05-08T12:31:56.416" caom2:metaChecksum="md5:2092cbc73396f2d079f08dba7f6098f7" caom2:accMetaChecksum="md5:abd121bd2297aabc0bee82d299cbfd4c" caom2:metaProducer="gem2caom2/0.8">
  <caom2:collection>GEMINI</caom2:collection>
  <caom2:observationID>GN-2015A-C-1-27-001</caom2:observationID>
  <caom2:metaRelease>2015-04-04T16:09:09.600</caom2:metaRelease>
  <caom2:algorithm>
    <caom2:name>exposure</caom2:name>
  </caom2:algorithm>
  <caom2:type>DARK</caom2:type>
  <caom2:intent>calibration</caom2:intent>
  <caom2:proposal>
    <caom2:id>GN-2015A-C-1</caom2:id>
    <caom2:pi>Kohji Tsumura</caom2:pi>
    <caom2:title>Vertical structure of Jovian haze based on deep Galilean satellite eclipses</caom2:title>
  </caom2:proposal>
  <caom2:target>
    <caom2:name>Dark</caom2:name>
    <caom2:type>field</caom2:type>
    <caom2:moving>true</caom2:moving>
  </caom2:target>
  <caom2:telescope>
    <caom2:name>Gemini-North</caom2:name>
    <caom2:geoLocationX>-5464284.386715498</caom2:geoLocationX>
    <caom2:geoLocationY>-2493782.3091076654</caom2:geoLocationY>
    <caom2:geoLocationZ>2150786.380689657</caom2:geoLocationZ>
  </caom2:telescope>
  <caom2:instrument>
    <caom2:name>NIRI</caom2:name>
  </caom2:instrument>
  <caom2:planes>
    <caom2:plane caom2:id="00000000-0000-0000-3f7b-014ca933ce5a" caom2:lastModified="2015-04-11T15:58:07.930" caom2:maxLastModified="2018-05-08T12:31:56.416" caom2:metaChecksum="md5:7a095e83bf5ca25284a7c5bc742e85da" caom2:accMetaChecksum="md5:9facd3e94ddfc68586f6b497bf70cd5d" caom2:metaProducer="gem2caom2/0.8">
      <caom2:productID>N20150404S0872</caom2:productID>
      <caom2:metaRelease>2015-04-04T16:09:09.600</caom2:metaRelease>
      <caom2:dataRelease>2015-04-04T00:00:00.000</caom2:dataRelease>
      <caom2:dataProductType>image</caom2:dataProductType>
      <caom2:calibrationLevel>1</caom2:calibrationLevel>
      <caom2:provenance>
        <caom2:name>Gemini Observatory Data</caom2:name>
        <caom2:project>Gemini Archive</caom2:project>
        <caom2:producer>Gemini Observatory</caom2:producer>
        <caom2:reference>http://archive.gemini.edu/searchform/GN-2015A-C-1-27-001</caom2:reference>
      </caom2:provenance>
      <caom2:position/>
      <caom2:energy/>
      <caom2:time/>
      <caom2:polarization/>
      <caom2:artifacts>
        <caom2:artifact caom2:id="00000000-0000-0000-3f7b-014ca933ce61" caom2:lastModified="2018-05-08T12:31:56.416" caom2:maxLastModified="2018-05-08T12:31:56.416" caom2:metaChecksum="md5:8a72cd5e94d9ab962fc7f1baecd3f2e6" caom2:accMetaChecksum="md5:c4935142ed38b766b236a99aa5a3d0b8" caom2:metaProducer="gem2caom2/0.8">
          <caom2:uri>gemini:GEM/N20150404S0872.fits</caom2:uri>
          <caom2:productType>calibration</caom2:productType>
          <caom2:releaseType>data</caom2:releaseType>
          <caom2:contentType>application/fits</caom2:contentType>
          <caom2:contentLength>4213440</caom2:contentLength>
          <caom2:contentChecksum>md5:3a120109cc616fa49f1092579fba3312</caom2:contentChecksum>
          <caom2:parts>
            <caom2:part caom2:id="00000000-0000-0000-86c9-cd6156d80358">
              <caom2:name>0</caom2:name>
              <caom2:chunks/>
            </caom2:part>
            <caom2:part caom2:id="00000000-0000-0000-a66a-903a7abad4a1">
              <caom2:name>1</caom2:name>
              <caom2:chunks>
                <caom2:chunk caom2:id="00000000-0000-0000-8527-27c72a605d34" caom2:metaProducer="gem2caom2/0.8">
                  <caom2:time>
                    <caom2:axis>
                      <caom2:axis>
                        <caom2:ctype>TIME</caom2:ctype>
                        <caom2:cunit>d</caom2:cunit>
                      </caom2:axis>
                      <caom2:error>
                        <caom2:syser>1e-07</caom2:syser>
                        <caom2:rnder>1e-07</caom2:rnder>
                      </caom2:error>
                      <caom2:function>
                        <caom2:naxis>1</caom2:naxis>
                        <caom2:delta>0.000115752314814814</caom2:delta>
                        <caom2:refCoord>
                          <caom2:pix>0.5</caom2:pix>
                          <caom2:val>57116.67302777778</caom2:val>
                        </caom2:refCoord>
                      </caom2:function>
                    </caom2:axis>
                    <caom2:timesys>UTC</caom2:timesys>
                    <caom2:exposure>10.001</caom2:exposure>
                    <caom2:resolution>10.001</caom2:resolution>
                  </caom2:time>
                </caom2:chunk>
              </caom2:chunks>
            </caom2:part>
          </caom2:parts>
        </caom2:artifact>
        <caom2:artifact caom2:id="00000000-0000-0000-a6c8-2b6be6e4e8ce" caom2:lastModified="2018-10-05T23:31:04.561" caom2:maxLastModified="2018-10-05T23:31:04.561" caom2:metaChecksum="md5:4c1d7c8498cc9a37760cde125ef5fd5f" caom2:accMetaChecksum="md5:7aae4c68dd2548df6379af39fec67430" caom2:metaProducer="gem2caom2/0.8">
          <caom2:uri>gemini:GEM/N20150404S0872.jpg</caom2:uri>
          <caom2:productType>preview</caom2:productType>
          <caom2:releaseType>data</caom2:releaseType>
          <caom2:contentType>image/jpeg</caom2:contentType>
          <caom2:parts/>
        </caom2:artifact>
      </caom2:artifacts>
    </caom2:plane>
  </caom2:planes>
</caom2:Observation>
