<caom2:Observation xmlns:caom2="http://www.opencadc.org/caom2/xml/v2.4" xmlns:xsi="http://www.w3.org/2001/XMLSchema-instance" xsi:type="caom2:SimpleObservation" caom2:id="df35f546-877d-4fe9-87d9-80211f391393" caom2:lastModified="2021-02-25T19:28:31.680" caom2:maxLastModified="2021-02-25T19:28:31.680" caom2:metaChecksum="md5:3d39952c56a26e51dabf815a66bdddf2" caom2:accMetaChecksum="md5:4da2764a2828ee25ce9ccbf391830a77" caom2:metaProducer="gem2caom2/0.8">
  <caom2:collection>GEMINI</caom2:collection>
  <caom2:observationID>GS-2021A-Q-125-31-006</caom2:observationID>
  <caom2:metaRelease>2021-02-25T00:38:36.000</caom2:metaRelease>
  <caom2:algorithm>
    <caom2:name>exposure</caom2:name>
  </caom2:algorithm>
  <caom2:type>OBJECT</caom2:type>
  <caom2:intent>science</caom2:intent>
  <caom2:proposal>
    <caom2:id>GS-2021A-Q-125</caom2:id>
    <caom2:pi>Christopher Gelino</caom2:pi>
    <caom2:title>Determining the low-mass cutoff for star formation</caom2:title>
  </caom2:proposal>
  <caom2:target>
    <caom2:name>cw013002.44-305622.3</caom2:name>
    <caom2:type>field</caom2:type>
  </caom2:target>
  <caom2:telescope>
    <caom2:name>Gemini-South</caom2:name>
    <caom2:geoLocationX>1820184.0557473274</caom2:geoLocationX>
    <caom2:geoLocationY>-5208320.066618682</caom2:geoLocationY>
    <caom2:geoLocationZ>-3194829.197152751</caom2:geoLocationZ>
  </caom2:telescope>
  <caom2:instrument>
    <caom2:name>F2</caom2:name>
  </caom2:instrument>
  <caom2:planes>
    <caom2:plane caom2:id="a11c861b-f710-428e-9605-9357c1aa5306" caom2:lastModified="2021-02-25T19:28:31.680" caom2:maxLastModified="2021-02-25T19:28:31.680" caom2:metaChecksum="md5:bddd71fddc79e07c7f4c641b497c48d7" caom2:accMetaChecksum="md5:1b0f00d8ccfcf706d340d1cb61d0075f" caom2:metaProducer="gem2caom2/0.8">
      <caom2:productID>S20210225S0023</caom2:productID>
      <caom2:metaRelease>2021-02-25T00:38:36.000</caom2:metaRelease>
      <caom2:dataRelease>2022-02-25T00:00:00.000</caom2:dataRelease>
      <caom2:dataProductType>image</caom2:dataProductType>
      <caom2:calibrationLevel>1</caom2:calibrationLevel>
      <caom2:provenance>
        <caom2:name>Gemini Observatory Data</caom2:name>
        <caom2:project>Gemini Archive</caom2:project>
        <caom2:producer>Gemini Observatory</caom2:producer>
        <caom2:reference>http://archive.gemini.edu/searchform/GS-2021A-Q-125-31-006</caom2:reference>
      </caom2:provenance>
      <caom2:artifacts>
        <caom2:artifact caom2:id="731d20f9-ffe8-4fa0-ba67-d7470d86fb20" caom2:lastModified="2021-02-25T19:28:31.680" caom2:maxLastModified="2021-02-25T19:28:31.680" caom2:metaChecksum="md5:18f281391e1273a174b429219ac6429f" caom2:accMetaChecksum="md5:b2f68efbd53dfc54352a81228bb0b2e4" caom2:metaProducer="gem2caom2/0.8">
          <caom2:uri>gemini:GEMINI/S20210225S0023.fits</caom2:uri>
          <caom2:productType>science</caom2:productType>
          <caom2:releaseType>data</caom2:releaseType>
          <caom2:contentType>application/fits</caom2:contentType>
          <caom2:contentLength>16801920</caom2:contentLength>
          <caom2:contentChecksum>md5:d5179e288b7b19cb98f3891763efd58a</caom2:contentChecksum>
          <caom2:parts>
            <caom2:part caom2:id="0629d6f9-4777-491c-838e-604e91db65dd" caom2:lastModified="2021-02-25T19:28:31.680" caom2:maxLastModified="2021-02-25T19:28:31.680" caom2:metaChecksum="md5:3dc0385156d91304e09186ccde5340a4" caom2:accMetaChecksum="md5:09a667d49a7b6224274f6673ba7bdd96">
              <caom2:name>0</caom2:name>
              <caom2:chunks/>
            </caom2:part>
          </caom2:parts>
        </caom2:artifact>
      </caom2:artifacts>
    </caom2:plane>
  </caom2:planes>
</caom2:Observation>
